ASxxxx Linker V03.00 + NoICE + sdld,  page 1.
Hexadecimal  [32-Bits]

Area                                    Addr        Size        Decimal Bytes (Attributes)
--------------------------------        ----        ----        ------- ----- ------------
CABS                                00000000    00000000 =           0. bytes (ABS,CON,CODE)

      Value  Global                              Global Defined In Module
      -----  --------------------------------   ------------------------
C:   00000000  l_BIT_BANK                      
C:   00000000  l_BSEG                          
C:   00000000  l_BSEG_BYTES                    
C:   00000000  l_CABS                          
C:   00000000  l_GSINIT1                       
C:   00000000  l_GSINIT5                       
C:   00000000  l_IABS                          
C:   00000000  l_ISEG                          
C:   00000000  l_PSEG                          
C:   00000000  l_REG_BANK_1                    
C:   00000000  l_REG_BANK_2                    
C:   00000000  l_REG_BANK_3                    
C:   00000000  l_RSEG                          
C:   00000000  l_RSEG0                         
C:   00000000  l_RSEG1                         
C:   00000000  l_XABS                          
C:   00000000  l_XINIT                         
C:   00000000  l_XISEG                         
C:   00000000  l_XSEG                          
C:   00000000  l__CODE                         
C:   00000000  s_BSEG                          
C:   00000000  s_CABS                          
C:   00000000  s_DSEG                          
C:   00000000  s_HOME                          
C:   00000000  s_IABS                          
C:   00000000  s_ISEG                          
C:   00000000  s_REG_BANK_0                    
C:   00000000  s_RSEG                          
C:   00000000  s_RSEG0                         
C:   00000000  s_RSEG1                         
C:   00000000  s_XABS                          
C:   00000001  s_PSEG                          
C:   00000001  s_XISEG                         
C:   00000001  s_XSEG                          
C:   00000002  l_OSEG                          
C:   00000003  l_GSFINAL                       
C:   00000003  l_GSINIT                        
C:   00000003  l_GSINIT0                       
C:   00000008  l_REG_BANK_0                    
C:   00000008  s_REG_BANK_1                    
C:   0000000A  l_GSINIT2                       
C:   0000000B  s_OSEG                          
C:   0000000C  l_CONST                         
C:   0000000D  s_SSEG                          
C:   00000010  s_REG_BANK_2                    
C:   00000018  s_BIT_BANK                      
C:   00000018  s_REG_BANK_3                    
C:   00000020  s_BSEG_BYTES                    
C:   00000020  s__CODE                         
C:   00000022  l_GSINIT3                       
ASxxxx Linker V03.00 + NoICE + sdld,  page 2.
Hexadecimal  [32-Bits]

Area                                    Addr        Size        Decimal Bytes (Attributes)
--------------------------------        ----        ----        ------- ----- ------------
CABS                                00000000    00000000 =           0. bytes (ABS,CON,CODE)

      Value  Global                              Global Defined In Module
      -----  --------------------------------   ------------------------
C:   0000002A  l_GSINIT4                       
C:   00000031  l_HOME                          
C:   00000031  s_GSINIT0                       
C:   00000034  s_GSINIT1                       
C:   00000034  s_GSINIT2                       
C:   0000003E  s_GSINIT3                       
C:   00000060  s_GSINIT4                       
C:   00000080  l_DSEG                          
C:   0000008A  s_GSINIT                        
C:   0000008A  s_GSINIT5                       
C:   0000008D  s_GSFINAL                       
C:   00000090  s_CSEG                          
C:   000000F3  l_SSEG                          
C:   00000100  l_IRAM                          
C:   000001AF  l_CSEG                          
C:   0000023F  s_CONST                         
C:   0000024B  s_XINIT                         

ASxxxx Linker V03.00 + NoICE + sdld,  page 3.
Hexadecimal  [32-Bits]

Area                                    Addr        Size        Decimal Bytes (Attributes)
--------------------------------        ----        ----        ------- ----- ------------
.  .ABS.                            00000000    00000000 =           0. bytes (ABS,CON)

      Value  Global                              Global Defined In Module
      -----  --------------------------------   ------------------------
     00000000  .__.ABS.                           _startup
     00000080  G$P0$0$0                           main
     00000080  G$P0_0$0$0                         main
     00000080  _P0                                main
     00000080  _P0_0                              main
     00000081  G$P0_1$0$0                         main
     00000081  G$SP$0$0                           main
     00000081  _P0_1                              main
     00000081  _SP                                main
     00000082  G$DPL$0$0                          main
     00000082  G$P0_2$0$0                         main
     00000082  _DPL                               main
     00000082  _P0_2                              main
     00000083  G$DPH$0$0                          main
     00000083  G$P0_3$0$0                         main
     00000083  _DPH                               main
     00000083  _P0_3                              main
     00000084  G$P0_4$0$0                         main
     00000084  G$SFRPAGE$0$0                      main
     00000084  _P0_4                              main
     00000084  _SFRPAGE                           main
     00000085  G$P0_5$0$0                         main
     00000085  G$SFRNEXT$0$0                      main
     00000085  _P0_5                              main
     00000085  _SFRNEXT                           main
     00000086  G$P0_6$0$0                         main
     00000086  G$SFRLAST$0$0                      main
     00000086  _P0_6                              main
     00000086  _SFRLAST                           main
     00000087  G$P0_7$0$0                         main
     00000087  G$PCON$0$0                         main
     00000087  _P0_7                              main
     00000087  _PCON                              main
     00000088  G$CP0HYN0$0$0                      main
     00000088  G$CP1HYN0$0$0                      main
     00000088  G$CP2HYN0$0$0                      main
     00000088  G$CPT0CN$0$0                       main
     00000088  G$CPT1CN$0$0                       main
     00000088  G$CPT2CN$0$0                       main
     00000088  G$IT0$0$0                          main
     00000088  G$TCON$0$0                         main
     00000088  _CP0HYN0                           main
     00000088  _CP1HYN0                           main
     00000088  _CP2HYN0                           main
     00000088  _CPT0CN                            main
     00000088  _CPT1CN                            main
     00000088  _CPT2CN                            main
     00000088  _IT0                               main
     00000088  _TCON                              main
     00000089  G$CP0HYN1$0$0                      main
ASxxxx Linker V03.00 + NoICE + sdld,  page 4.
Hexadecimal  [32-Bits]

Area                                    Addr        Size        Decimal Bytes (Attributes)
--------------------------------        ----        ----        ------- ----- ------------
.  .ABS.                            00000000    00000000 =           0. bytes (ABS,CON)

      Value  Global                              Global Defined In Module
      -----  --------------------------------   ------------------------
     00000089  G$CP1HYN1$0$0                      main
     00000089  G$CP2HYN1$0$0                      main
     00000089  G$CPT0MD$0$0                       main
     00000089  G$CPT1MD$0$0                       main
     00000089  G$CPT2MD$0$0                       main
     00000089  G$IE0$0$0                          main
     00000089  G$TMOD$0$0                         main
     00000089  _CP0HYN1                           main
     00000089  _CP1HYN1                           main
     00000089  _CP2HYN1                           main
     00000089  _CPT0MD                            main
     00000089  _CPT1MD                            main
     00000089  _CPT2MD                            main
     00000089  _IE0                               main
     00000089  _TMOD                              main
     0000008A  G$CP0HYP0$0$0                      main
     0000008A  G$CP1HYP0$0$0                      main
     0000008A  G$CP2HYP0$0$0                      main
     0000008A  G$IT1$0$0                          main
     0000008A  G$OSCICN$0$0                       main
     0000008A  G$TL0$0$0                          main
     0000008A  _CP0HYP0                           main
     0000008A  _CP1HYP0                           main
     0000008A  _CP2HYP0                           main
     0000008A  _IT1                               main
     0000008A  _OSCICN                            main
     0000008A  _TL0                               main
     0000008B  G$CP0HYP1$0$0                      main
     0000008B  G$CP1HYP1$0$0                      main
     0000008B  G$CP2HYP1$0$0                      main
     0000008B  G$IE1$0$0                          main
     0000008B  G$OSCICL$0$0                       main
     0000008B  G$TL1$0$0                          main
     0000008B  _CP0HYP1                           main
     0000008B  _CP1HYP1                           main
     0000008B  _CP2HYP1                           main
     0000008B  _IE1                               main
     0000008B  _OSCICL                            main
     0000008B  _TL1                               main
     0000008C  G$CP0FIF$0$0                       main
     0000008C  G$CP1FIF$0$0                       main
     0000008C  G$CP2FIF$0$0                       main
     0000008C  G$OSCXCN$0$0                       main
     0000008C  G$TH0$0$0                          main
     0000008C  G$TR0$0$0                          main
     0000008C  _CP0FIF                            main
     0000008C  _CP1FIF                            main
     0000008C  _CP2FIF                            main
     0000008C  _OSCXCN                            main
     0000008C  _TH0                               main
     0000008C  _TR0                               main
ASxxxx Linker V03.00 + NoICE + sdld,  page 5.
Hexadecimal  [32-Bits]

Area                                    Addr        Size        Decimal Bytes (Attributes)
--------------------------------        ----        ----        ------- ----- ------------
.  .ABS.                            00000000    00000000 =           0. bytes (ABS,CON)

      Value  Global                              Global Defined In Module
      -----  --------------------------------   ------------------------
     0000008D  G$CP0RIF$0$0                       main
     0000008D  G$CP1RIF$0$0                       main
     0000008D  G$CP2RIF$0$0                       main
     0000008D  G$TF0$0$0                          main
     0000008D  G$TH1$0$0                          main
     0000008D  _CP0RIF                            main
     0000008D  _CP1RIF                            main
     0000008D  _CP2RIF                            main
     0000008D  _TF0                               main
     0000008D  _TH1                               main
     0000008E  G$CKCON$0$0                        main
     0000008E  G$CP0OUT$0$0                       main
     0000008E  G$CP1OUT$0$0                       main
     0000008E  G$CP2OUT$0$0                       main
     0000008E  G$TR1$0$0                          main
     0000008E  _CKCON                             main
     0000008E  _CP0OUT                            main
     0000008E  _CP1OUT                            main
     0000008E  _CP2OUT                            main
     0000008E  _TR1                               main
     0000008F  G$CP0EN$0$0                        main
     0000008F  G$CP1EN$0$0                        main
     0000008F  G$CP2EN$0$0                        main
     0000008F  G$PSCTL$0$0                        main
     0000008F  G$TF1$0$0                          main
     0000008F  _CP0EN                             main
     0000008F  _CP1EN                             main
     0000008F  _CP2EN                             main
     0000008F  _PSCTL                             main
     0000008F  _TF1                               main
     00000090  G$P1$0$0                           main
     00000090  G$P1_0$0$0                         main
     00000090  _P1                                main
     00000090  _P1_0                              main
     00000091  G$P1_1$0$0                         main
     00000091  G$SSTA0$0$0                        main
     00000091  _P1_1                              main
     00000091  _SSTA0                             main
     00000092  G$P1_2$0$0                         main
     00000092  _P1_2                              main
     00000093  G$P1_3$0$0                         main
     00000093  _P1_3                              main
     00000094  G$P1_4$0$0                         main
     00000094  _P1_4                              main
     00000095  G$P1_5$0$0                         main
     00000095  _P1_5                              main
     00000096  G$P1_6$0$0                         main
     00000096  G$SFRPGCN$0$0                      main
     00000096  _P1_6                              main
     00000096  _SFRPGCN                           main
     00000097  G$CLKSEL$0$0                       main
ASxxxx Linker V03.00 + NoICE + sdld,  page 6.
Hexadecimal  [32-Bits]

Area                                    Addr        Size        Decimal Bytes (Attributes)
--------------------------------        ----        ----        ------- ----- ------------
.  .ABS.                            00000000    00000000 =           0. bytes (ABS,CON)

      Value  Global                              Global Defined In Module
      -----  --------------------------------   ------------------------
     00000097  G$P1_7$0$0                         main
     00000097  _CLKSEL                            main
     00000097  _P1_7                              main
     00000098  G$RI0$0$0                          main
     00000098  G$RI1$0$0                          main
     00000098  G$SCON0$0$0                        main
     00000098  G$SCON1$0$0                        main
     00000098  _RI0                               main
     00000098  _RI1                               main
     00000098  _SCON0                             main
     00000098  _SCON1                             main
     00000099  G$SBUF0$0$0                        main
     00000099  G$SBUF1$0$0                        main
     00000099  G$TI0$0$0                          main
     00000099  G$TI1$0$0                          main
     00000099  _SBUF0                             main
     00000099  _SBUF1                             main
     00000099  _TI0                               main
     00000099  _TI1                               main
     0000009A  G$RB80$0$0                         main
     0000009A  G$RB81$0$0                         main
     0000009A  G$SPI0CFG$0$0                      main
     0000009A  _RB80                              main
     0000009A  _RB81                              main
     0000009A  _SPI0CFG                           main
     0000009B  G$SPI0DAT$0$0                      main
     0000009B  G$TB80$0$0                         main
     0000009B  G$TB81$0$0                         main
     0000009B  _SPI0DAT                           main
     0000009B  _TB80                              main
     0000009B  _TB81                              main
     0000009C  G$P4MDOUT$0$0                      main
     0000009C  G$REN0$0$0                         main
     0000009C  G$REN1$0$0                         main
     0000009C  _P4MDOUT                           main
     0000009C  _REN0                              main
     0000009C  _REN1                              main
     0000009D  G$MCE1$0$0                         main
     0000009D  G$P5MDOUT$0$0                      main
     0000009D  G$SM20$0$0                         main
     0000009D  G$SPI0CKR$0$0                      main
     0000009D  _MCE1                              main
     0000009D  _P5MDOUT                           main
     0000009D  _SM20                              main
     0000009D  _SPI0CKR                           main
     0000009E  G$P6MDOUT$0$0                      main
     0000009E  G$SM10$0$0                         main
     0000009E  _P6MDOUT                           main
     0000009E  _SM10                              main
     0000009F  G$P7MDOUT$0$0                      main
     0000009F  G$S1MODE$0$0                       main
ASxxxx Linker V03.00 + NoICE + sdld,  page 7.
Hexadecimal  [32-Bits]

Area                                    Addr        Size        Decimal Bytes (Attributes)
--------------------------------        ----        ----        ------- ----- ------------
.  .ABS.                            00000000    00000000 =           0. bytes (ABS,CON)

      Value  Global                              Global Defined In Module
      -----  --------------------------------   ------------------------
     0000009F  G$SM00$0$0                         main
     0000009F  _P7MDOUT                           main
     0000009F  _S1MODE                            main
     0000009F  _SM00                              main
     000000A0  G$P2$0$0                           main
     000000A0  G$P2_0$0$0                         main
     000000A0  _P2                                main
     000000A0  _P2_0                              main
     000000A1  G$EMI0TC$0$0                       main
     000000A1  G$P2_1$0$0                         main
     000000A1  _EMI0TC                            main
     000000A1  _P2_1                              main
     000000A2  G$EMI0CN$0$0                       main
     000000A2  G$P2_2$0$0                         main
     000000A2  G$_XPAGE$0$0                       main
     000000A2  _EMI0CN                            main
     000000A2  _P2_2                              main
     000000A2  __XPAGE                            main
     000000A3  G$EMI0CF$0$0                       main
     000000A3  G$P2_3$0$0                         main
     000000A3  _EMI0CF                            main
     000000A3  _P2_3                              main
     000000A4  G$P0MDOUT$0$0                      main
     000000A4  G$P2_4$0$0                         main
     000000A4  _P0MDOUT                           main
     000000A4  _P2_4                              main
     000000A5  G$P1MDOUT$0$0                      main
     000000A5  G$P2_5$0$0                         main
     000000A5  _P1MDOUT                           main
     000000A5  _P2_5                              main
     000000A6  G$P2MDOUT$0$0                      main
     000000A6  G$P2_6$0$0                         main
     000000A6  _P2MDOUT                           main
     000000A6  _P2_6                              main
     000000A7  G$P2_7$0$0                         main
     000000A7  G$P3MDOUT$0$0                      main
     000000A7  _P2_7                              main
     000000A7  _P3MDOUT                           main
     000000A8  G$EX0$0$0                          main
     000000A8  G$IE$0$0                           main
     000000A8  _EX0                               main
     000000A8  _IE                                main
     000000A9  G$ET0$0$0                          main
     000000A9  G$SADDR0$0$0                       main
     000000A9  G$SADDR1$0$0                       main
     000000A9  _ET0                               main
     000000A9  _SADDR0                            main
     000000A9  _SADDR1                            main
     000000AA  G$EX1$0$0                          main
     000000AA  _EX1                               main
     000000AB  G$ET1$0$0                          main
ASxxxx Linker V03.00 + NoICE + sdld,  page 8.
Hexadecimal  [32-Bits]

Area                                    Addr        Size        Decimal Bytes (Attributes)
--------------------------------        ----        ----        ------- ----- ------------
.  .ABS.                            00000000    00000000 =           0. bytes (ABS,CON)

      Value  Global                              Global Defined In Module
      -----  --------------------------------   ------------------------
     000000AB  _ET1                               main
     000000AC  G$ES0$0$0                          main
     000000AC  _ES0                               main
     000000AD  G$ET2$0$0                          main
     000000AD  G$P1MDIN$0$0                       main
     000000AD  _ET2                               main
     000000AD  _P1MDIN                            main
     000000AE  G$P2MDIN$0$0                       main
     000000AE  _P2MDIN                            main
     000000AF  G$EA$0$0                           main
     000000AF  G$P3MDIN$0$0                       main
     000000AF  _EA                                main
     000000AF  _P3MDIN                            main
     000000B0  G$P3$0$0                           main
     000000B0  G$P3_0$0$0                         main
     000000B0  _P3                                main
     000000B0  _P3_0                              main
     000000B1  G$P3_1$0$0                         main
     000000B1  _P3_1                              main
     000000B2  G$P3_2$0$0                         main
     000000B2  _P3_2                              main
     000000B3  G$P3_3$0$0                         main
     000000B3  _P3_3                              main
     000000B4  G$P3_4$0$0                         main
     000000B4  _P3_4                              main
     000000B5  G$P3_5$0$0                         main
     000000B5  _P3_5                              main
     000000B6  G$P3_6$0$0                         main
     000000B6  _P3_6                              main
     000000B7  G$FLACL$0$0                        main
     000000B7  G$FLSCL$0$0                        main
     000000B7  G$P3_7$0$0                         main
     000000B7  _FLACL                             main
     000000B7  _FLSCL                             main
     000000B7  _P3_7                              main
     000000B8  G$IP$0$0                           main
     000000B8  G$PX0$0$0                          main
     000000B8  _IP                                main
     000000B8  _PX0                               main
     000000B9  G$PT0$0$0                          main
     000000B9  G$SADEN0$0$0                       main
     000000B9  _PT0                               main
     000000B9  _SADEN0                            main
     000000BA  G$AMX0CF$0$0                       main
     000000BA  G$AMX2CF$0$0                       main
     000000BA  G$PX1$0$0                          main
     000000BA  _AMX0CF                            main
     000000BA  _AMX2CF                            main
     000000BA  _PX1                               main
     000000BB  G$AMX0SL$0$0                       main
     000000BB  G$AMX2SL$0$0                       main
ASxxxx Linker V03.00 + NoICE + sdld,  page 9.
Hexadecimal  [32-Bits]

Area                                    Addr        Size        Decimal Bytes (Attributes)
--------------------------------        ----        ----        ------- ----- ------------
.  .ABS.                            00000000    00000000 =           0. bytes (ABS,CON)

      Value  Global                              Global Defined In Module
      -----  --------------------------------   ------------------------
     000000BB  G$PT1$0$0                          main
     000000BB  _AMX0SL                            main
     000000BB  _AMX2SL                            main
     000000BB  _PT1                               main
     000000BC  G$ADC0CF$0$0                       main
     000000BC  G$ADC2CF$0$0                       main
     000000BC  G$PS0$0$0                          main
     000000BC  _ADC0CF                            main
     000000BC  _ADC2CF                            main
     000000BC  _PS0                               main
     000000BD  G$AMX0PRT$0$0                      main
     000000BD  G$PT2$0$0                          main
     000000BD  _AMX0PRT                           main
     000000BD  _PT2                               main
     000000BE  G$ADC0L$0$0                        main
     000000BE  G$ADC2$0$0                         main
     000000BE  _ADC0L                             main
     000000BE  _ADC2                              main
     000000BF  G$ADC0H$0$0                        main
     000000BF  _ADC0H                             main
     000000C0  G$CAN0STA$0$0                      main
     000000C0  G$LEC0$0$0                         main
     000000C0  G$SMB0CN$0$0                       main
     000000C0  G$SMBTOE$0$0                       main
     000000C0  _CAN0STA                           main
     000000C0  _LEC0                              main
     000000C0  _SMB0CN                            main
     000000C0  _SMBTOE                            main
     000000C1  G$LEC1$0$0                         main
     000000C1  G$SMB0STA$0$0                      main
     000000C1  G$SMBFTE$0$0                       main
     000000C1  _LEC1                              main
     000000C1  _SMB0STA                           main
     000000C1  _SMBFTE                            main
     000000C2  G$AA$0$0                           main
     000000C2  G$LEC2$0$0                         main
     000000C2  G$SMB0DAT$0$0                      main
     000000C2  _AA                                main
     000000C2  _LEC2                              main
     000000C2  _SMB0DAT                           main
     000000C3  G$SI$0$0                           main
     000000C3  G$SMB0ADR$0$0                      main
     000000C3  G$TXOK$0$0                         main
     000000C3  _SI                                main
     000000C3  _SMB0ADR                           main
     000000C3  _TXOK                              main
     000000C4  G$ADC0GTL$0$0                      main
     000000C4  G$ADC2GT$0$0                       main
     000000C4  G$RXOK$0$0                         main
     000000C4  G$STO$0$0                          main
     000000C4  _ADC0GTL                           main
ASxxxx Linker V03.00 + NoICE + sdld,  page 10.
Hexadecimal  [32-Bits]

Area                                    Addr        Size        Decimal Bytes (Attributes)
--------------------------------        ----        ----        ------- ----- ------------
.  .ABS.                            00000000    00000000 =           0. bytes (ABS,CON)

      Value  Global                              Global Defined In Module
      -----  --------------------------------   ------------------------
     000000C4  _ADC2GT                            main
     000000C4  _RXOK                              main
     000000C4  _STO                               main
     000000C5  G$ADC0GTH$0$0                      main
     000000C5  G$EPASS$0$0                        main
     000000C5  G$STA$0$0                          main
     000000C5  _ADC0GTH                           main
     000000C5  _EPASS                             main
     000000C5  _STA                               main
     000000C6  G$ADC0LTL$0$0                      main
     000000C6  G$ADC2LT$0$0                       main
     000000C6  G$ENSMB$0$0                        main
     000000C6  G$EWARN$0$0                        main
     000000C6  _ADC0LTL                           main
     000000C6  _ADC2LT                            main
     000000C6  _ENSMB                             main
     000000C6  _EWARN                             main
     000000C7  G$ADC0LTH$0$0                      main
     000000C7  G$BOFF$0$0                         main
     000000C7  G$BUSY$0$0                         main
     000000C7  _ADC0LTH                           main
     000000C7  _BOFF                              main
     000000C7  _BUSY                              main
     000000C8  G$CPRL2$0$0                        main
     000000C8  G$CPRL3$0$0                        main
     000000C8  G$CPRL4$0$0                        main
     000000C8  G$P4$0$0                           main
     000000C8  G$P4_0$0$0                         main
     000000C8  G$TMR2CN$0$0                       main
     000000C8  G$TMR3CN$0$0                       main
     000000C8  G$TMR4CN$0$0                       main
     000000C8  _CPRL2                             main
     000000C8  _CPRL3                             main
     000000C8  _CPRL4                             main
     000000C8  _P4                                main
     000000C8  _P4_0                              main
     000000C8  _TMR2CN                            main
     000000C8  _TMR3CN                            main
     000000C8  _TMR4CN                            main
     000000C9  G$CT2$0$0                          main
     000000C9  G$CT3$0$0                          main
     000000C9  G$CT4$0$0                          main
     000000C9  G$P4_1$0$0                         main
     000000C9  G$TMR2CF$0$0                       main
     000000C9  G$TMR3CF$0$0                       main
     000000C9  G$TMR4CF$0$0                       main
     000000C9  _CT2                               main
     000000C9  _CT3                               main
     000000C9  _CT4                               main
     000000C9  _P4_1                              main
     000000C9  _TMR2CF                            main
ASxxxx Linker V03.00 + NoICE + sdld,  page 11.
Hexadecimal  [32-Bits]

Area                                    Addr        Size        Decimal Bytes (Attributes)
--------------------------------        ----        ----        ------- ----- ------------
.  .ABS.                            00000000    00000000 =           0. bytes (ABS,CON)

      Value  Global                              Global Defined In Module
      -----  --------------------------------   ------------------------
     000000C9  _TMR3CF                            main
     000000C9  _TMR4CF                            main
     000000CA  G$P4_2$0$0                         main
     000000CA  G$RCAP2L$0$0                       main
     000000CA  G$RCAP3L$0$0                       main
     000000CA  G$RCAP4L$0$0                       main
     000000CA  G$TR2$0$0                          main
     000000CA  G$TR3$0$0                          main
     000000CA  G$TR4$0$0                          main
     000000CA  _P4_2                              main
     000000CA  _RCAP2L                            main
     000000CA  _RCAP3L                            main
     000000CA  _RCAP4L                            main
     000000CA  _TR2                               main
     000000CA  _TR3                               main
     000000CA  _TR4                               main
     000000CB  G$EXEN2$0$0                        main
     000000CB  G$EXEN3$0$0                        main
     000000CB  G$EXEN4$0$0                        main
     000000CB  G$P4_3$0$0                         main
     000000CB  G$RCAP2H$0$0                       main
     000000CB  G$RCAP3H$0$0                       main
     000000CB  G$RCAP4H$0$0                       main
     000000CB  _EXEN2                             main
     000000CB  _EXEN3                             main
     000000CB  _EXEN4                             main
     000000CB  _P4_3                              main
     000000CB  _RCAP2H                            main
     000000CB  _RCAP3H                            main
     000000CB  _RCAP4H                            main
     000000CC  G$P4_4$0$0                         main
     000000CC  G$TMR2L$0$0                        main
     000000CC  G$TMR3L$0$0                        main
     000000CC  G$TMR4L$0$0                        main
     000000CC  _P4_4                              main
     000000CC  _TMR2L                             main
     000000CC  _TMR3L                             main
     000000CC  _TMR4L                             main
     000000CD  G$P4_5$0$0                         main
     000000CD  G$TMR2H$0$0                        main
     000000CD  G$TMR3H$0$0                        main
     000000CD  G$TMR4H$0$0                        main
     000000CD  _P4_5                              main
     000000CD  _TMR2H                             main
     000000CD  _TMR3H                             main
     000000CD  _TMR4H                             main
     000000CE  G$EXF2$0$0                         main
     000000CE  G$EXF3$0$0                         main
     000000CE  G$EXF4$0$0                         main
     000000CE  G$P4_6$0$0                         main
     000000CE  _EXF2                              main
ASxxxx Linker V03.00 + NoICE + sdld,  page 12.
Hexadecimal  [32-Bits]

Area                                    Addr        Size        Decimal Bytes (Attributes)
--------------------------------        ----        ----        ------- ----- ------------
.  .ABS.                            00000000    00000000 =           0. bytes (ABS,CON)

      Value  Global                              Global Defined In Module
      -----  --------------------------------   ------------------------
     000000CE  _EXF3                              main
     000000CE  _EXF4                              main
     000000CE  _P4_6                              main
     000000CF  G$P4_7$0$0                         main
     000000CF  G$SMB0CR$0$0                       main
     000000CF  G$TF2$0$0                          main
     000000CF  G$TF3$0$0                          main
     000000CF  G$TF4$0$0                          main
     000000CF  _P4_7                              main
     000000CF  _SMB0CR                            main
     000000CF  _TF2                               main
     000000CF  _TF3                               main
     000000CF  _TF4                               main
     000000D0  G$P$0$0                            main
     000000D0  G$PSW$0$0                          main
     000000D0  _P                                 main
     000000D0  _PSW                               main
     000000D1  G$F1$0$0                           main
     000000D1  G$REF0CN$0$0                       main
     000000D1  _F1                                main
     000000D1  _REF0CN                            main
     000000D2  G$DAC0L$0$0                        main
     000000D2  G$DAC1L$0$0                        main
     000000D2  G$OV$0$0                           main
     000000D2  _DAC0L                             main
     000000D2  _DAC1L                             main
     000000D2  _OV                                main
     000000D3  G$DAC0H$0$0                        main
     000000D3  G$DAC1H$0$0                        main
     000000D3  G$RS0$0$0                          main
     000000D3  _DAC0H                             main
     000000D3  _DAC1H                             main
     000000D3  _RS0                               main
     000000D4  G$DAC0CN$0$0                       main
     000000D4  G$DAC1CN$0$0                       main
     000000D4  G$RS1$0$0                          main
     000000D4  _DAC0CN                            main
     000000D4  _DAC1CN                            main
     000000D4  _RS1                               main
     000000D5  G$F0$0$0                           main
     000000D5  _F0                                main
     000000D6  G$AC$0$0                           main
     000000D6  G$HVA0CN$0$0                       main
     000000D6  _AC                                main
     000000D6  _HVA0CN                            main
     000000D7  G$CY$0$0                           main
     000000D7  _CY                                main
     000000D8  G$CAN0DATL$0$0                     main
     000000D8  G$CCF0$0$0                         main
     000000D8  G$P5$0$0                           main
     000000D8  G$P5_0$0$0                         main
ASxxxx Linker V03.00 + NoICE + sdld,  page 13.
Hexadecimal  [32-Bits]

Area                                    Addr        Size        Decimal Bytes (Attributes)
--------------------------------        ----        ----        ------- ----- ------------
.  .ABS.                            00000000    00000000 =           0. bytes (ABS,CON)

      Value  Global                              Global Defined In Module
      -----  --------------------------------   ------------------------
     000000D8  G$PCA0CN$0$0                       main
     000000D8  _CAN0DATL                          main
     000000D8  _CCF0                              main
     000000D8  _P5                                main
     000000D8  _P5_0                              main
     000000D8  _PCA0CN                            main
     000000D9  G$CAN0DATH$0$0                     main
     000000D9  G$CCF1$0$0                         main
     000000D9  G$P5_1$0$0                         main
     000000D9  G$PCA0MD$0$0                       main
     000000D9  _CAN0DATH                          main
     000000D9  _CCF1                              main
     000000D9  _P5_1                              main
     000000D9  _PCA0MD                            main
     000000DA  G$CAN0ADR$0$0                      main
     000000DA  G$CCF2$0$0                         main
     000000DA  G$P5_2$0$0                         main
     000000DA  G$PCA0CPM0$0$0                     main
     000000DA  _CAN0ADR                           main
     000000DA  _CCF2                              main
     000000DA  _P5_2                              main
     000000DA  _PCA0CPM0                          main
     000000DB  G$CAN0TST$0$0                      main
     000000DB  G$CCF3$0$0                         main
     000000DB  G$P5_3$0$0                         main
     000000DB  G$PCA0CPM1$0$0                     main
     000000DB  _CAN0TST                           main
     000000DB  _CCF3                              main
     000000DB  _P5_3                              main
     000000DB  _PCA0CPM1                          main
     000000DC  G$CCF4$0$0                         main
     000000DC  G$P5_4$0$0                         main
     000000DC  G$PCA0CPM2$0$0                     main
     000000DC  _CCF4                              main
     000000DC  _P5_4                              main
     000000DC  _PCA0CPM2                          main
     000000DD  G$CCF5$0$0                         main
     000000DD  G$P5_5$0$0                         main
     000000DD  G$PCA0CPM3$0$0                     main
     000000DD  _CCF5                              main
     000000DD  _P5_5                              main
     000000DD  _PCA0CPM3                          main
     000000DE  G$CR$0$0                           main
     000000DE  G$P5_6$0$0                         main
     000000DE  G$PCA0CPM4$0$0                     main
     000000DE  _CR                                main
     000000DE  _P5_6                              main
     000000DE  _PCA0CPM4                          main
     000000DF  G$CF$0$0                           main
     000000DF  G$P5_7$0$0                         main
     000000DF  G$PCA0CPM5$0$0                     main
ASxxxx Linker V03.00 + NoICE + sdld,  page 14.
Hexadecimal  [32-Bits]

Area                                    Addr        Size        Decimal Bytes (Attributes)
--------------------------------        ----        ----        ------- ----- ------------
.  .ABS.                            00000000    00000000 =           0. bytes (ABS,CON)

      Value  Global                              Global Defined In Module
      -----  --------------------------------   ------------------------
     000000DF  _CF                                main
     000000DF  _P5_7                              main
     000000DF  _PCA0CPM5                          main
     000000E0  G$ACC$0$0                          main
     000000E0  _ACC                               main
     000000E1  G$PCA0CPL5$0$0                     main
     000000E1  G$XBR0$0$0                         main
     000000E1  _PCA0CPL5                          main
     000000E1  _XBR0                              main
     000000E2  G$PCA0CPH5$0$0                     main
     000000E2  G$XBR1$0$0                         main
     000000E2  _PCA0CPH5                          main
     000000E2  _XBR1                              main
     000000E3  G$XBR2$0$0                         main
     000000E3  _XBR2                              main
     000000E4  G$XBR3$0$0                         main
     000000E4  _XBR3                              main
     000000E6  G$EIE1$0$0                         main
     000000E6  _EIE1                              main
     000000E7  G$EIE2$0$0                         main
     000000E7  _EIE2                              main
     000000E8  G$AD0LJST$0$0                      main
     000000E8  G$AD2WINT$0$0                      main
     000000E8  G$ADC0CN$0$0                       main
     000000E8  G$ADC2CN$0$0                       main
     000000E8  G$P6$0$0                           main
     000000E8  G$P6_0$0$0                         main
     000000E8  _AD0LJST                           main
     000000E8  _AD2WINT                           main
     000000E8  _ADC0CN                            main
     000000E8  _ADC2CN                            main
     000000E8  _P6                                main
     000000E8  _P6_0                              main
     000000E9  G$AD0WINT$0$0                      main
     000000E9  G$AD2CM0$0$0                       main
     000000E9  G$P6_1$0$0                         main
     000000E9  G$PCA0CPL2$0$0                     main
     000000E9  _AD0WINT                           main
     000000E9  _AD2CM0                            main
     000000E9  _P6_1                              main
     000000E9  _PCA0CPL2                          main
     000000EA  G$AD0CM0$0$0                       main
     000000EA  G$AD2CM1$0$0                       main
     000000EA  G$P6_2$0$0                         main
     000000EA  G$PCA0CPH2$0$0                     main
     000000EA  _AD0CM0                            main
     000000EA  _AD2CM1                            main
     000000EA  _P6_2                              main
     000000EA  _PCA0CPH2                          main
     000000EB  G$AD0CM1$0$0                       main
     000000EB  G$AD2CM2$0$0                       main
ASxxxx Linker V03.00 + NoICE + sdld,  page 15.
Hexadecimal  [32-Bits]

Area                                    Addr        Size        Decimal Bytes (Attributes)
--------------------------------        ----        ----        ------- ----- ------------
.  .ABS.                            00000000    00000000 =           0. bytes (ABS,CON)

      Value  Global                              Global Defined In Module
      -----  --------------------------------   ------------------------
     000000EB  G$P6_3$0$0                         main
     000000EB  G$PCA0CPL3$0$0                     main
     000000EB  _AD0CM1                            main
     000000EB  _AD2CM2                            main
     000000EB  _P6_3                              main
     000000EB  _PCA0CPL3                          main
     000000EC  G$AD0BUSY$0$0                      main
     000000EC  G$AD2BUSY$0$0                      main
     000000EC  G$P6_4$0$0                         main
     000000EC  G$PCA0CPH3$0$0                     main
     000000EC  _AD0BUSY                           main
     000000EC  _AD2BUSY                           main
     000000EC  _P6_4                              main
     000000EC  _PCA0CPH3                          main
     000000ED  G$AD0INT$0$0                       main
     000000ED  G$AD2INT$0$0                       main
     000000ED  G$P6_5$0$0                         main
     000000ED  G$PCA0CPL4$0$0                     main
     000000ED  _AD0INT                            main
     000000ED  _AD2INT                            main
     000000ED  _P6_5                              main
     000000ED  _PCA0CPL4                          main
     000000EE  G$AD0TM$0$0                        main
     000000EE  G$AD2TM$0$0                        main
     000000EE  G$P6_6$0$0                         main
     000000EE  G$PCA0CPH4$0$0                     main
     000000EE  _AD0TM                             main
     000000EE  _AD2TM                             main
     000000EE  _P6_6                              main
     000000EE  _PCA0CPH4                          main
     000000EF  G$AD0EN$0$0                        main
     000000EF  G$AD2EN$0$0                        main
     000000EF  G$P6_7$0$0                         main
     000000EF  G$RSTSRC$0$0                       main
     000000EF  _AD0EN                             main
     000000EF  _AD2EN                             main
     000000EF  _P6_7                              main
     000000EF  _RSTSRC                            main
     000000F0  G$B$0$0                            main
     000000F0  _B                                 main
     000000F6  G$EIP1$0$0                         main
     000000F6  _EIP1                              main
     000000F7  G$EIP2$0$0                         main
     000000F7  _EIP2                              main
     000000F8  G$CAN0CN$0$0                       main
     000000F8  G$CANINIT$0$0                      main
     000000F8  G$P7$0$0                           main
     000000F8  G$P7_0$0$0                         main
     000000F8  G$SPI0CN$0$0                       main
     000000F8  G$SPIEN$0$0                        main
     000000F8  _CAN0CN                            main
ASxxxx Linker V03.00 + NoICE + sdld,  page 16.
Hexadecimal  [32-Bits]

Area                                    Addr        Size        Decimal Bytes (Attributes)
--------------------------------        ----        ----        ------- ----- ------------
.  .ABS.                            00000000    00000000 =           0. bytes (ABS,CON)

      Value  Global                              Global Defined In Module
      -----  --------------------------------   ------------------------
     000000F8  _CANINIT                           main
     000000F8  _P7                                main
     000000F8  _P7_0                              main
     000000F8  _SPI0CN                            main
     000000F8  _SPIEN                             main
     000000F9  G$CANIE$0$0                        main
     000000F9  G$P7_1$0$0                         main
     000000F9  G$PCA0L$0$0                        main
     000000F9  G$TXBMT$0$0                        main
     000000F9  _CANIE                             main
     000000F9  _P7_1                              main
     000000F9  _PCA0L                             main
     000000F9  _TXBMT                             main
     000000FA  G$CANSIE$0$0                       main
     000000FA  G$NSSMD0$0$0                       main
     000000FA  G$P7_2$0$0                         main
     000000FA  G$PCA0H$0$0                        main
     000000FA  _CANSIE                            main
     000000FA  _NSSMD0                            main
     000000FA  _P7_2                              main
     000000FA  _PCA0H                             main
     000000FB  G$CANEIE$0$0                       main
     000000FB  G$NSSMD1$0$0                       main
     000000FB  G$P7_3$0$0                         main
     000000FB  G$PCA0CPL0$0$0                     main
     000000FB  _CANEIE                            main
     000000FB  _NSSMD1                            main
     000000FB  _P7_3                              main
     000000FB  _PCA0CPL0                          main
     000000FC  G$CANIF$0$0                        main
     000000FC  G$P7_4$0$0                         main
     000000FC  G$PCA0CPH0$0$0                     main
     000000FC  G$RXOVRN$0$0                       main
     000000FC  _CANIF                             main
     000000FC  _P7_4                              main
     000000FC  _PCA0CPH0                          main
     000000FC  _RXOVRN                            main
     000000FD  G$CANDAR$0$0                       main
     000000FD  G$MODF$0$0                         main
     000000FD  G$P7_5$0$0                         main
     000000FD  G$PCA0CPL1$0$0                     main
     000000FD  _CANDAR                            main
     000000FD  _MODF                              main
     000000FD  _P7_5                              main
     000000FD  _PCA0CPL1                          main
     000000FE  G$CANCCE$0$0                       main
     000000FE  G$P7_6$0$0                         main
     000000FE  G$PCA0CPH1$0$0                     main
     000000FE  G$WCOL$0$0                         main
     000000FE  _CANCCE                            main
     000000FE  _P7_6                              main
ASxxxx Linker V03.00 + NoICE + sdld,  page 17.
Hexadecimal  [32-Bits]

Area                                    Addr        Size        Decimal Bytes (Attributes)
--------------------------------        ----        ----        ------- ----- ------------
.  .ABS.                            00000000    00000000 =           0. bytes (ABS,CON)

      Value  Global                              Global Defined In Module
      -----  --------------------------------   ------------------------
     000000FE  _PCA0CPH1                          main
     000000FE  _WCOL                              main
     000000FF  G$CANTEST$0$0                      main
     000000FF  G$P7_7$0$0                         main
     000000FF  G$SPIF$0$0                         main
     000000FF  G$WDTCN$0$0                        main
     000000FF  _CANTEST                           main
     000000FF  _P7_7                              main
     000000FF  _SPIF                              main
     000000FF  _WDTCN                             main
     00008382  G$DP$0$0                           main
     00008382  _DP                                main
     0000BFBE  G$ADC0$0$0                         main
     0000BFBE  _ADC0                              main
     0000C5C4  G$ADC0GT$0$0                       main
     0000C5C4  _ADC0GT                            main
     0000C7C6  G$ADC0LT$0$0                       main
     0000C7C6  _ADC0LT                            main
     0000CBCA  G$RCAP2$0$0                        main
     0000CBCA  G$RCAP3$0$0                        main
     0000CBCA  G$RCAP4$0$0                        main
     0000CBCA  _RCAP2                             main
     0000CBCA  _RCAP3                             main
     0000CBCA  _RCAP4                             main
     0000CDCC  G$TMR2$0$0                         main
     0000CDCC  G$TMR3$0$0                         main
     0000CDCC  G$TMR4$0$0                         main
     0000CDCC  _TMR2                              main
     0000CDCC  _TMR3                              main
     0000CDCC  _TMR4                              main
     0000D3D2  G$DAC0$0$0                         main
     0000D3D2  G$DAC1$0$0                         main
     0000D3D2  _DAC0                              main
     0000D3D2  _DAC1                              main
     0000D9D8  G$CAN0DAT$0$0                      main
     0000D9D8  _CAN0DAT                           main
     0000E2E1  G$PCA0CP5$0$0                      main
     0000E2E1  _PCA0CP5                           main
     0000EAE9  G$PCA0CP2$0$0                      main
     0000EAE9  _PCA0CP2                           main
     0000ECEB  G$PCA0CP3$0$0                      main
     0000ECEB  _PCA0CP3                           main
     0000EEED  G$PCA0CP4$0$0                      main
     0000EEED  _PCA0CP4                           main
     0000FAF9  G$PCA0$0$0                         main
     0000FAF9  _PCA0                              main
     0000FCFB  G$PCA0CP0$0$0                      main
     0000FCFB  _PCA0CP0                           main
     0000FEFD  G$PCA0CP1$0$0                      main
     0000FEFD  _PCA0CP1                           main

ASxxxx Linker V03.00 + NoICE + sdld,  page 18.
Hexadecimal  [32-Bits]

Area                                    Addr        Size        Decimal Bytes (Attributes)
--------------------------------        ----        ----        ------- ----- ------------
REG_BANK_0                          00000000    00000008 =           8. bytes (REL,OVR)

      Value  Global                              Global Defined In Module
      -----  --------------------------------   ------------------------
ASxxxx Linker V03.00 + NoICE + sdld,  page 19.
Hexadecimal  [32-Bits]

Area                                    Addr        Size        Decimal Bytes (Attributes)
--------------------------------        ----        ----        ------- ----- ------------
DSEG                                00000000    00000080 =         128. bytes (REL,CON)

      Value  Global                              Global Defined In Module
      -----  --------------------------------   ------------------------
     00000008  G$alg_E$0$0                        main
     00000008  _alg_E                             main
     00000009  G$alg_D$0$0                        main
     00000009  _alg_D                             main
     0000000A  Lmain.sync_disp$cont_algs$1$15     main

ASxxxx Linker V03.00 + NoICE + sdld,  page 20.
Hexadecimal  [32-Bits]

Area                                    Addr        Size        Decimal Bytes (Attributes)
--------------------------------        ----        ----        ------- ----- ------------
OSEG                                0000000B    00000002 =           2. bytes (REL,OVR)

      Value  Global                              Global Defined In Module
      -----  --------------------------------   ------------------------
     0000000B  __divsint_PARM_2                   _divuint
     0000000B  __divuint_PARM_2                   _divuint
     0000000B  __modsint_PARM_2                   _moduint
     0000000B  __moduint_PARM_2                   _moduint

ASxxxx Linker V03.00 + NoICE + sdld,  page 21.
Hexadecimal  [32-Bits]

Area                                    Addr        Size        Decimal Bytes (Attributes)
--------------------------------        ----        ----        ------- ----- ------------
SSEG                                0000000D    000000F3 =         243. bytes (REL,OVR)

      Value  Global                              Global Defined In Module
      -----  --------------------------------   ------------------------
     0000000D  __start__stack                     main

ASxxxx Linker V03.00 + NoICE + sdld,  page 22.
Hexadecimal  [32-Bits]

Area                                    Addr        Size        Decimal Bytes (Attributes)
--------------------------------        ----        ----        ------- ----- ------------
HOME                                00000000    00000031 =          49. bytes (REL,CON,CODE)

      Value  Global                              Global Defined In Module
      -----  --------------------------------   ------------------------
C:   00000000  A$main$1252                        main
C:   00000003  A$main$1253                        main
C:   0000000B  A$main$1255                        main
C:   00000013  A$main$1257                        main
C:   0000001B  A$main$1259                        main
C:   00000023  A$main$1261                        main
C:   0000002B  A$main$1263                        main
C:   0000002E  A$main$1294                        main
C:   0000002E  __sdcc_program_startup             main
ASxxxx Linker V03.00 + NoICE + sdld,  page 23.
Hexadecimal  [32-Bits]

Area                                    Addr        Size        Decimal Bytes (Attributes)
--------------------------------        ----        ----        ------- ----- ------------
GSINIT0                             00000031    00000003 =           3. bytes (REL,CON,CODE)

      Value  Global                              Global Defined In Module
      -----  --------------------------------   ------------------------
C:   00000031  __sdcc_gsinit_startup              

ASxxxx Linker V03.00 + NoICE + sdld,  page 24.
Hexadecimal  [32-Bits]

Area                                    Addr        Size        Decimal Bytes (Attributes)
--------------------------------        ----        ----        ------- ----- ------------
GSINIT2                             00000034    0000000A =          10. bytes (REL,CON,CODE)

      Value  Global                              Global Defined In Module
      -----  --------------------------------   ------------------------
ASxxxx Linker V03.00 + NoICE + sdld,  page 25.
Hexadecimal  [32-Bits]

Area                                    Addr        Size        Decimal Bytes (Attributes)
--------------------------------        ----        ----        ------- ----- ------------
GSINIT3                             0000003E    00000022 =          34. bytes (REL,CON,CODE)

      Value  Global                              Global Defined In Module
      -----  --------------------------------   ------------------------
C:   0000003E  __mcs51_genXINIT                   

ASxxxx Linker V03.00 + NoICE + sdld,  page 26.
Hexadecimal  [32-Bits]

Area                                    Addr        Size        Decimal Bytes (Attributes)
--------------------------------        ----        ----        ------- ----- ------------
GSINIT4                             00000060    0000002A =          42. bytes (REL,CON,CODE)

      Value  Global                              Global Defined In Module
      -----  --------------------------------   ------------------------
C:   00000060  __mcs51_genRAMCLEAR                
C:   00000066  __mcs51_genXRAMCLEAR               

ASxxxx Linker V03.00 + NoICE + sdld,  page 27.
Hexadecimal  [32-Bits]

Area                                    Addr        Size        Decimal Bytes (Attributes)
--------------------------------        ----        ----        ------- ----- ------------
GSINIT                              0000008A    00000003 =           3. bytes (REL,CON,CODE)

      Value  Global                              Global Defined In Module
      -----  --------------------------------   ------------------------
C:   0000008A  A$main$1285                        main
C:   0000008A  C$main.c$24$1$15                   main

ASxxxx Linker V03.00 + NoICE + sdld,  page 28.
Hexadecimal  [32-Bits]

Area                                    Addr        Size        Decimal Bytes (Attributes)
--------------------------------        ----        ----        ------- ----- ------------
GSFINAL                             0000008D    00000003 =           3. bytes (REL,CON,CODE)

      Value  Global                              Global Defined In Module
      -----  --------------------------------   ------------------------
C:   0000008D  A$main$1287                        main

ASxxxx Linker V03.00 + NoICE + sdld,  page 29.
Hexadecimal  [32-Bits]

Area                                    Addr        Size        Decimal Bytes (Attributes)
--------------------------------        ----        ----        ------- ----- ------------
CSEG                                00000090    000001AF =         431. bytes (REL,CON,CODE)

      Value  Global                              Global Defined In Module
      -----  --------------------------------   ------------------------
C:   00000090  A$main$1320                        main
C:   00000090  C$config.c$10$0$0                  main
C:   00000090  C$config.c$12$1$1                  main
C:   00000090  G$Reset_Sources_Init$0$0           main
C:   00000090  _Reset_Sources_Init                main
C:   00000093  A$main$1323                        main
C:   00000093  C$config.c$13$1$1                  main
C:   00000096  A$main$1326                        main
C:   00000096  C$config.c$14$1$1                  main
C:   00000096  XG$Reset_Sources_Init$0$0          main
C:   00000097  A$main$1339                        main
C:   00000097  C$config.c$16$1$1                  main
C:   00000097  C$config.c$18$1$2                  main
C:   00000097  G$Timer_Init$0$0                   main
C:   00000097  _Timer_Init                        main
C:   0000009A  A$main$1342                        main
C:   0000009A  C$config.c$19$1$2                  main
C:   0000009D  A$main$1345                        main
C:   0000009D  C$config.c$20$1$2                  main
C:   000000A0  A$main$1348                        main
C:   000000A0  C$config.c$21$1$2                  main
C:   000000A0  XG$Timer_Init$0$0                  main
C:   000000A1  A$main$1361                        main
C:   000000A1  C$config.c$23$1$2                  main
C:   000000A1  C$config.c$61$1$3                  main
C:   000000A1  G$Port_IO_Init$0$0                 main
C:   000000A1  _Port_IO_Init                      main
C:   000000A4  A$main$1364                        main
C:   000000A4  C$config.c$62$1$3                  main
C:   000000A7  A$main$1367                        main
C:   000000A7  C$config.c$63$1$3                  main
C:   000000AA  A$main$1370                        main
C:   000000AA  C$config.c$64$1$3                  main
C:   000000AD  A$main$1373                        main
C:   000000AD  C$config.c$65$1$3                  main
C:   000000B0  A$main$1376                        main
C:   000000B0  C$config.c$66$1$3                  main
C:   000000B3  A$main$1379                        main
C:   000000B3  C$config.c$67$1$3                  main
C:   000000B6  A$main$1382                        main
C:   000000B6  C$config.c$68$1$3                  main
C:   000000B9  A$main$1385                        main
C:   000000B9  C$config.c$69$1$3                  main
C:   000000BC  A$main$1388                        main
C:   000000BC  C$config.c$70$1$3                  main
C:   000000BF  A$main$1391                        main
C:   000000BF  C$config.c$71$1$3                  main
C:   000000BF  XG$Port_IO_Init$0$0                main
C:   000000C0  A$main$1406                        main
C:   000000C0  C$config.c$73$1$3                  main
ASxxxx Linker V03.00 + NoICE + sdld,  page 30.
Hexadecimal  [32-Bits]

Area                                    Addr        Size        Decimal Bytes (Attributes)
--------------------------------        ----        ----        ------- ----- ------------
CSEG                                00000090    000001AF =         431. bytes (REL,CON,CODE)

      Value  Global                              Global Defined In Module
      -----  --------------------------------   ------------------------
C:   000000C0  C$config.c$76$1$4                  main
C:   000000C0  G$Oscillator_Init$0$0              main
C:   000000C0  _Oscillator_Init                   main
C:   000000C3  A$main$1409                        main
C:   000000C3  C$config.c$77$1$4                  main
C:   000000C6  A$main$1412                        main
C:   000000C6  C$config.c$78$1$4                  main
C:   000000C8  A$main$1413                        main
C:   000000CA  A$main$1415                        main
C:   000000CB  A$main$1416                        main
C:   000000CD  A$main$1417                        main
C:   000000CE  A$main$1418                        main
C:   000000CF  A$main$1419                        main
C:   000000D1  A$main$1420                        main
C:   000000D2  A$main$1421                        main
C:   000000D4  A$main$1422                        main
C:   000000D6  A$main$1423                        main
C:   000000D7  A$main$1424                        main
C:   000000D8  A$main$1425                        main
C:   000000DA  A$main$1429                        main
C:   000000DA  C$config.c$79$1$4                  main
C:   000000DC  A$main$1430                        main
C:   000000DF  A$main$1433                        main
C:   000000DF  C$config.c$80$1$4                  main
C:   000000E2  A$main$1436                        main
C:   000000E2  C$config.c$81$1$4                  main
C:   000000E2  XG$Oscillator_Init$0$0             main
C:   000000E3  A$main$1449                        main
C:   000000E3  C$config.c$83$1$4                  main
C:   000000E3  C$config.c$85$1$5                  main
C:   000000E3  G$Interrupts_Init$0$0              main
C:   000000E3  _Interrupts_Init                   main
C:   000000E6  A$main$1452                        main
C:   000000E6  C$config.c$86$1$5                  main
C:   000000E9  A$main$1455                        main
C:   000000E9  C$config.c$87$1$5                  main
C:   000000E9  XG$Interrupts_Init$0$0             main
C:   000000EA  A$main$1468                        main
C:   000000EA  C$config.c$91$1$5                  main
C:   000000EA  C$config.c$93$1$7                  main
C:   000000EA  G$Init_Device$0$0                  main
C:   000000EA  _Init_Device                       main
C:   000000ED  A$main$1471                        main
C:   000000ED  C$config.c$94$1$7                  main
C:   000000F0  A$main$1474                        main
C:   000000F0  C$config.c$95$1$7                  main
C:   000000F3  A$main$1477                        main
C:   000000F3  C$config.c$96$1$7                  main
C:   000000F6  A$main$1480                        main
C:   000000F6  C$config.c$97$1$7                  main
C:   000000F9  A$main$1483                        main
ASxxxx Linker V03.00 + NoICE + sdld,  page 31.
Hexadecimal  [32-Bits]

Area                                    Addr        Size        Decimal Bytes (Attributes)
--------------------------------        ----        ----        ------- ----- ------------
CSEG                                00000090    000001AF =         431. bytes (REL,CON,CODE)

      Value  Global                              Global Defined In Module
      -----  --------------------------------   ------------------------
C:   000000F9  C$config.c$98$1$7                  main
C:   000000F9  XG$Init_Device$0$0                 main
C:   000000FA  A$main$1496                        main
C:   000000FA  C$util.h$8$1$7                     main
C:   000000FA  G$delay_ms$0$0                     main
C:   000000FA  _delay_ms                          main
C:   000000FC  A$main$1497                        main
C:   000000FE  A$main$1500                        main
C:   000000FE  C$util.h$11$1$9                    main
C:   00000101  A$main$1503                        main
C:   00000101  C$util.h$12$1$9                    main
C:   00000104  A$main$1507                        main
C:   00000105  A$main$1508                        main
C:   00000106  A$main$1509                        main
C:   00000108  A$main$1512                        main
C:   00000108  C$util.h$17$2$10                   main
C:   0000010A  A$main$1515                        main
C:   0000010A  C$util.h$18$2$10                   main
C:   0000010C  A$main$1518                        main
C:   0000010C  C$util.h$20$2$10                   main
C:   0000010F  A$main$1521                        main
C:   0000010F  C$util.h$22$2$10                   main
C:   00000112  A$main$1524                        main
C:   00000112  C$util.h$24$2$10                   main
C:   00000114  A$main$1528                        main
C:   00000114  C$util.h$26$2$10                   main
C:   00000117  A$main$1531                        main
C:   00000117  C$util.h$15$1$9                    main
C:   00000118  A$main$1532                        main
C:   0000011B  A$main$1533                        main
C:   0000011C  A$main$1535                        main
C:   0000011E  A$main$1539                        main
C:   0000011E  C$util.h$29$1$9                    main
C:   0000011E  XG$delay_ms$0$0                    main
C:   0000011F  A$main$1552                        main
C:   0000011F  C$util.h$32$1$9                    main
C:   0000011F  C$util.h$34$1$11                   main
C:   0000011F  G$clear$0$0                        main
C:   0000011F  _clear                             main
C:   00000122  A$main$1553                        main
C:   00000125  A$main$1554                        main
C:   00000128  A$main$1555                        main
C:   0000012B  A$main$1558                        main
C:   0000012B  C$util.h$35$1$11                   main
C:   0000012B  XG$clear$0$0                       main
C:   0000012C  A$main$1573                        main
C:   0000012C  C$main.c$16$1$11                   main
C:   0000012C  C$main.c$18$1$13                   main
C:   0000012C  G$esc_disp7s$0$0                   main
C:   0000012C  _esc_disp7s                        main
C:   0000012E  A$main$1574                        main
ASxxxx Linker V03.00 + NoICE + sdld,  page 32.
Hexadecimal  [32-Bits]

Area                                    Addr        Size        Decimal Bytes (Attributes)
--------------------------------        ----        ----        ------- ----- ------------
CSEG                                00000090    000001AF =         431. bytes (REL,CON,CODE)

      Value  Global                              Global Defined In Module
      -----  --------------------------------   ------------------------
C:   00000130  A$main$1575                        main
C:   00000133  A$main$1576                        main
C:   00000136  A$main$1577                        main
C:   00000138  A$main$1578                        main
C:   0000013A  A$main$1579                        main
C:   0000013D  A$main$1580                        main
C:   0000013F  A$main$1581                        main
C:   00000141  A$main$1582                        main
C:   00000143  A$main$1583                        main
C:   00000145  A$main$1586                        main
C:   00000145  C$main.c$19$1$13                   main
C:   00000148  A$main$1587                        main
C:   0000014B  A$main$1588                        main
C:   0000014D  A$main$1589                        main
C:   0000014F  A$main$1590                        main
C:   00000152  A$main$1591                        main
C:   00000154  A$main$1592                        main
C:   00000156  A$main$1595                        main
C:   00000156  C$main.c$20$1$13                   main
C:   00000156  XG$esc_disp7s$0$0                  main
C:   00000157  A$main$1608                        main
C:   00000157  C$main.c$22$1$13                   main
C:   00000157  G$sync_disp$0$0                    main
C:   00000157  _sync_disp                         main
C:   00000159  A$main$1609                        main
C:   0000015B  A$main$1610                        main
C:   0000015D  A$main$1611                        main
C:   0000015F  A$main$1614                        main
C:   0000015F  C$main.c$25$1$15                   main
C:   00000161  A$main$1617                        main
C:   00000161  C$main.c$26$1$15                   main
C:   00000163  A$main$1618                        main
C:   00000165  A$main$1621                        main
C:   00000165  C$main.c$28$2$16                   main
C:   00000167  A$main$1624                        main
C:   00000167  C$main.c$29$2$16                   main
C:   00000169  A$main$1625                        main
C:   0000016C  A$main$1626                        main
C:   0000016D  A$main$1627                        main
C:   0000016F  A$main$1630                        main
C:   0000016F  C$main.c$30$2$16                   main
C:   00000171  A$main$1631                        main
C:   00000173  A$main$1635                        main
C:   00000173  C$main.c$34$2$17                   main
C:   00000175  A$main$1638                        main
C:   00000175  C$main.c$35$2$17                   main
C:   00000177  A$main$1639                        main
C:   0000017A  A$main$1640                        main
C:   0000017B  A$main$1641                        main
C:   0000017D  A$main$1644                        main
C:   0000017D  C$main.c$36$2$17                   main
ASxxxx Linker V03.00 + NoICE + sdld,  page 33.
Hexadecimal  [32-Bits]

Area                                    Addr        Size        Decimal Bytes (Attributes)
--------------------------------        ----        ----        ------- ----- ------------
CSEG                                00000090    000001AF =         431. bytes (REL,CON,CODE)

      Value  Global                              Global Defined In Module
      -----  --------------------------------   ------------------------
C:   0000017F  A$main$1648                        main
C:   0000017F  C$main.c$39$1$15                   main
C:   00000181  A$main$1651                        main
C:   00000181  C$main.c$41$1$15                   main
C:   00000183  A$main$1652                        main
C:   00000185  A$main$1653                        main
C:   00000187  A$main$1656                        main
C:   00000187  C$main.c$42$1$15                   main
C:   0000018A  A$main$1658                        main
C:   0000018C  A$main$1659                        main
C:   0000018E  A$main$1660                        main
C:   00000190  A$main$1661                        main
C:   00000192  A$main$1664                        main
C:   00000192  C$main.c$43$1$15                   main
C:   00000192  XG$sync_disp$0$0                   main
C:   00000193  A$main$1681                        main
C:   00000193  C$main.c$45$1$15                   main
C:   00000193  C$main.c$48$1$19                   main
C:   00000193  G$main$0$0                         main
C:   00000193  _main                              main
C:   00000196  A$main$1684                        main
C:   00000196  C$main.c$49$1$19                   main
C:   00000199  A$main$1688                        main
C:   00000199  C$main.c$53$1$19                   main
C:   0000019B  A$main$1689                        main
C:   0000019D  A$main$1693                        main
C:   0000019D  C$main.c$54$2$20                   main
C:   0000019F  A$main$1694                        main
C:   000001A1  A$main$1695                        main
C:   000001A3  A$main$1696                        main
C:   000001A5  A$main$1697                        main
C:   000001A8  A$main$1698                        main
C:   000001AA  A$main$1699                        main
C:   000001AC  A$main$1702                        main
C:   000001AC  C$main.c$53$2$20                   main
C:   000001AD  A$main$1703                        main
C:   000001B0  A$main$1704                        main
C:   000001B1  A$main$1706                        main
C:   000001B2  A$main$1707                        main
C:   000001B3  A$main$1708                        main
C:   000001B5  A$main$1709                        main
C:   000001B6  A$main$1710                        main
C:   000001B8  A$main$1711                        main
C:   000001BA  A$main$1712                        main
C:   000001BC  A$main$1715                        main
C:   000001BC  C$main.c$55$2$20                   main
C:   000001BF  A$main$1716                        main
C:   000001C2  A$main$1717                        main
C:   000001C4  A$main$1720                        main
C:   000001C4  C$main.c$57$1$19                   main
C:   000001C4  XG$main$0$0                        main
ASxxxx Linker V03.00 + NoICE + sdld,  page 34.
Hexadecimal  [32-Bits]

Area                                    Addr        Size        Decimal Bytes (Attributes)
--------------------------------        ----        ----        ------- ----- ------------
CSEG                                00000090    000001AF =         431. bytes (REL,CON,CODE)

      Value  Global                              Global Defined In Module
      -----  --------------------------------   ------------------------
C:   000001C5  __divuint                          _divuint
C:   000001EE  __moduint                          _moduint
C:   0000023B  __sdcc_external_startup            _startup

ASxxxx Linker V03.00 + NoICE + sdld,  page 35.
Hexadecimal  [32-Bits]

Area                                    Addr        Size        Decimal Bytes (Attributes)
--------------------------------        ----        ----        ------- ----- ------------
CONST                               0000023F    0000000C =          12. bytes (REL,CON,CODE)

      Value  Global                              Global Defined In Module
      -----  --------------------------------   ------------------------
C:   0000023F  G$disp7$0$0                        main
C:   0000023F  _disp7                             main

ASxxxx Linker V03.00 + NoICE + sdld,  page 36.

Files Linked                              [ module(s) ]

Z:\micap\display_7\main.rel               [  ]


Libraries Linked                          [ object file ]

C:\Program Files\SDCC\bin\..\lib\small/libint.lib
                                          [ _divuint.rel ]
C:\Program Files\SDCC\bin\..\lib\small/mcs51.lib
                                          [ crtclear.rel ]
C:\Program Files\SDCC\bin\..\lib\small/mcs51.lib
                                          [ crtxinit.rel ]
C:\Program Files\SDCC\bin\..\lib\small/libint.lib
                                          [ _moduint.rel ]
C:\Program Files\SDCC\bin\..\lib\small/mcs51.lib
                                          [ crtxclear.rel ]
C:\Program Files\SDCC\bin\..\lib\small/mcs51.lib
                                          [ crtstart.rel ]
C:\Program Files\SDCC\bin\..\lib\small/libsdcc.lib
                                          [ _startup.rel ]

ASxxxx Linker V03.00 + NoICE + sdld,  page 37.

User Base Address Definitions

HOME = 0x0000
XSEG = 0x0001
PSEG = 0x0001
ISEG = 0x0000
BSEG = 0x0000

