ASxxxx Linker V03.00 + NoICE + sdld,  page 1.
Hexadecimal  [32-Bits]

Area                                    Addr        Size        Decimal Bytes (Attributes)
--------------------------------        ----        ----        ------- ----- ------------
CABS                                00000000    00000000 =           0. bytes (ABS,CON,CODE)

      Value  Global                              Global Defined In Module
      -----  --------------------------------   ------------------------
C:   00000000  l_BIT_BANK                      
C:   00000000  l_BSEG                          
C:   00000000  l_BSEG_BYTES                    
C:   00000000  l_CABS                          
C:   00000000  l_GSINIT1                       
C:   00000000  l_GSINIT5                       
C:   00000000  l_IABS                          
C:   00000000  l_ISEG                          
C:   00000000  l_PSEG                          
C:   00000000  l_REG_BANK_1                    
C:   00000000  l_REG_BANK_2                    
C:   00000000  l_REG_BANK_3                    
C:   00000000  l_RSEG                          
C:   00000000  l_RSEG0                         
C:   00000000  l_RSEG1                         
C:   00000000  l_XABS                          
C:   00000000  l_XINIT                         
C:   00000000  l_XISEG                         
C:   00000000  l_XSEG                          
C:   00000000  l__CODE                         
C:   00000000  s_BSEG                          
C:   00000000  s_CABS                          
C:   00000000  s_DSEG                          
C:   00000000  s_HOME                          
C:   00000000  s_IABS                          
C:   00000000  s_ISEG                          
C:   00000000  s_REG_BANK_0                    
C:   00000000  s_RSEG                          
C:   00000000  s_RSEG0                         
C:   00000000  s_RSEG1                         
C:   00000000  s_XABS                          
C:   00000001  s_PSEG                          
C:   00000001  s_XISEG                         
C:   00000001  s_XSEG                          
C:   00000002  l_OSEG                          
C:   00000003  l_GSFINAL                       
C:   00000003  l_GSINIT                        
C:   00000003  l_GSINIT0                       
C:   00000006  l_HOME                          
C:   00000006  s_GSINIT0                       
C:   00000008  l_REG_BANK_0                    
C:   00000008  s_REG_BANK_1                    
C:   00000009  s_GSINIT1                       
C:   00000009  s_GSINIT2                       
C:   0000000A  l_GSINIT2                       
C:   00000010  s_REG_BANK_2                    
C:   00000012  s_OSEG                          
C:   00000013  s_GSINIT3                       
C:   00000014  s_SSEG                          
C:   00000018  s_BIT_BANK                      
ASxxxx Linker V03.00 + NoICE + sdld,  page 2.
Hexadecimal  [32-Bits]

Area                                    Addr        Size        Decimal Bytes (Attributes)
--------------------------------        ----        ----        ------- ----- ------------
CABS                                00000000    00000000 =           0. bytes (ABS,CON,CODE)

      Value  Global                              Global Defined In Module
      -----  --------------------------------   ------------------------
C:   00000018  s_REG_BANK_3                    
C:   00000020  s_BSEG_BYTES                    
C:   00000020  s__CODE                         
C:   00000022  l_GSINIT3                       
C:   0000002A  l_GSINIT4                       
C:   00000035  s_GSINIT4                       
C:   0000005F  s_GSINIT                        
C:   0000005F  s_GSINIT5                       
C:   00000062  s_GSFINAL                       
C:   00000065  s_CSEG                          
C:   00000080  l_DSEG                          
C:   000000B6  l_CONST                         
C:   000000EC  l_SSEG                          
C:   00000100  l_IRAM                          
C:   00000276  l_CSEG                          
C:   000002DB  s_CONST                         
C:   00000391  s_XINIT                         

ASxxxx Linker V03.00 + NoICE + sdld,  page 3.
Hexadecimal  [32-Bits]

Area                                    Addr        Size        Decimal Bytes (Attributes)
--------------------------------        ----        ----        ------- ----- ------------
.  .ABS.                            00000000    00000000 =           0. bytes (ABS,CON)

      Value  Global                              Global Defined In Module
      -----  --------------------------------   ------------------------
     00000000  .__.ABS.                           _startup
     00000080  G$P0$0$0                           mostra_led
     00000080  G$P0_0$0$0                         mostra_led
     00000080  _P0                                mostra_led
     00000080  _P0_0                              mostra_led
     00000081  G$P0_1$0$0                         mostra_led
     00000081  G$SP$0$0                           mostra_led
     00000081  _P0_1                              mostra_led
     00000081  _SP                                mostra_led
     00000082  G$DPL$0$0                          mostra_led
     00000082  G$P0_2$0$0                         mostra_led
     00000082  _DPL                               mostra_led
     00000082  _P0_2                              mostra_led
     00000083  G$DPH$0$0                          mostra_led
     00000083  G$P0_3$0$0                         mostra_led
     00000083  _DPH                               mostra_led
     00000083  _P0_3                              mostra_led
     00000084  G$P0_4$0$0                         mostra_led
     00000084  G$SFRPAGE$0$0                      mostra_led
     00000084  _P0_4                              mostra_led
     00000084  _SFRPAGE                           mostra_led
     00000085  G$P0_5$0$0                         mostra_led
     00000085  G$SFRNEXT$0$0                      mostra_led
     00000085  _P0_5                              mostra_led
     00000085  _SFRNEXT                           mostra_led
     00000086  G$P0_6$0$0                         mostra_led
     00000086  G$SFRLAST$0$0                      mostra_led
     00000086  _P0_6                              mostra_led
     00000086  _SFRLAST                           mostra_led
     00000087  G$P0_7$0$0                         mostra_led
     00000087  G$PCON$0$0                         mostra_led
     00000087  _P0_7                              mostra_led
     00000087  _PCON                              mostra_led
     00000088  G$CP0HYN0$0$0                      mostra_led
     00000088  G$CP1HYN0$0$0                      mostra_led
     00000088  G$CP2HYN0$0$0                      mostra_led
     00000088  G$CPT0CN$0$0                       mostra_led
     00000088  G$CPT1CN$0$0                       mostra_led
     00000088  G$CPT2CN$0$0                       mostra_led
     00000088  G$IT0$0$0                          mostra_led
     00000088  G$TCON$0$0                         mostra_led
     00000088  _CP0HYN0                           mostra_led
     00000088  _CP1HYN0                           mostra_led
     00000088  _CP2HYN0                           mostra_led
     00000088  _CPT0CN                            mostra_led
     00000088  _CPT1CN                            mostra_led
     00000088  _CPT2CN                            mostra_led
     00000088  _IT0                               mostra_led
     00000088  _TCON                              mostra_led
     00000089  G$CP0HYN1$0$0                      mostra_led
ASxxxx Linker V03.00 + NoICE + sdld,  page 4.
Hexadecimal  [32-Bits]

Area                                    Addr        Size        Decimal Bytes (Attributes)
--------------------------------        ----        ----        ------- ----- ------------
.  .ABS.                            00000000    00000000 =           0. bytes (ABS,CON)

      Value  Global                              Global Defined In Module
      -----  --------------------------------   ------------------------
     00000089  G$CP1HYN1$0$0                      mostra_led
     00000089  G$CP2HYN1$0$0                      mostra_led
     00000089  G$CPT0MD$0$0                       mostra_led
     00000089  G$CPT1MD$0$0                       mostra_led
     00000089  G$CPT2MD$0$0                       mostra_led
     00000089  G$IE0$0$0                          mostra_led
     00000089  G$TMOD$0$0                         mostra_led
     00000089  _CP0HYN1                           mostra_led
     00000089  _CP1HYN1                           mostra_led
     00000089  _CP2HYN1                           mostra_led
     00000089  _CPT0MD                            mostra_led
     00000089  _CPT1MD                            mostra_led
     00000089  _CPT2MD                            mostra_led
     00000089  _IE0                               mostra_led
     00000089  _TMOD                              mostra_led
     0000008A  G$CP0HYP0$0$0                      mostra_led
     0000008A  G$CP1HYP0$0$0                      mostra_led
     0000008A  G$CP2HYP0$0$0                      mostra_led
     0000008A  G$IT1$0$0                          mostra_led
     0000008A  G$OSCICN$0$0                       mostra_led
     0000008A  G$TL0$0$0                          mostra_led
     0000008A  _CP0HYP0                           mostra_led
     0000008A  _CP1HYP0                           mostra_led
     0000008A  _CP2HYP0                           mostra_led
     0000008A  _IT1                               mostra_led
     0000008A  _OSCICN                            mostra_led
     0000008A  _TL0                               mostra_led
     0000008B  G$CP0HYP1$0$0                      mostra_led
     0000008B  G$CP1HYP1$0$0                      mostra_led
     0000008B  G$CP2HYP1$0$0                      mostra_led
     0000008B  G$IE1$0$0                          mostra_led
     0000008B  G$OSCICL$0$0                       mostra_led
     0000008B  G$TL1$0$0                          mostra_led
     0000008B  _CP0HYP1                           mostra_led
     0000008B  _CP1HYP1                           mostra_led
     0000008B  _CP2HYP1                           mostra_led
     0000008B  _IE1                               mostra_led
     0000008B  _OSCICL                            mostra_led
     0000008B  _TL1                               mostra_led
     0000008C  G$CP0FIF$0$0                       mostra_led
     0000008C  G$CP1FIF$0$0                       mostra_led
     0000008C  G$CP2FIF$0$0                       mostra_led
     0000008C  G$OSCXCN$0$0                       mostra_led
     0000008C  G$TH0$0$0                          mostra_led
     0000008C  G$TR0$0$0                          mostra_led
     0000008C  _CP0FIF                            mostra_led
     0000008C  _CP1FIF                            mostra_led
     0000008C  _CP2FIF                            mostra_led
     0000008C  _OSCXCN                            mostra_led
     0000008C  _TH0                               mostra_led
     0000008C  _TR0                               mostra_led
ASxxxx Linker V03.00 + NoICE + sdld,  page 5.
Hexadecimal  [32-Bits]

Area                                    Addr        Size        Decimal Bytes (Attributes)
--------------------------------        ----        ----        ------- ----- ------------
.  .ABS.                            00000000    00000000 =           0. bytes (ABS,CON)

      Value  Global                              Global Defined In Module
      -----  --------------------------------   ------------------------
     0000008D  G$CP0RIF$0$0                       mostra_led
     0000008D  G$CP1RIF$0$0                       mostra_led
     0000008D  G$CP2RIF$0$0                       mostra_led
     0000008D  G$TF0$0$0                          mostra_led
     0000008D  G$TH1$0$0                          mostra_led
     0000008D  _CP0RIF                            mostra_led
     0000008D  _CP1RIF                            mostra_led
     0000008D  _CP2RIF                            mostra_led
     0000008D  _TF0                               mostra_led
     0000008D  _TH1                               mostra_led
     0000008E  G$CKCON$0$0                        mostra_led
     0000008E  G$CP0OUT$0$0                       mostra_led
     0000008E  G$CP1OUT$0$0                       mostra_led
     0000008E  G$CP2OUT$0$0                       mostra_led
     0000008E  G$TR1$0$0                          mostra_led
     0000008E  _CKCON                             mostra_led
     0000008E  _CP0OUT                            mostra_led
     0000008E  _CP1OUT                            mostra_led
     0000008E  _CP2OUT                            mostra_led
     0000008E  _TR1                               mostra_led
     0000008F  G$CP0EN$0$0                        mostra_led
     0000008F  G$CP1EN$0$0                        mostra_led
     0000008F  G$CP2EN$0$0                        mostra_led
     0000008F  G$PSCTL$0$0                        mostra_led
     0000008F  G$TF1$0$0                          mostra_led
     0000008F  _CP0EN                             mostra_led
     0000008F  _CP1EN                             mostra_led
     0000008F  _CP2EN                             mostra_led
     0000008F  _PSCTL                             mostra_led
     0000008F  _TF1                               mostra_led
     00000090  G$P1$0$0                           mostra_led
     00000090  G$P1_0$0$0                         mostra_led
     00000090  _P1                                mostra_led
     00000090  _P1_0                              mostra_led
     00000091  G$P1_1$0$0                         mostra_led
     00000091  G$SSTA0$0$0                        mostra_led
     00000091  _P1_1                              mostra_led
     00000091  _SSTA0                             mostra_led
     00000092  G$P1_2$0$0                         mostra_led
     00000092  _P1_2                              mostra_led
     00000093  G$P1_3$0$0                         mostra_led
     00000093  _P1_3                              mostra_led
     00000094  G$P1_4$0$0                         mostra_led
     00000094  _P1_4                              mostra_led
     00000095  G$P1_5$0$0                         mostra_led
     00000095  _P1_5                              mostra_led
     00000096  G$P1_6$0$0                         mostra_led
     00000096  G$SFRPGCN$0$0                      mostra_led
     00000096  _P1_6                              mostra_led
     00000096  _SFRPGCN                           mostra_led
     00000097  G$CLKSEL$0$0                       mostra_led
ASxxxx Linker V03.00 + NoICE + sdld,  page 6.
Hexadecimal  [32-Bits]

Area                                    Addr        Size        Decimal Bytes (Attributes)
--------------------------------        ----        ----        ------- ----- ------------
.  .ABS.                            00000000    00000000 =           0. bytes (ABS,CON)

      Value  Global                              Global Defined In Module
      -----  --------------------------------   ------------------------
     00000097  G$P1_7$0$0                         mostra_led
     00000097  _CLKSEL                            mostra_led
     00000097  _P1_7                              mostra_led
     00000098  G$RI0$0$0                          mostra_led
     00000098  G$RI1$0$0                          mostra_led
     00000098  G$SCON0$0$0                        mostra_led
     00000098  G$SCON1$0$0                        mostra_led
     00000098  _RI0                               mostra_led
     00000098  _RI1                               mostra_led
     00000098  _SCON0                             mostra_led
     00000098  _SCON1                             mostra_led
     00000099  G$SBUF0$0$0                        mostra_led
     00000099  G$SBUF1$0$0                        mostra_led
     00000099  G$TI0$0$0                          mostra_led
     00000099  G$TI1$0$0                          mostra_led
     00000099  _SBUF0                             mostra_led
     00000099  _SBUF1                             mostra_led
     00000099  _TI0                               mostra_led
     00000099  _TI1                               mostra_led
     0000009A  G$RB80$0$0                         mostra_led
     0000009A  G$RB81$0$0                         mostra_led
     0000009A  G$SPI0CFG$0$0                      mostra_led
     0000009A  _RB80                              mostra_led
     0000009A  _RB81                              mostra_led
     0000009A  _SPI0CFG                           mostra_led
     0000009B  G$SPI0DAT$0$0                      mostra_led
     0000009B  G$TB80$0$0                         mostra_led
     0000009B  G$TB81$0$0                         mostra_led
     0000009B  _SPI0DAT                           mostra_led
     0000009B  _TB80                              mostra_led
     0000009B  _TB81                              mostra_led
     0000009C  G$P4MDOUT$0$0                      mostra_led
     0000009C  G$REN0$0$0                         mostra_led
     0000009C  G$REN1$0$0                         mostra_led
     0000009C  _P4MDOUT                           mostra_led
     0000009C  _REN0                              mostra_led
     0000009C  _REN1                              mostra_led
     0000009D  G$MCE1$0$0                         mostra_led
     0000009D  G$P5MDOUT$0$0                      mostra_led
     0000009D  G$SM20$0$0                         mostra_led
     0000009D  G$SPI0CKR$0$0                      mostra_led
     0000009D  _MCE1                              mostra_led
     0000009D  _P5MDOUT                           mostra_led
     0000009D  _SM20                              mostra_led
     0000009D  _SPI0CKR                           mostra_led
     0000009E  G$P6MDOUT$0$0                      mostra_led
     0000009E  G$SM10$0$0                         mostra_led
     0000009E  _P6MDOUT                           mostra_led
     0000009E  _SM10                              mostra_led
     0000009F  G$P7MDOUT$0$0                      mostra_led
     0000009F  G$S1MODE$0$0                       mostra_led
ASxxxx Linker V03.00 + NoICE + sdld,  page 7.
Hexadecimal  [32-Bits]

Area                                    Addr        Size        Decimal Bytes (Attributes)
--------------------------------        ----        ----        ------- ----- ------------
.  .ABS.                            00000000    00000000 =           0. bytes (ABS,CON)

      Value  Global                              Global Defined In Module
      -----  --------------------------------   ------------------------
     0000009F  G$SM00$0$0                         mostra_led
     0000009F  _P7MDOUT                           mostra_led
     0000009F  _S1MODE                            mostra_led
     0000009F  _SM00                              mostra_led
     000000A0  G$P2$0$0                           mostra_led
     000000A0  G$P2_0$0$0                         mostra_led
     000000A0  _P2                                mostra_led
     000000A0  _P2_0                              mostra_led
     000000A1  G$EMI0TC$0$0                       mostra_led
     000000A1  G$P2_1$0$0                         mostra_led
     000000A1  _EMI0TC                            mostra_led
     000000A1  _P2_1                              mostra_led
     000000A2  G$EMI0CN$0$0                       mostra_led
     000000A2  G$P2_2$0$0                         mostra_led
     000000A2  G$_XPAGE$0$0                       mostra_led
     000000A2  _EMI0CN                            mostra_led
     000000A2  _P2_2                              mostra_led
     000000A2  __XPAGE                            mostra_led
     000000A3  G$EMI0CF$0$0                       mostra_led
     000000A3  G$P2_3$0$0                         mostra_led
     000000A3  _EMI0CF                            mostra_led
     000000A3  _P2_3                              mostra_led
     000000A4  G$P0MDOUT$0$0                      mostra_led
     000000A4  G$P2_4$0$0                         mostra_led
     000000A4  _P0MDOUT                           mostra_led
     000000A4  _P2_4                              mostra_led
     000000A5  G$P1MDOUT$0$0                      mostra_led
     000000A5  G$P2_5$0$0                         mostra_led
     000000A5  _P1MDOUT                           mostra_led
     000000A5  _P2_5                              mostra_led
     000000A6  G$P2MDOUT$0$0                      mostra_led
     000000A6  G$P2_6$0$0                         mostra_led
     000000A6  _P2MDOUT                           mostra_led
     000000A6  _P2_6                              mostra_led
     000000A7  G$P2_7$0$0                         mostra_led
     000000A7  G$P3MDOUT$0$0                      mostra_led
     000000A7  _P2_7                              mostra_led
     000000A7  _P3MDOUT                           mostra_led
     000000A8  G$EX0$0$0                          mostra_led
     000000A8  G$IE$0$0                           mostra_led
     000000A8  _EX0                               mostra_led
     000000A8  _IE                                mostra_led
     000000A9  G$ET0$0$0                          mostra_led
     000000A9  G$SADDR0$0$0                       mostra_led
     000000A9  G$SADDR1$0$0                       mostra_led
     000000A9  _ET0                               mostra_led
     000000A9  _SADDR0                            mostra_led
     000000A9  _SADDR1                            mostra_led
     000000AA  G$EX1$0$0                          mostra_led
     000000AA  _EX1                               mostra_led
     000000AB  G$ET1$0$0                          mostra_led
ASxxxx Linker V03.00 + NoICE + sdld,  page 8.
Hexadecimal  [32-Bits]

Area                                    Addr        Size        Decimal Bytes (Attributes)
--------------------------------        ----        ----        ------- ----- ------------
.  .ABS.                            00000000    00000000 =           0. bytes (ABS,CON)

      Value  Global                              Global Defined In Module
      -----  --------------------------------   ------------------------
     000000AB  _ET1                               mostra_led
     000000AC  G$ES0$0$0                          mostra_led
     000000AC  _ES0                               mostra_led
     000000AD  G$ET2$0$0                          mostra_led
     000000AD  G$P1MDIN$0$0                       mostra_led
     000000AD  _ET2                               mostra_led
     000000AD  _P1MDIN                            mostra_led
     000000AE  G$P2MDIN$0$0                       mostra_led
     000000AE  _P2MDIN                            mostra_led
     000000AF  G$EA$0$0                           mostra_led
     000000AF  G$P3MDIN$0$0                       mostra_led
     000000AF  _EA                                mostra_led
     000000AF  _P3MDIN                            mostra_led
     000000B0  G$P3$0$0                           mostra_led
     000000B0  G$P3_0$0$0                         mostra_led
     000000B0  _P3                                mostra_led
     000000B0  _P3_0                              mostra_led
     000000B1  G$P3_1$0$0                         mostra_led
     000000B1  _P3_1                              mostra_led
     000000B2  G$P3_2$0$0                         mostra_led
     000000B2  _P3_2                              mostra_led
     000000B3  G$P3_3$0$0                         mostra_led
     000000B3  _P3_3                              mostra_led
     000000B4  G$P3_4$0$0                         mostra_led
     000000B4  _P3_4                              mostra_led
     000000B5  G$P3_5$0$0                         mostra_led
     000000B5  _P3_5                              mostra_led
     000000B6  G$P3_6$0$0                         mostra_led
     000000B6  _P3_6                              mostra_led
     000000B7  G$FLACL$0$0                        mostra_led
     000000B7  G$FLSCL$0$0                        mostra_led
     000000B7  G$P3_7$0$0                         mostra_led
     000000B7  _FLACL                             mostra_led
     000000B7  _FLSCL                             mostra_led
     000000B7  _P3_7                              mostra_led
     000000B8  G$IP$0$0                           mostra_led
     000000B8  G$PX0$0$0                          mostra_led
     000000B8  _IP                                mostra_led
     000000B8  _PX0                               mostra_led
     000000B9  G$PT0$0$0                          mostra_led
     000000B9  G$SADEN0$0$0                       mostra_led
     000000B9  _PT0                               mostra_led
     000000B9  _SADEN0                            mostra_led
     000000BA  G$AMX0CF$0$0                       mostra_led
     000000BA  G$AMX2CF$0$0                       mostra_led
     000000BA  G$PX1$0$0                          mostra_led
     000000BA  _AMX0CF                            mostra_led
     000000BA  _AMX2CF                            mostra_led
     000000BA  _PX1                               mostra_led
     000000BB  G$AMX0SL$0$0                       mostra_led
     000000BB  G$AMX2SL$0$0                       mostra_led
ASxxxx Linker V03.00 + NoICE + sdld,  page 9.
Hexadecimal  [32-Bits]

Area                                    Addr        Size        Decimal Bytes (Attributes)
--------------------------------        ----        ----        ------- ----- ------------
.  .ABS.                            00000000    00000000 =           0. bytes (ABS,CON)

      Value  Global                              Global Defined In Module
      -----  --------------------------------   ------------------------
     000000BB  G$PT1$0$0                          mostra_led
     000000BB  _AMX0SL                            mostra_led
     000000BB  _AMX2SL                            mostra_led
     000000BB  _PT1                               mostra_led
     000000BC  G$ADC0CF$0$0                       mostra_led
     000000BC  G$ADC2CF$0$0                       mostra_led
     000000BC  G$PS0$0$0                          mostra_led
     000000BC  _ADC0CF                            mostra_led
     000000BC  _ADC2CF                            mostra_led
     000000BC  _PS0                               mostra_led
     000000BD  G$AMX0PRT$0$0                      mostra_led
     000000BD  G$PT2$0$0                          mostra_led
     000000BD  _AMX0PRT                           mostra_led
     000000BD  _PT2                               mostra_led
     000000BE  G$ADC0L$0$0                        mostra_led
     000000BE  G$ADC2$0$0                         mostra_led
     000000BE  _ADC0L                             mostra_led
     000000BE  _ADC2                              mostra_led
     000000BF  G$ADC0H$0$0                        mostra_led
     000000BF  _ADC0H                             mostra_led
     000000C0  G$CAN0STA$0$0                      mostra_led
     000000C0  G$LEC0$0$0                         mostra_led
     000000C0  G$SMB0CN$0$0                       mostra_led
     000000C0  G$SMBTOE$0$0                       mostra_led
     000000C0  _CAN0STA                           mostra_led
     000000C0  _LEC0                              mostra_led
     000000C0  _SMB0CN                            mostra_led
     000000C0  _SMBTOE                            mostra_led
     000000C1  G$LEC1$0$0                         mostra_led
     000000C1  G$SMB0STA$0$0                      mostra_led
     000000C1  G$SMBFTE$0$0                       mostra_led
     000000C1  _LEC1                              mostra_led
     000000C1  _SMB0STA                           mostra_led
     000000C1  _SMBFTE                            mostra_led
     000000C2  G$AA$0$0                           mostra_led
     000000C2  G$LEC2$0$0                         mostra_led
     000000C2  G$SMB0DAT$0$0                      mostra_led
     000000C2  _AA                                mostra_led
     000000C2  _LEC2                              mostra_led
     000000C2  _SMB0DAT                           mostra_led
     000000C3  G$SI$0$0                           mostra_led
     000000C3  G$SMB0ADR$0$0                      mostra_led
     000000C3  G$TXOK$0$0                         mostra_led
     000000C3  _SI                                mostra_led
     000000C3  _SMB0ADR                           mostra_led
     000000C3  _TXOK                              mostra_led
     000000C4  G$ADC0GTL$0$0                      mostra_led
     000000C4  G$ADC2GT$0$0                       mostra_led
     000000C4  G$RXOK$0$0                         mostra_led
     000000C4  G$STO$0$0                          mostra_led
     000000C4  _ADC0GTL                           mostra_led
ASxxxx Linker V03.00 + NoICE + sdld,  page 10.
Hexadecimal  [32-Bits]

Area                                    Addr        Size        Decimal Bytes (Attributes)
--------------------------------        ----        ----        ------- ----- ------------
.  .ABS.                            00000000    00000000 =           0. bytes (ABS,CON)

      Value  Global                              Global Defined In Module
      -----  --------------------------------   ------------------------
     000000C4  _ADC2GT                            mostra_led
     000000C4  _RXOK                              mostra_led
     000000C4  _STO                               mostra_led
     000000C5  G$ADC0GTH$0$0                      mostra_led
     000000C5  G$EPASS$0$0                        mostra_led
     000000C5  G$STA$0$0                          mostra_led
     000000C5  _ADC0GTH                           mostra_led
     000000C5  _EPASS                             mostra_led
     000000C5  _STA                               mostra_led
     000000C6  G$ADC0LTL$0$0                      mostra_led
     000000C6  G$ADC2LT$0$0                       mostra_led
     000000C6  G$ENSMB$0$0                        mostra_led
     000000C6  G$EWARN$0$0                        mostra_led
     000000C6  _ADC0LTL                           mostra_led
     000000C6  _ADC2LT                            mostra_led
     000000C6  _ENSMB                             mostra_led
     000000C6  _EWARN                             mostra_led
     000000C7  G$ADC0LTH$0$0                      mostra_led
     000000C7  G$BOFF$0$0                         mostra_led
     000000C7  G$BUSY$0$0                         mostra_led
     000000C7  _ADC0LTH                           mostra_led
     000000C7  _BOFF                              mostra_led
     000000C7  _BUSY                              mostra_led
     000000C8  G$CPRL2$0$0                        mostra_led
     000000C8  G$CPRL3$0$0                        mostra_led
     000000C8  G$CPRL4$0$0                        mostra_led
     000000C8  G$P4$0$0                           mostra_led
     000000C8  G$P4_0$0$0                         mostra_led
     000000C8  G$TMR2CN$0$0                       mostra_led
     000000C8  G$TMR3CN$0$0                       mostra_led
     000000C8  G$TMR4CN$0$0                       mostra_led
     000000C8  _CPRL2                             mostra_led
     000000C8  _CPRL3                             mostra_led
     000000C8  _CPRL4                             mostra_led
     000000C8  _P4                                mostra_led
     000000C8  _P4_0                              mostra_led
     000000C8  _TMR2CN                            mostra_led
     000000C8  _TMR3CN                            mostra_led
     000000C8  _TMR4CN                            mostra_led
     000000C9  G$CT2$0$0                          mostra_led
     000000C9  G$CT3$0$0                          mostra_led
     000000C9  G$CT4$0$0                          mostra_led
     000000C9  G$P4_1$0$0                         mostra_led
     000000C9  G$TMR2CF$0$0                       mostra_led
     000000C9  G$TMR3CF$0$0                       mostra_led
     000000C9  G$TMR4CF$0$0                       mostra_led
     000000C9  _CT2                               mostra_led
     000000C9  _CT3                               mostra_led
     000000C9  _CT4                               mostra_led
     000000C9  _P4_1                              mostra_led
     000000C9  _TMR2CF                            mostra_led
ASxxxx Linker V03.00 + NoICE + sdld,  page 11.
Hexadecimal  [32-Bits]

Area                                    Addr        Size        Decimal Bytes (Attributes)
--------------------------------        ----        ----        ------- ----- ------------
.  .ABS.                            00000000    00000000 =           0. bytes (ABS,CON)

      Value  Global                              Global Defined In Module
      -----  --------------------------------   ------------------------
     000000C9  _TMR3CF                            mostra_led
     000000C9  _TMR4CF                            mostra_led
     000000CA  G$P4_2$0$0                         mostra_led
     000000CA  G$RCAP2L$0$0                       mostra_led
     000000CA  G$RCAP3L$0$0                       mostra_led
     000000CA  G$RCAP4L$0$0                       mostra_led
     000000CA  G$TR2$0$0                          mostra_led
     000000CA  G$TR3$0$0                          mostra_led
     000000CA  G$TR4$0$0                          mostra_led
     000000CA  _P4_2                              mostra_led
     000000CA  _RCAP2L                            mostra_led
     000000CA  _RCAP3L                            mostra_led
     000000CA  _RCAP4L                            mostra_led
     000000CA  _TR2                               mostra_led
     000000CA  _TR3                               mostra_led
     000000CA  _TR4                               mostra_led
     000000CB  G$EXEN2$0$0                        mostra_led
     000000CB  G$EXEN3$0$0                        mostra_led
     000000CB  G$EXEN4$0$0                        mostra_led
     000000CB  G$P4_3$0$0                         mostra_led
     000000CB  G$RCAP2H$0$0                       mostra_led
     000000CB  G$RCAP3H$0$0                       mostra_led
     000000CB  G$RCAP4H$0$0                       mostra_led
     000000CB  _EXEN2                             mostra_led
     000000CB  _EXEN3                             mostra_led
     000000CB  _EXEN4                             mostra_led
     000000CB  _P4_3                              mostra_led
     000000CB  _RCAP2H                            mostra_led
     000000CB  _RCAP3H                            mostra_led
     000000CB  _RCAP4H                            mostra_led
     000000CC  G$P4_4$0$0                         mostra_led
     000000CC  G$TMR2L$0$0                        mostra_led
     000000CC  G$TMR3L$0$0                        mostra_led
     000000CC  G$TMR4L$0$0                        mostra_led
     000000CC  _P4_4                              mostra_led
     000000CC  _TMR2L                             mostra_led
     000000CC  _TMR3L                             mostra_led
     000000CC  _TMR4L                             mostra_led
     000000CD  G$P4_5$0$0                         mostra_led
     000000CD  G$TMR2H$0$0                        mostra_led
     000000CD  G$TMR3H$0$0                        mostra_led
     000000CD  G$TMR4H$0$0                        mostra_led
     000000CD  _P4_5                              mostra_led
     000000CD  _TMR2H                             mostra_led
     000000CD  _TMR3H                             mostra_led
     000000CD  _TMR4H                             mostra_led
     000000CE  G$EXF2$0$0                         mostra_led
     000000CE  G$EXF3$0$0                         mostra_led
     000000CE  G$EXF4$0$0                         mostra_led
     000000CE  G$P4_6$0$0                         mostra_led
     000000CE  _EXF2                              mostra_led
ASxxxx Linker V03.00 + NoICE + sdld,  page 12.
Hexadecimal  [32-Bits]

Area                                    Addr        Size        Decimal Bytes (Attributes)
--------------------------------        ----        ----        ------- ----- ------------
.  .ABS.                            00000000    00000000 =           0. bytes (ABS,CON)

      Value  Global                              Global Defined In Module
      -----  --------------------------------   ------------------------
     000000CE  _EXF3                              mostra_led
     000000CE  _EXF4                              mostra_led
     000000CE  _P4_6                              mostra_led
     000000CF  G$P4_7$0$0                         mostra_led
     000000CF  G$SMB0CR$0$0                       mostra_led
     000000CF  G$TF2$0$0                          mostra_led
     000000CF  G$TF3$0$0                          mostra_led
     000000CF  G$TF4$0$0                          mostra_led
     000000CF  _P4_7                              mostra_led
     000000CF  _SMB0CR                            mostra_led
     000000CF  _TF2                               mostra_led
     000000CF  _TF3                               mostra_led
     000000CF  _TF4                               mostra_led
     000000D0  G$P$0$0                            mostra_led
     000000D0  G$PSW$0$0                          mostra_led
     000000D0  _P                                 mostra_led
     000000D0  _PSW                               mostra_led
     000000D1  G$F1$0$0                           mostra_led
     000000D1  G$REF0CN$0$0                       mostra_led
     000000D1  _F1                                mostra_led
     000000D1  _REF0CN                            mostra_led
     000000D2  G$DAC0L$0$0                        mostra_led
     000000D2  G$DAC1L$0$0                        mostra_led
     000000D2  G$OV$0$0                           mostra_led
     000000D2  _DAC0L                             mostra_led
     000000D2  _DAC1L                             mostra_led
     000000D2  _OV                                mostra_led
     000000D3  G$DAC0H$0$0                        mostra_led
     000000D3  G$DAC1H$0$0                        mostra_led
     000000D3  G$RS0$0$0                          mostra_led
     000000D3  _DAC0H                             mostra_led
     000000D3  _DAC1H                             mostra_led
     000000D3  _RS0                               mostra_led
     000000D4  G$DAC0CN$0$0                       mostra_led
     000000D4  G$DAC1CN$0$0                       mostra_led
     000000D4  G$RS1$0$0                          mostra_led
     000000D4  _DAC0CN                            mostra_led
     000000D4  _DAC1CN                            mostra_led
     000000D4  _RS1                               mostra_led
     000000D5  G$F0$0$0                           mostra_led
     000000D5  _F0                                mostra_led
     000000D6  G$AC$0$0                           mostra_led
     000000D6  G$HVA0CN$0$0                       mostra_led
     000000D6  _AC                                mostra_led
     000000D6  _HVA0CN                            mostra_led
     000000D7  G$CY$0$0                           mostra_led
     000000D7  _CY                                mostra_led
     000000D8  G$CAN0DATL$0$0                     mostra_led
     000000D8  G$CCF0$0$0                         mostra_led
     000000D8  G$P5$0$0                           mostra_led
     000000D8  G$P5_0$0$0                         mostra_led
ASxxxx Linker V03.00 + NoICE + sdld,  page 13.
Hexadecimal  [32-Bits]

Area                                    Addr        Size        Decimal Bytes (Attributes)
--------------------------------        ----        ----        ------- ----- ------------
.  .ABS.                            00000000    00000000 =           0. bytes (ABS,CON)

      Value  Global                              Global Defined In Module
      -----  --------------------------------   ------------------------
     000000D8  G$PCA0CN$0$0                       mostra_led
     000000D8  _CAN0DATL                          mostra_led
     000000D8  _CCF0                              mostra_led
     000000D8  _P5                                mostra_led
     000000D8  _P5_0                              mostra_led
     000000D8  _PCA0CN                            mostra_led
     000000D9  G$CAN0DATH$0$0                     mostra_led
     000000D9  G$CCF1$0$0                         mostra_led
     000000D9  G$P5_1$0$0                         mostra_led
     000000D9  G$PCA0MD$0$0                       mostra_led
     000000D9  _CAN0DATH                          mostra_led
     000000D9  _CCF1                              mostra_led
     000000D9  _P5_1                              mostra_led
     000000D9  _PCA0MD                            mostra_led
     000000DA  G$CAN0ADR$0$0                      mostra_led
     000000DA  G$CCF2$0$0                         mostra_led
     000000DA  G$P5_2$0$0                         mostra_led
     000000DA  G$PCA0CPM0$0$0                     mostra_led
     000000DA  _CAN0ADR                           mostra_led
     000000DA  _CCF2                              mostra_led
     000000DA  _P5_2                              mostra_led
     000000DA  _PCA0CPM0                          mostra_led
     000000DB  G$CAN0TST$0$0                      mostra_led
     000000DB  G$CCF3$0$0                         mostra_led
     000000DB  G$P5_3$0$0                         mostra_led
     000000DB  G$PCA0CPM1$0$0                     mostra_led
     000000DB  _CAN0TST                           mostra_led
     000000DB  _CCF3                              mostra_led
     000000DB  _P5_3                              mostra_led
     000000DB  _PCA0CPM1                          mostra_led
     000000DC  G$CCF4$0$0                         mostra_led
     000000DC  G$P5_4$0$0                         mostra_led
     000000DC  G$PCA0CPM2$0$0                     mostra_led
     000000DC  _CCF4                              mostra_led
     000000DC  _P5_4                              mostra_led
     000000DC  _PCA0CPM2                          mostra_led
     000000DD  G$CCF5$0$0                         mostra_led
     000000DD  G$P5_5$0$0                         mostra_led
     000000DD  G$PCA0CPM3$0$0                     mostra_led
     000000DD  _CCF5                              mostra_led
     000000DD  _P5_5                              mostra_led
     000000DD  _PCA0CPM3                          mostra_led
     000000DE  G$CR$0$0                           mostra_led
     000000DE  G$P5_6$0$0                         mostra_led
     000000DE  G$PCA0CPM4$0$0                     mostra_led
     000000DE  _CR                                mostra_led
     000000DE  _P5_6                              mostra_led
     000000DE  _PCA0CPM4                          mostra_led
     000000DF  G$CF$0$0                           mostra_led
     000000DF  G$P5_7$0$0                         mostra_led
     000000DF  G$PCA0CPM5$0$0                     mostra_led
ASxxxx Linker V03.00 + NoICE + sdld,  page 14.
Hexadecimal  [32-Bits]

Area                                    Addr        Size        Decimal Bytes (Attributes)
--------------------------------        ----        ----        ------- ----- ------------
.  .ABS.                            00000000    00000000 =           0. bytes (ABS,CON)

      Value  Global                              Global Defined In Module
      -----  --------------------------------   ------------------------
     000000DF  _CF                                mostra_led
     000000DF  _P5_7                              mostra_led
     000000DF  _PCA0CPM5                          mostra_led
     000000E0  G$ACC$0$0                          mostra_led
     000000E0  _ACC                               mostra_led
     000000E1  G$PCA0CPL5$0$0                     mostra_led
     000000E1  G$XBR0$0$0                         mostra_led
     000000E1  _PCA0CPL5                          mostra_led
     000000E1  _XBR0                              mostra_led
     000000E2  G$PCA0CPH5$0$0                     mostra_led
     000000E2  G$XBR1$0$0                         mostra_led
     000000E2  _PCA0CPH5                          mostra_led
     000000E2  _XBR1                              mostra_led
     000000E3  G$XBR2$0$0                         mostra_led
     000000E3  _XBR2                              mostra_led
     000000E4  G$XBR3$0$0                         mostra_led
     000000E4  _XBR3                              mostra_led
     000000E6  G$EIE1$0$0                         mostra_led
     000000E6  _EIE1                              mostra_led
     000000E7  G$EIE2$0$0                         mostra_led
     000000E7  _EIE2                              mostra_led
     000000E8  G$AD0LJST$0$0                      mostra_led
     000000E8  G$AD2WINT$0$0                      mostra_led
     000000E8  G$ADC0CN$0$0                       mostra_led
     000000E8  G$ADC2CN$0$0                       mostra_led
     000000E8  G$P6$0$0                           mostra_led
     000000E8  G$P6_0$0$0                         mostra_led
     000000E8  _AD0LJST                           mostra_led
     000000E8  _AD2WINT                           mostra_led
     000000E8  _ADC0CN                            mostra_led
     000000E8  _ADC2CN                            mostra_led
     000000E8  _P6                                mostra_led
     000000E8  _P6_0                              mostra_led
     000000E9  G$AD0WINT$0$0                      mostra_led
     000000E9  G$AD2CM0$0$0                       mostra_led
     000000E9  G$P6_1$0$0                         mostra_led
     000000E9  G$PCA0CPL2$0$0                     mostra_led
     000000E9  _AD0WINT                           mostra_led
     000000E9  _AD2CM0                            mostra_led
     000000E9  _P6_1                              mostra_led
     000000E9  _PCA0CPL2                          mostra_led
     000000EA  G$AD0CM0$0$0                       mostra_led
     000000EA  G$AD2CM1$0$0                       mostra_led
     000000EA  G$P6_2$0$0                         mostra_led
     000000EA  G$PCA0CPH2$0$0                     mostra_led
     000000EA  _AD0CM0                            mostra_led
     000000EA  _AD2CM1                            mostra_led
     000000EA  _P6_2                              mostra_led
     000000EA  _PCA0CPH2                          mostra_led
     000000EB  G$AD0CM1$0$0                       mostra_led
     000000EB  G$AD2CM2$0$0                       mostra_led
ASxxxx Linker V03.00 + NoICE + sdld,  page 15.
Hexadecimal  [32-Bits]

Area                                    Addr        Size        Decimal Bytes (Attributes)
--------------------------------        ----        ----        ------- ----- ------------
.  .ABS.                            00000000    00000000 =           0. bytes (ABS,CON)

      Value  Global                              Global Defined In Module
      -----  --------------------------------   ------------------------
     000000EB  G$P6_3$0$0                         mostra_led
     000000EB  G$PCA0CPL3$0$0                     mostra_led
     000000EB  _AD0CM1                            mostra_led
     000000EB  _AD2CM2                            mostra_led
     000000EB  _P6_3                              mostra_led
     000000EB  _PCA0CPL3                          mostra_led
     000000EC  G$AD0BUSY$0$0                      mostra_led
     000000EC  G$AD2BUSY$0$0                      mostra_led
     000000EC  G$P6_4$0$0                         mostra_led
     000000EC  G$PCA0CPH3$0$0                     mostra_led
     000000EC  _AD0BUSY                           mostra_led
     000000EC  _AD2BUSY                           mostra_led
     000000EC  _P6_4                              mostra_led
     000000EC  _PCA0CPH3                          mostra_led
     000000ED  G$AD0INT$0$0                       mostra_led
     000000ED  G$AD2INT$0$0                       mostra_led
     000000ED  G$P6_5$0$0                         mostra_led
     000000ED  G$PCA0CPL4$0$0                     mostra_led
     000000ED  _AD0INT                            mostra_led
     000000ED  _AD2INT                            mostra_led
     000000ED  _P6_5                              mostra_led
     000000ED  _PCA0CPL4                          mostra_led
     000000EE  G$AD0TM$0$0                        mostra_led
     000000EE  G$AD2TM$0$0                        mostra_led
     000000EE  G$P6_6$0$0                         mostra_led
     000000EE  G$PCA0CPH4$0$0                     mostra_led
     000000EE  _AD0TM                             mostra_led
     000000EE  _AD2TM                             mostra_led
     000000EE  _P6_6                              mostra_led
     000000EE  _PCA0CPH4                          mostra_led
     000000EF  G$AD0EN$0$0                        mostra_led
     000000EF  G$AD2EN$0$0                        mostra_led
     000000EF  G$P6_7$0$0                         mostra_led
     000000EF  G$RSTSRC$0$0                       mostra_led
     000000EF  _AD0EN                             mostra_led
     000000EF  _AD2EN                             mostra_led
     000000EF  _P6_7                              mostra_led
     000000EF  _RSTSRC                            mostra_led
     000000F0  G$B$0$0                            mostra_led
     000000F0  _B                                 mostra_led
     000000F5  _B_5                               _gptrget
     000000F6  G$EIP1$0$0                         mostra_led
     000000F6  _B_6                               _gptrget
     000000F6  _EIP1                              mostra_led
     000000F7  G$EIP2$0$0                         mostra_led
     000000F7  _B_7                               _gptrget
     000000F7  _EIP2                              mostra_led
     000000F8  G$CAN0CN$0$0                       mostra_led
     000000F8  G$CANINIT$0$0                      mostra_led
     000000F8  G$P7$0$0                           mostra_led
     000000F8  G$P7_0$0$0                         mostra_led
ASxxxx Linker V03.00 + NoICE + sdld,  page 16.
Hexadecimal  [32-Bits]

Area                                    Addr        Size        Decimal Bytes (Attributes)
--------------------------------        ----        ----        ------- ----- ------------
.  .ABS.                            00000000    00000000 =           0. bytes (ABS,CON)

      Value  Global                              Global Defined In Module
      -----  --------------------------------   ------------------------
     000000F8  G$SPI0CN$0$0                       mostra_led
     000000F8  G$SPIEN$0$0                        mostra_led
     000000F8  _CAN0CN                            mostra_led
     000000F8  _CANINIT                           mostra_led
     000000F8  _P7                                mostra_led
     000000F8  _P7_0                              mostra_led
     000000F8  _SPI0CN                            mostra_led
     000000F8  _SPIEN                             mostra_led
     000000F9  G$CANIE$0$0                        mostra_led
     000000F9  G$P7_1$0$0                         mostra_led
     000000F9  G$PCA0L$0$0                        mostra_led
     000000F9  G$TXBMT$0$0                        mostra_led
     000000F9  _CANIE                             mostra_led
     000000F9  _P7_1                              mostra_led
     000000F9  _PCA0L                             mostra_led
     000000F9  _TXBMT                             mostra_led
     000000FA  G$CANSIE$0$0                       mostra_led
     000000FA  G$NSSMD0$0$0                       mostra_led
     000000FA  G$P7_2$0$0                         mostra_led
     000000FA  G$PCA0H$0$0                        mostra_led
     000000FA  _CANSIE                            mostra_led
     000000FA  _NSSMD0                            mostra_led
     000000FA  _P7_2                              mostra_led
     000000FA  _PCA0H                             mostra_led
     000000FB  G$CANEIE$0$0                       mostra_led
     000000FB  G$NSSMD1$0$0                       mostra_led
     000000FB  G$P7_3$0$0                         mostra_led
     000000FB  G$PCA0CPL0$0$0                     mostra_led
     000000FB  _CANEIE                            mostra_led
     000000FB  _NSSMD1                            mostra_led
     000000FB  _P7_3                              mostra_led
     000000FB  _PCA0CPL0                          mostra_led
     000000FC  G$CANIF$0$0                        mostra_led
     000000FC  G$P7_4$0$0                         mostra_led
     000000FC  G$PCA0CPH0$0$0                     mostra_led
     000000FC  G$RXOVRN$0$0                       mostra_led
     000000FC  _CANIF                             mostra_led
     000000FC  _P7_4                              mostra_led
     000000FC  _PCA0CPH0                          mostra_led
     000000FC  _RXOVRN                            mostra_led
     000000FD  G$CANDAR$0$0                       mostra_led
     000000FD  G$MODF$0$0                         mostra_led
     000000FD  G$P7_5$0$0                         mostra_led
     000000FD  G$PCA0CPL1$0$0                     mostra_led
     000000FD  _CANDAR                            mostra_led
     000000FD  _MODF                              mostra_led
     000000FD  _P7_5                              mostra_led
     000000FD  _PCA0CPL1                          mostra_led
     000000FE  G$CANCCE$0$0                       mostra_led
     000000FE  G$P7_6$0$0                         mostra_led
     000000FE  G$PCA0CPH1$0$0                     mostra_led
ASxxxx Linker V03.00 + NoICE + sdld,  page 17.
Hexadecimal  [32-Bits]

Area                                    Addr        Size        Decimal Bytes (Attributes)
--------------------------------        ----        ----        ------- ----- ------------
.  .ABS.                            00000000    00000000 =           0. bytes (ABS,CON)

      Value  Global                              Global Defined In Module
      -----  --------------------------------   ------------------------
     000000FE  G$WCOL$0$0                         mostra_led
     000000FE  _CANCCE                            mostra_led
     000000FE  _P7_6                              mostra_led
     000000FE  _PCA0CPH1                          mostra_led
     000000FE  _WCOL                              mostra_led
     000000FF  G$CANTEST$0$0                      mostra_led
     000000FF  G$P7_7$0$0                         mostra_led
     000000FF  G$SPIF$0$0                         mostra_led
     000000FF  G$WDTCN$0$0                        mostra_led
     000000FF  _CANTEST                           mostra_led
     000000FF  _P7_7                              mostra_led
     000000FF  _SPIF                              mostra_led
     000000FF  _WDTCN                             mostra_led
     00008382  G$DP$0$0                           mostra_led
     00008382  _DP                                mostra_led
     0000BFBE  G$ADC0$0$0                         mostra_led
     0000BFBE  _ADC0                              mostra_led
     0000C5C4  G$ADC0GT$0$0                       mostra_led
     0000C5C4  _ADC0GT                            mostra_led
     0000C7C6  G$ADC0LT$0$0                       mostra_led
     0000C7C6  _ADC0LT                            mostra_led
     0000CBCA  G$RCAP2$0$0                        mostra_led
     0000CBCA  G$RCAP3$0$0                        mostra_led
     0000CBCA  G$RCAP4$0$0                        mostra_led
     0000CBCA  _RCAP2                             mostra_led
     0000CBCA  _RCAP3                             mostra_led
     0000CBCA  _RCAP4                             mostra_led
     0000CDCC  G$TMR2$0$0                         mostra_led
     0000CDCC  G$TMR3$0$0                         mostra_led
     0000CDCC  G$TMR4$0$0                         mostra_led
     0000CDCC  _TMR2                              mostra_led
     0000CDCC  _TMR3                              mostra_led
     0000CDCC  _TMR4                              mostra_led
     0000D3D2  G$DAC0$0$0                         mostra_led
     0000D3D2  G$DAC1$0$0                         mostra_led
     0000D3D2  _DAC0                              mostra_led
     0000D3D2  _DAC1                              mostra_led
     0000D9D8  G$CAN0DAT$0$0                      mostra_led
     0000D9D8  _CAN0DAT                           mostra_led
     0000E2E1  G$PCA0CP5$0$0                      mostra_led
     0000E2E1  _PCA0CP5                           mostra_led
     0000EAE9  G$PCA0CP2$0$0                      mostra_led
     0000EAE9  _PCA0CP2                           mostra_led
     0000ECEB  G$PCA0CP3$0$0                      mostra_led
     0000ECEB  _PCA0CP3                           mostra_led
     0000EEED  G$PCA0CP4$0$0                      mostra_led
     0000EEED  _PCA0CP4                           mostra_led
     0000FAF9  G$PCA0$0$0                         mostra_led
     0000FAF9  _PCA0                              mostra_led
     0000FCFB  G$PCA0CP0$0$0                      mostra_led
     0000FCFB  _PCA0CP0                           mostra_led
ASxxxx Linker V03.00 + NoICE + sdld,  page 18.
Hexadecimal  [32-Bits]

Area                                    Addr        Size        Decimal Bytes (Attributes)
--------------------------------        ----        ----        ------- ----- ------------
.  .ABS.                            00000000    00000000 =           0. bytes (ABS,CON)

      Value  Global                              Global Defined In Module
      -----  --------------------------------   ------------------------
     0000FEFD  G$PCA0CP1$0$0                      mostra_led
     0000FEFD  _PCA0CP1                           mostra_led

ASxxxx Linker V03.00 + NoICE + sdld,  page 19.
Hexadecimal  [32-Bits]

Area                                    Addr        Size        Decimal Bytes (Attributes)
--------------------------------        ----        ----        ------- ----- ------------
REG_BANK_0                          00000000    00000008 =           8. bytes (REL,OVR)

      Value  Global                              Global Defined In Module
      -----  --------------------------------   ------------------------
ASxxxx Linker V03.00 + NoICE + sdld,  page 20.
Hexadecimal  [32-Bits]

Area                                    Addr        Size        Decimal Bytes (Attributes)
--------------------------------        ----        ----        ------- ----- ------------
DSEG                                00000000    00000080 =         128. bytes (REL,CON)

      Value  Global                              Global Defined In Module
      -----  --------------------------------   ------------------------
     00000008  G$PAux$0$0                         mostra_led
     00000008  _PAux                              mostra_led
     00000009  Lmostra_led.desloca_texto$t$1$33   mostra_led
     00000009  _desloca_texto_PARM_2              mostra_led
     0000000B  Lmostra_led.desloca_texto$text$1   mostra_led
     0000000E  Lmostra_led.desloca_texto$i$1$34   mostra_led
     00000010  Lmostra_led.desloca_texto$j$1$34   mostra_led

ASxxxx Linker V03.00 + NoICE + sdld,  page 21.
Hexadecimal  [32-Bits]

Area                                    Addr        Size        Decimal Bytes (Attributes)
--------------------------------        ----        ----        ------- ----- ------------
OSEG                                00000012    00000002 =           2. bytes (REL,OVR)

      Value  Global                              Global Defined In Module
      -----  --------------------------------   ------------------------
     00000012  __mulint_PARM_2                    _mulint

ASxxxx Linker V03.00 + NoICE + sdld,  page 22.
Hexadecimal  [32-Bits]

Area                                    Addr        Size        Decimal Bytes (Attributes)
--------------------------------        ----        ----        ------- ----- ------------
SSEG                                00000014    000000EC =         236. bytes (REL,OVR)

      Value  Global                              Global Defined In Module
      -----  --------------------------------   ------------------------
     00000014  __start__stack                     mostra_led

ASxxxx Linker V03.00 + NoICE + sdld,  page 23.
Hexadecimal  [32-Bits]

Area                                    Addr        Size        Decimal Bytes (Attributes)
--------------------------------        ----        ----        ------- ----- ------------
HOME                                00000000    00000006 =           6. bytes (REL,CON,CODE)

      Value  Global                              Global Defined In Module
      -----  --------------------------------   ------------------------
C:   00000000  A$mostra_led$1259                  mostra_led
C:   00000003  A$mostra_led$1284                  mostra_led
C:   00000003  __sdcc_program_startup             mostra_led
ASxxxx Linker V03.00 + NoICE + sdld,  page 24.
Hexadecimal  [32-Bits]

Area                                    Addr        Size        Decimal Bytes (Attributes)
--------------------------------        ----        ----        ------- ----- ------------
GSINIT0                             00000006    00000003 =           3. bytes (REL,CON,CODE)

      Value  Global                              Global Defined In Module
      -----  --------------------------------   ------------------------
C:   00000006  __sdcc_gsinit_startup              

ASxxxx Linker V03.00 + NoICE + sdld,  page 25.
Hexadecimal  [32-Bits]

Area                                    Addr        Size        Decimal Bytes (Attributes)
--------------------------------        ----        ----        ------- ----- ------------
GSINIT2                             00000009    0000000A =          10. bytes (REL,CON,CODE)

      Value  Global                              Global Defined In Module
      -----  --------------------------------   ------------------------
ASxxxx Linker V03.00 + NoICE + sdld,  page 26.
Hexadecimal  [32-Bits]

Area                                    Addr        Size        Decimal Bytes (Attributes)
--------------------------------        ----        ----        ------- ----- ------------
GSINIT3                             00000013    00000022 =          34. bytes (REL,CON,CODE)

      Value  Global                              Global Defined In Module
      -----  --------------------------------   ------------------------
C:   00000013  __mcs51_genXINIT                   

ASxxxx Linker V03.00 + NoICE + sdld,  page 27.
Hexadecimal  [32-Bits]

Area                                    Addr        Size        Decimal Bytes (Attributes)
--------------------------------        ----        ----        ------- ----- ------------
GSINIT4                             00000035    0000002A =          42. bytes (REL,CON,CODE)

      Value  Global                              Global Defined In Module
      -----  --------------------------------   ------------------------
C:   00000035  __mcs51_genRAMCLEAR                
C:   0000003B  __mcs51_genXRAMCLEAR               

ASxxxx Linker V03.00 + NoICE + sdld,  page 28.
Hexadecimal  [32-Bits]

Area                                    Addr        Size        Decimal Bytes (Attributes)
--------------------------------        ----        ----        ------- ----- ------------
GSINIT                              0000005F    00000003 =           3. bytes (REL,CON,CODE)

      Value  Global                              Global Defined In Module
      -----  --------------------------------   ------------------------
C:   0000005F  A$mostra_led$1275                  mostra_led
C:   0000005F  C$mostra_led.c$10$1$39             mostra_led

ASxxxx Linker V03.00 + NoICE + sdld,  page 29.
Hexadecimal  [32-Bits]

Area                                    Addr        Size        Decimal Bytes (Attributes)
--------------------------------        ----        ----        ------- ----- ------------
GSFINAL                             00000062    00000003 =           3. bytes (REL,CON,CODE)

      Value  Global                              Global Defined In Module
      -----  --------------------------------   ------------------------
C:   00000062  A$mostra_led$1277                  mostra_led

ASxxxx Linker V03.00 + NoICE + sdld,  page 30.
Hexadecimal  [32-Bits]

Area                                    Addr        Size        Decimal Bytes (Attributes)
--------------------------------        ----        ----        ------- ----- ------------
CSEG                                00000065    00000276 =         630. bytes (REL,CON,CODE)

      Value  Global                              Global Defined In Module
      -----  --------------------------------   ------------------------
C:   00000065  A$mostra_led$1310                  mostra_led
C:   00000065  C$config.c$10$0$0                  mostra_led
C:   00000065  C$config.c$12$1$1                  mostra_led
C:   00000065  G$Reset_Sources_Init$0$0           mostra_led
C:   00000065  _Reset_Sources_Init                mostra_led
C:   00000068  A$mostra_led$1313                  mostra_led
C:   00000068  C$config.c$13$1$1                  mostra_led
C:   0000006B  A$mostra_led$1316                  mostra_led
C:   0000006B  C$config.c$14$1$1                  mostra_led
C:   0000006B  XG$Reset_Sources_Init$0$0          mostra_led
C:   0000006C  A$mostra_led$1329                  mostra_led
C:   0000006C  C$config.c$16$1$1                  mostra_led
C:   0000006C  C$config.c$18$1$2                  mostra_led
C:   0000006C  G$Timer_Init$0$0                   mostra_led
C:   0000006C  _Timer_Init                        mostra_led
C:   0000006F  A$mostra_led$1332                  mostra_led
C:   0000006F  C$config.c$19$1$2                  mostra_led
C:   00000072  A$mostra_led$1335                  mostra_led
C:   00000072  C$config.c$20$1$2                  mostra_led
C:   00000075  A$mostra_led$1338                  mostra_led
C:   00000075  C$config.c$21$1$2                  mostra_led
C:   00000075  XG$Timer_Init$0$0                  mostra_led
C:   00000076  A$mostra_led$1351                  mostra_led
C:   00000076  C$config.c$23$1$2                  mostra_led
C:   00000076  C$config.c$61$1$3                  mostra_led
C:   00000076  G$Port_IO_Init$0$0                 mostra_led
C:   00000076  _Port_IO_Init                      mostra_led
C:   00000079  A$mostra_led$1354                  mostra_led
C:   00000079  C$config.c$62$1$3                  mostra_led
C:   0000007C  A$mostra_led$1357                  mostra_led
C:   0000007C  C$config.c$63$1$3                  mostra_led
C:   0000007F  A$mostra_led$1360                  mostra_led
C:   0000007F  C$config.c$64$1$3                  mostra_led
C:   00000082  A$mostra_led$1363                  mostra_led
C:   00000082  C$config.c$65$1$3                  mostra_led
C:   00000085  A$mostra_led$1366                  mostra_led
C:   00000085  C$config.c$66$1$3                  mostra_led
C:   00000088  A$mostra_led$1369                  mostra_led
C:   00000088  C$config.c$67$1$3                  mostra_led
C:   0000008B  A$mostra_led$1372                  mostra_led
C:   0000008B  C$config.c$68$1$3                  mostra_led
C:   0000008E  A$mostra_led$1375                  mostra_led
C:   0000008E  C$config.c$69$1$3                  mostra_led
C:   00000091  A$mostra_led$1378                  mostra_led
C:   00000091  C$config.c$70$1$3                  mostra_led
C:   00000094  A$mostra_led$1381                  mostra_led
C:   00000094  C$config.c$71$1$3                  mostra_led
C:   00000094  XG$Port_IO_Init$0$0                mostra_led
C:   00000095  A$mostra_led$1396                  mostra_led
C:   00000095  C$config.c$73$1$3                  mostra_led
ASxxxx Linker V03.00 + NoICE + sdld,  page 31.
Hexadecimal  [32-Bits]

Area                                    Addr        Size        Decimal Bytes (Attributes)
--------------------------------        ----        ----        ------- ----- ------------
CSEG                                00000065    00000276 =         630. bytes (REL,CON,CODE)

      Value  Global                              Global Defined In Module
      -----  --------------------------------   ------------------------
C:   00000095  C$config.c$76$1$4                  mostra_led
C:   00000095  G$Oscillator_Init$0$0              mostra_led
C:   00000095  _Oscillator_Init                   mostra_led
C:   00000098  A$mostra_led$1399                  mostra_led
C:   00000098  C$config.c$77$1$4                  mostra_led
C:   0000009B  A$mostra_led$1402                  mostra_led
C:   0000009B  C$config.c$78$1$4                  mostra_led
C:   0000009D  A$mostra_led$1403                  mostra_led
C:   0000009F  A$mostra_led$1405                  mostra_led
C:   000000A0  A$mostra_led$1406                  mostra_led
C:   000000A2  A$mostra_led$1407                  mostra_led
C:   000000A3  A$mostra_led$1408                  mostra_led
C:   000000A4  A$mostra_led$1409                  mostra_led
C:   000000A6  A$mostra_led$1410                  mostra_led
C:   000000A7  A$mostra_led$1411                  mostra_led
C:   000000A9  A$mostra_led$1412                  mostra_led
C:   000000AB  A$mostra_led$1413                  mostra_led
C:   000000AC  A$mostra_led$1414                  mostra_led
C:   000000AD  A$mostra_led$1415                  mostra_led
C:   000000AF  A$mostra_led$1419                  mostra_led
C:   000000AF  C$config.c$79$1$4                  mostra_led
C:   000000B1  A$mostra_led$1420                  mostra_led
C:   000000B4  A$mostra_led$1423                  mostra_led
C:   000000B4  C$config.c$80$1$4                  mostra_led
C:   000000B7  A$mostra_led$1426                  mostra_led
C:   000000B7  C$config.c$81$1$4                  mostra_led
C:   000000B7  XG$Oscillator_Init$0$0             mostra_led
C:   000000B8  A$mostra_led$1439                  mostra_led
C:   000000B8  C$config.c$83$1$4                  mostra_led
C:   000000B8  C$config.c$85$1$5                  mostra_led
C:   000000B8  G$Interrupts_Init$0$0              mostra_led
C:   000000B8  _Interrupts_Init                   mostra_led
C:   000000BB  A$mostra_led$1442                  mostra_led
C:   000000BB  C$config.c$86$1$5                  mostra_led
C:   000000BE  A$mostra_led$1445                  mostra_led
C:   000000BE  C$config.c$87$1$5                  mostra_led
C:   000000BE  XG$Interrupts_Init$0$0             mostra_led
C:   000000BF  A$mostra_led$1458                  mostra_led
C:   000000BF  C$config.c$91$1$5                  mostra_led
C:   000000BF  C$config.c$93$1$7                  mostra_led
C:   000000BF  G$Init_Device$0$0                  mostra_led
C:   000000BF  _Init_Device                       mostra_led
C:   000000C2  A$mostra_led$1461                  mostra_led
C:   000000C2  C$config.c$94$1$7                  mostra_led
C:   000000C5  A$mostra_led$1464                  mostra_led
C:   000000C5  C$config.c$95$1$7                  mostra_led
C:   000000C8  A$mostra_led$1467                  mostra_led
C:   000000C8  C$config.c$96$1$7                  mostra_led
C:   000000CB  A$mostra_led$1470                  mostra_led
C:   000000CB  C$config.c$97$1$7                  mostra_led
C:   000000CE  A$mostra_led$1473                  mostra_led
ASxxxx Linker V03.00 + NoICE + sdld,  page 32.
Hexadecimal  [32-Bits]

Area                                    Addr        Size        Decimal Bytes (Attributes)
--------------------------------        ----        ----        ------- ----- ------------
CSEG                                00000065    00000276 =         630. bytes (REL,CON,CODE)

      Value  Global                              Global Defined In Module
      -----  --------------------------------   ------------------------
C:   000000CE  C$config.c$98$1$7                  mostra_led
C:   000000CE  XG$Init_Device$0$0                 mostra_led
C:   000000CF  A$mostra_led$1486                  mostra_led
C:   000000CF  C$mostra_led.c$60$1$7              mostra_led
C:   000000CF  G$delay_ms$0$0                     mostra_led
C:   000000CF  _delay_ms                          mostra_led
C:   000000D1  A$mostra_led$1487                  mostra_led
C:   000000D3  A$mostra_led$1490                  mostra_led
C:   000000D3  C$mostra_led.c$63$1$29             mostra_led
C:   000000D6  A$mostra_led$1493                  mostra_led
C:   000000D6  C$mostra_led.c$64$1$29             mostra_led
C:   000000D9  A$mostra_led$1497                  mostra_led
C:   000000DA  A$mostra_led$1498                  mostra_led
C:   000000DB  A$mostra_led$1499                  mostra_led
C:   000000DD  A$mostra_led$1502                  mostra_led
C:   000000DD  C$mostra_led.c$69$2$30             mostra_led
C:   000000DF  A$mostra_led$1505                  mostra_led
C:   000000DF  C$mostra_led.c$70$2$30             mostra_led
C:   000000E1  A$mostra_led$1508                  mostra_led
C:   000000E1  C$mostra_led.c$72$2$30             mostra_led
C:   000000E4  A$mostra_led$1511                  mostra_led
C:   000000E4  C$mostra_led.c$74$2$30             mostra_led
C:   000000E7  A$mostra_led$1514                  mostra_led
C:   000000E7  C$mostra_led.c$76$2$30             mostra_led
C:   000000E9  A$mostra_led$1518                  mostra_led
C:   000000E9  C$mostra_led.c$78$2$30             mostra_led
C:   000000EC  A$mostra_led$1521                  mostra_led
C:   000000EC  C$mostra_led.c$67$1$29             mostra_led
C:   000000ED  A$mostra_led$1522                  mostra_led
C:   000000F0  A$mostra_led$1523                  mostra_led
C:   000000F1  A$mostra_led$1525                  mostra_led
C:   000000F3  A$mostra_led$1529                  mostra_led
C:   000000F3  C$mostra_led.c$81$1$29             mostra_led
C:   000000F3  XG$delay_ms$0$0                    mostra_led
C:   000000F4  A$mostra_led$1542                  mostra_led
C:   000000F4  C$mostra_led.c$84$1$29             mostra_led
C:   000000F4  C$mostra_led.c$86$1$31             mostra_led
C:   000000F4  G$clear$0$0                        mostra_led
C:   000000F4  _clear                             mostra_led
C:   000000F7  A$mostra_led$1543                  mostra_led
C:   000000FA  A$mostra_led$1544                  mostra_led
C:   000000FD  A$mostra_led$1545                  mostra_led
C:   00000100  A$mostra_led$1546                  mostra_led
C:   00000103  A$mostra_led$1549                  mostra_led
C:   00000103  C$mostra_led.c$87$1$31             mostra_led
C:   00000106  A$mostra_led$1552                  mostra_led
C:   00000106  C$mostra_led.c$88$1$31             mostra_led
C:   00000109  A$mostra_led$1553                  mostra_led
C:   0000010C  A$mostra_led$1554                  mostra_led
C:   0000010F  A$mostra_led$1555                  mostra_led
C:   00000112  A$mostra_led$1558                  mostra_led
ASxxxx Linker V03.00 + NoICE + sdld,  page 33.
Hexadecimal  [32-Bits]

Area                                    Addr        Size        Decimal Bytes (Attributes)
--------------------------------        ----        ----        ------- ----- ------------
CSEG                                00000065    00000276 =         630. bytes (REL,CON,CODE)

      Value  Global                              Global Defined In Module
      -----  --------------------------------   ------------------------
C:   00000112  C$mostra_led.c$89$1$31             mostra_led
C:   00000115  A$mostra_led$1561                  mostra_led
C:   00000115  C$mostra_led.c$90$1$31             mostra_led
C:   00000115  XG$clear$0$0                       mostra_led
C:   00000116  A$mostra_led$1574                  mostra_led
C:   00000116  C$mostra_led.c$93$1$31             mostra_led
C:   00000116  C$mostra_led.c$95$1$32             mostra_led
C:   00000116  G$copyP0_P6$0$0                    mostra_led
C:   00000116  _copyP0_P6                         mostra_led
C:   00000119  A$mostra_led$1577                  mostra_led
C:   00000119  C$mostra_led.c$96$1$32             mostra_led
C:   0000011C  A$mostra_led$1580                  mostra_led
C:   0000011C  C$mostra_led.c$97$1$32             mostra_led
C:   0000011F  A$mostra_led$1583                  mostra_led
C:   0000011F  C$mostra_led.c$98$1$32             mostra_led
C:   00000122  A$mostra_led$1586                  mostra_led
C:   00000122  C$mostra_led.c$99$1$32             mostra_led
C:   00000125  A$mostra_led$1589                  mostra_led
C:   00000125  C$mostra_led.c$100$1$32            mostra_led
C:   00000128  A$mostra_led$1592                  mostra_led
C:   00000128  C$mostra_led.c$101$1$32            mostra_led
C:   0000012B  A$mostra_led$1595                  mostra_led
C:   0000012B  C$mostra_led.c$102$1$32            mostra_led
C:   0000012E  A$mostra_led$1598                  mostra_led
C:   0000012E  C$mostra_led.c$103$1$32            mostra_led
C:   00000131  A$mostra_led$1601                  mostra_led
C:   00000131  C$mostra_led.c$104$1$32            mostra_led
C:   00000134  A$mostra_led$1604                  mostra_led
C:   00000134  C$mostra_led.c$105$1$32            mostra_led
C:   00000134  XG$copyP0_P6$0$0                   mostra_led
C:   00000135  A$mostra_led$1624                  mostra_led
C:   00000135  C$mostra_led.c$108$1$32            mostra_led
C:   00000135  C$mostra_led.c$111$1$34            mostra_led
C:   00000135  G$desloca_texto$0$0                mostra_led
C:   00000135  _desloca_texto                     mostra_led
C:   00000138  A$mostra_led$1625                  mostra_led
C:   0000013B  A$mostra_led$1626                  mostra_led
C:   0000013E  A$mostra_led$1627                  mostra_led
C:   00000141  A$mostra_led$1628                  mostra_led
C:   00000143  A$mostra_led$1629                  mostra_led
C:   00000145  A$mostra_led$1632                  mostra_led
C:   00000145  C$mostra_led.c$112$1$34            mostra_led
C:   00000147  A$mostra_led$1633                  mostra_led
C:   00000149  A$mostra_led$1636                  mostra_led
C:   00000149  C$mostra_led.c$115$1$34            mostra_led
C:   0000014B  A$mostra_led$1637                  mostra_led
C:   0000014D  A$mostra_led$1638                  mostra_led
C:   0000014F  A$mostra_led$1639                  mostra_led
C:   00000151  A$mostra_led$1640                  mostra_led
C:   00000154  A$mostra_led$1641                  mostra_led
C:   00000156  A$mostra_led$1642                  mostra_led
ASxxxx Linker V03.00 + NoICE + sdld,  page 34.
Hexadecimal  [32-Bits]

Area                                    Addr        Size        Decimal Bytes (Attributes)
--------------------------------        ----        ----        ------- ----- ------------
CSEG                                00000065    00000276 =         630. bytes (REL,CON,CODE)

      Value  Global                              Global Defined In Module
      -----  --------------------------------   ------------------------
C:   00000158  A$mostra_led$1643                  mostra_led
C:   0000015A  A$mostra_led$1644                  mostra_led
C:   0000015C  A$mostra_led$1647                  mostra_led
C:   0000015C  C$mostra_led.c$118$3$37            mostra_led
C:   0000015E  A$mostra_led$1648                  mostra_led
C:   00000160  A$mostra_led$1649                  mostra_led
C:   00000163  A$mostra_led$1650                  mostra_led
C:   00000165  A$mostra_led$1651                  mostra_led
C:   00000167  A$mostra_led$1652                  mostra_led
C:   0000016A  A$mostra_led$1653                  mostra_led
C:   0000016C  A$mostra_led$1654                  mostra_led
C:   0000016F  A$mostra_led$1655                  mostra_led
C:   00000171  A$mostra_led$1656                  mostra_led
C:   00000173  A$mostra_led$1657                  mostra_led
C:   00000175  A$mostra_led$1658                  mostra_led
C:   00000176  A$mostra_led$1659                  mostra_led
C:   00000177  A$mostra_led$1660                  mostra_led
C:   00000179  A$mostra_led$1661                  mostra_led
C:   0000017A  A$mostra_led$1662                  mostra_led
C:   0000017B  A$mostra_led$1663                  mostra_led
C:   0000017D  A$mostra_led$1664                  mostra_led
C:   0000017F  A$mostra_led$1665                  mostra_led
C:   00000181  A$mostra_led$1666                  mostra_led
C:   00000183  A$mostra_led$1668                  mostra_led
C:   00000184  A$mostra_led$1669                  mostra_led
C:   00000186  A$mostra_led$1670                  mostra_led
C:   00000187  A$mostra_led$1671                  mostra_led
C:   00000189  A$mostra_led$1672                  mostra_led
C:   0000018A  A$mostra_led$1673                  mostra_led
C:   0000018C  A$mostra_led$1674                  mostra_led
C:   0000018F  A$mostra_led$1678                  mostra_led
C:   0000018F  C$mostra_led.c$121$2$35            mostra_led
C:   00000190  A$mostra_led$1679                  mostra_led
C:   00000191  A$mostra_led$1680                  mostra_led
C:   00000193  A$mostra_led$1681                  mostra_led
C:   00000194  A$mostra_led$1682                  mostra_led
C:   00000196  A$mostra_led$1683                  mostra_led
C:   00000198  A$mostra_led$1686                  mostra_led
C:   00000198  C$mostra_led.c$124$3$36            mostra_led
C:   0000019A  A$mostra_led$1687                  mostra_led
C:   0000019C  A$mostra_led$1688                  mostra_led
C:   0000019E  A$mostra_led$1689                  mostra_led
C:   000001A0  A$mostra_led$1690                  mostra_led
C:   000001A3  A$mostra_led$1691                  mostra_led
C:   000001A5  A$mostra_led$1692                  mostra_led
C:   000001A7  A$mostra_led$1693                  mostra_led
C:   000001A9  A$mostra_led$1694                  mostra_led
C:   000001AB  A$mostra_led$1697                  mostra_led
C:   000001AB  C$mostra_led.c$125$3$36            mostra_led
C:   000001AE  A$mostra_led$1700                  mostra_led
C:   000001AE  C$mostra_led.c$126$3$36            mostra_led
ASxxxx Linker V03.00 + NoICE + sdld,  page 35.
Hexadecimal  [32-Bits]

Area                                    Addr        Size        Decimal Bytes (Attributes)
--------------------------------        ----        ----        ------- ----- ------------
CSEG                                00000065    00000276 =         630. bytes (REL,CON,CODE)

      Value  Global                              Global Defined In Module
      -----  --------------------------------   ------------------------
C:   000001B0  A$mostra_led$1701                  mostra_led
C:   000001B2  A$mostra_led$1702                  mostra_led
C:   000001B3  A$mostra_led$1703                  mostra_led
C:   000001B5  A$mostra_led$1704                  mostra_led
C:   000001B7  A$mostra_led$1705                  mostra_led
C:   000001B8  A$mostra_led$1706                  mostra_led
C:   000001BA  A$mostra_led$1707                  mostra_led
C:   000001BC  A$mostra_led$1708                  mostra_led
C:   000001BE  A$mostra_led$1709                  mostra_led
C:   000001C0  A$mostra_led$1710                  mostra_led
C:   000001C3  A$mostra_led$1711                  mostra_led
C:   000001C4  A$mostra_led$1712                  mostra_led
C:   000001C6  A$mostra_led$1713                  mostra_led
C:   000001C9  A$mostra_led$1714                  mostra_led
C:   000001CA  A$mostra_led$1715                  mostra_led
C:   000001CC  A$mostra_led$1716                  mostra_led
C:   000001CD  A$mostra_led$1717                  mostra_led
C:   000001CF  A$mostra_led$1718                  mostra_led
C:   000001D1  A$mostra_led$1719                  mostra_led
C:   000001D2  A$mostra_led$1720                  mostra_led
C:   000001D3  A$mostra_led$1721                  mostra_led
C:   000001D4  A$mostra_led$1722                  mostra_led
C:   000001D6  A$mostra_led$1723                  mostra_led
C:   000001D7  A$mostra_led$1724                  mostra_led
C:   000001D8  A$mostra_led$1725                  mostra_led
C:   000001DA  A$mostra_led$1726                  mostra_led
C:   000001DB  A$mostra_led$1727                  mostra_led
C:   000001DC  A$mostra_led$1728                  mostra_led
C:   000001DE  A$mostra_led$1731                  mostra_led
C:   000001DE  C$mostra_led.c$127$3$36            mostra_led
C:   000001E1  A$mostra_led$1734                  mostra_led
C:   000001E1  C$mostra_led.c$130$3$36            mostra_led
C:   000001E2  A$mostra_led$1735                  mostra_led
C:   000001E5  A$mostra_led$1736                  mostra_led
C:   000001E6  A$mostra_led$1737                  mostra_led
C:   000001E8  A$mostra_led$1741                  mostra_led
C:   000001E8  C$mostra_led.c$132$2$35            mostra_led
C:   000001EB  A$mostra_led$1742                  mostra_led
C:   000001EE  A$mostra_led$1745                  mostra_led
C:   000001EE  C$mostra_led.c$135$3$37            mostra_led
C:   000001F0  A$mostra_led$1746                  mostra_led
C:   000001F2  A$mostra_led$1747                  mostra_led
C:   000001F4  A$mostra_led$1748                  mostra_led
C:   000001F6  A$mostra_led$1749                  mostra_led
C:   000001F9  A$mostra_led$1750                  mostra_led
C:   000001FB  A$mostra_led$1751                  mostra_led
C:   000001FD  A$mostra_led$1752                  mostra_led
C:   000001FF  A$mostra_led$1753                  mostra_led
C:   00000201  A$mostra_led$1756                  mostra_led
C:   00000201  C$mostra_led.c$136$3$37            mostra_led
C:   00000204  A$mostra_led$1759                  mostra_led
ASxxxx Linker V03.00 + NoICE + sdld,  page 36.
Hexadecimal  [32-Bits]

Area                                    Addr        Size        Decimal Bytes (Attributes)
--------------------------------        ----        ----        ------- ----- ------------
CSEG                                00000065    00000276 =         630. bytes (REL,CON,CODE)

      Value  Global                              Global Defined In Module
      -----  --------------------------------   ------------------------
C:   00000204  C$mostra_led.c$137$3$37            mostra_led
C:   00000206  A$mostra_led$1760                  mostra_led
C:   00000208  A$mostra_led$1761                  mostra_led
C:   00000209  A$mostra_led$1762                  mostra_led
C:   0000020B  A$mostra_led$1763                  mostra_led
C:   0000020D  A$mostra_led$1764                  mostra_led
C:   0000020E  A$mostra_led$1765                  mostra_led
C:   00000210  A$mostra_led$1766                  mostra_led
C:   00000212  A$mostra_led$1767                  mostra_led
C:   00000214  A$mostra_led$1768                  mostra_led
C:   00000216  A$mostra_led$1769                  mostra_led
C:   00000219  A$mostra_led$1770                  mostra_led
C:   0000021A  A$mostra_led$1771                  mostra_led
C:   0000021C  A$mostra_led$1772                  mostra_led
C:   0000021F  A$mostra_led$1773                  mostra_led
C:   00000220  A$mostra_led$1774                  mostra_led
C:   00000222  A$mostra_led$1775                  mostra_led
C:   00000223  A$mostra_led$1776                  mostra_led
C:   00000225  A$mostra_led$1777                  mostra_led
C:   00000227  A$mostra_led$1778                  mostra_led
C:   00000228  A$mostra_led$1779                  mostra_led
C:   00000229  A$mostra_led$1780                  mostra_led
C:   0000022A  A$mostra_led$1781                  mostra_led
C:   0000022C  A$mostra_led$1782                  mostra_led
C:   0000022D  A$mostra_led$1783                  mostra_led
C:   0000022E  A$mostra_led$1784                  mostra_led
C:   00000230  A$mostra_led$1785                  mostra_led
C:   00000231  A$mostra_led$1786                  mostra_led
C:   00000232  A$mostra_led$1787                  mostra_led
C:   00000234  A$mostra_led$1790                  mostra_led
C:   00000234  C$mostra_led.c$138$3$37            mostra_led
C:   00000237  A$mostra_led$1793                  mostra_led
C:   00000237  C$mostra_led.c$141$3$37            mostra_led
C:   00000239  A$mostra_led$1794                  mostra_led
C:   0000023B  A$mostra_led$1797                  mostra_led
C:   0000023B  C$mostra_led.c$142$3$37            mostra_led
C:   0000023D  A$mostra_led$1798                  mostra_led
C:   0000023E  A$mostra_led$1799                  mostra_led
C:   00000241  A$mostra_led$1800                  mostra_led
C:   00000243  A$mostra_led$1805                  mostra_led
C:   00000243  C$mostra_led.c$147$2$35            mostra_led
C:   00000246  A$mostra_led$1806                  mostra_led
C:   00000249  A$mostra_led$1807                  mostra_led
C:   0000024B  A$mostra_led$1808                  mostra_led
C:   0000024D  A$mostra_led$1809                  mostra_led
C:   0000024F  A$mostra_led$1810                  mostra_led
C:   00000251  A$mostra_led$1811                  mostra_led
C:   00000254  A$mostra_led$1812                  mostra_led
C:   00000256  A$mostra_led$1813                  mostra_led
C:   00000258  A$mostra_led$1814                  mostra_led
C:   0000025A  A$mostra_led$1815                  mostra_led
ASxxxx Linker V03.00 + NoICE + sdld,  page 37.
Hexadecimal  [32-Bits]

Area                                    Addr        Size        Decimal Bytes (Attributes)
--------------------------------        ----        ----        ------- ----- ------------
CSEG                                00000065    00000276 =         630. bytes (REL,CON,CODE)

      Value  Global                              Global Defined In Module
      -----  --------------------------------   ------------------------
C:   0000025C  A$mostra_led$1818                  mostra_led
C:   0000025C  C$mostra_led.c$118$1$34            mostra_led
C:   0000025E  A$mostra_led$1819                  mostra_led
C:   0000025F  A$mostra_led$1820                  mostra_led
C:   00000262  A$mostra_led$1821                  mostra_led
C:   00000264  A$mostra_led$1823                  mostra_led
C:   00000267  A$mostra_led$1827                  mostra_led
C:   00000267  C$mostra_led.c$150$1$34            mostra_led
C:   0000026A  A$mostra_led$1830                  mostra_led
C:   0000026A  C$mostra_led.c$151$1$34            mostra_led
C:   0000026A  XG$desloca_texto$0$0               mostra_led
C:   0000026B  A$mostra_led$1845                  mostra_led
C:   0000026B  C$mostra_led.c$154$1$34            mostra_led
C:   0000026B  C$mostra_led.c$158$1$39            mostra_led
C:   0000026B  G$main$0$0                         mostra_led
C:   0000026B  _main                              mostra_led
C:   0000026E  A$mostra_led$1848                  mostra_led
C:   0000026E  C$mostra_led.c$159$1$39            mostra_led
C:   00000271  A$mostra_led$1851                  mostra_led
C:   00000271  C$mostra_led.c$160$1$39            mostra_led
C:   00000274  A$mostra_led$1857                  mostra_led
C:   00000274  C$mostra_led.c$162$1$39            mostra_led
C:   00000274  C$mostra_led.c$164$2$40            mostra_led
C:   00000277  A$mostra_led$1858                  mostra_led
C:   0000027A  A$mostra_led$1859                  mostra_led
C:   0000027D  A$mostra_led$1860                  mostra_led
C:   00000280  A$mostra_led$1861                  mostra_led
C:   00000283  A$mostra_led$1862                  mostra_led
C:   00000285  A$mostra_led$1865                  mostra_led
C:   00000285  C$mostra_led.c$166$1$39            mostra_led
C:   00000285  XG$main$0$0                        mostra_led
C:   00000286  __mulint                           _mulint
C:   00000286  __mulint_dummy                     _mulint
C:   000002A3  _strlen                            _strlen
C:   000002BB  __gptrget                          _gptrget
C:   000002D7  __sdcc_external_startup            _startup

ASxxxx Linker V03.00 + NoICE + sdld,  page 38.
Hexadecimal  [32-Bits]

Area                                    Addr        Size        Decimal Bytes (Attributes)
--------------------------------        ----        ----        ------- ----- ------------
CONST                               000002DB    000000B6 =         182. bytes (REL,CON,CODE)

      Value  Global                              Global Defined In Module
      -----  --------------------------------   ------------------------
C:   000002DB  G$mat$0$0                          mostra_led
C:   000002DB  _mat                               mostra_led
C:   0000038B  Fmostra_led$__str_0$0$0            mostra_led
ASxxxx Linker V03.00 + NoICE + sdld,  page 39.

Files Linked                              [ module(s) ]

Z:\micap\mostra_char\mostra_led.rel       [  ]


Libraries Linked                          [ object file ]

C:\Program Files\SDCC\bin\..\lib\small/mcs51.lib
                                          [ crtclear.rel ]
C:\Program Files\SDCC\bin\..\lib\small/mcs51.lib
                                          [ crtxinit.rel ]
C:\Program Files\SDCC\bin\..\lib\small/libint.lib
                                          [ _mulint.rel ]
C:\Program Files\SDCC\bin\..\lib\small/mcs51.lib
                                          [ crtxclear.rel ]
C:\Program Files\SDCC\bin\..\lib\small/libsdcc.lib
                                          [ _strlen.rel ]
C:\Program Files\SDCC\bin\..\lib\small/mcs51.lib
                                          [ crtstart.rel ]
C:\Program Files\SDCC\bin\..\lib\small/libsdcc.lib
                                          [ _gptrget.rel ]
C:\Program Files\SDCC\bin\..\lib\small/libsdcc.lib
                                          [ _startup.rel ]

ASxxxx Linker V03.00 + NoICE + sdld,  page 40.

User Base Address Definitions

HOME = 0x0000
XSEG = 0x0001
PSEG = 0x0001
ISEG = 0x0000
BSEG = 0x0000

