                                      1 ;--------------------------------------------------------
                                      2 ; File Created by SDCC : free open source ANSI-C Compiler
                                      3 ; Version 3.6.0 #9615 (MINGW64)
                                      4 ;--------------------------------------------------------
                                      5 	.module main
                                      6 	.optsdcc -mmcs51 --model-small
                                      7 	
                                      8 ;--------------------------------------------------------
                                      9 ; Public variables in this module
                                     10 ;--------------------------------------------------------
                                     11 	.globl _main
                                     12 	.globl _delay_us
                                     13 	.globl _delay_ms
                                     14 	.globl _Init_Device
                                     15 	.globl _Interrupts_Init
                                     16 	.globl _Oscillator_Init
                                     17 	.globl _Port_IO_Init
                                     18 	.globl _Timer_Init
                                     19 	.globl _Reset_Sources_Init
                                     20 	.globl _P7_7
                                     21 	.globl _P7_6
                                     22 	.globl _P7_5
                                     23 	.globl _P7_4
                                     24 	.globl _P7_3
                                     25 	.globl _P7_2
                                     26 	.globl _P7_1
                                     27 	.globl _P7_0
                                     28 	.globl _P6_7
                                     29 	.globl _P6_6
                                     30 	.globl _P6_5
                                     31 	.globl _P6_4
                                     32 	.globl _P6_3
                                     33 	.globl _P6_2
                                     34 	.globl _P6_1
                                     35 	.globl _P6_0
                                     36 	.globl _P5_7
                                     37 	.globl _P5_6
                                     38 	.globl _P5_5
                                     39 	.globl _P5_4
                                     40 	.globl _P5_3
                                     41 	.globl _P5_2
                                     42 	.globl _P5_1
                                     43 	.globl _P5_0
                                     44 	.globl _P4_7
                                     45 	.globl _P4_6
                                     46 	.globl _P4_5
                                     47 	.globl _P4_4
                                     48 	.globl _P4_3
                                     49 	.globl _P4_2
                                     50 	.globl _P4_1
                                     51 	.globl _P4_0
                                     52 	.globl _P3_7
                                     53 	.globl _P3_6
                                     54 	.globl _P3_5
                                     55 	.globl _P3_4
                                     56 	.globl _P3_3
                                     57 	.globl _P3_2
                                     58 	.globl _P3_1
                                     59 	.globl _P3_0
                                     60 	.globl _P2_7
                                     61 	.globl _P2_6
                                     62 	.globl _P2_5
                                     63 	.globl _P2_4
                                     64 	.globl _P2_3
                                     65 	.globl _P2_2
                                     66 	.globl _P2_1
                                     67 	.globl _P2_0
                                     68 	.globl _P1_7
                                     69 	.globl _P1_6
                                     70 	.globl _P1_5
                                     71 	.globl _P1_4
                                     72 	.globl _P1_3
                                     73 	.globl _P1_2
                                     74 	.globl _P1_1
                                     75 	.globl _P1_0
                                     76 	.globl _P0_7
                                     77 	.globl _P0_6
                                     78 	.globl _P0_5
                                     79 	.globl _P0_4
                                     80 	.globl _P0_3
                                     81 	.globl _P0_2
                                     82 	.globl _P0_1
                                     83 	.globl _P0_0
                                     84 	.globl _CANTEST
                                     85 	.globl _CANCCE
                                     86 	.globl _CANDAR
                                     87 	.globl _CANIF
                                     88 	.globl _CANEIE
                                     89 	.globl _CANSIE
                                     90 	.globl _CANIE
                                     91 	.globl _CANINIT
                                     92 	.globl _SPIEN
                                     93 	.globl _TXBMT
                                     94 	.globl _NSSMD0
                                     95 	.globl _NSSMD1
                                     96 	.globl _RXOVRN
                                     97 	.globl _MODF
                                     98 	.globl _WCOL
                                     99 	.globl _SPIF
                                    100 	.globl _AD2WINT
                                    101 	.globl _AD2CM0
                                    102 	.globl _AD2CM1
                                    103 	.globl _AD2CM2
                                    104 	.globl _AD2BUSY
                                    105 	.globl _AD2INT
                                    106 	.globl _AD2TM
                                    107 	.globl _AD2EN
                                    108 	.globl _AD0LJST
                                    109 	.globl _AD0WINT
                                    110 	.globl _AD0CM0
                                    111 	.globl _AD0CM1
                                    112 	.globl _AD0BUSY
                                    113 	.globl _AD0INT
                                    114 	.globl _AD0TM
                                    115 	.globl _AD0EN
                                    116 	.globl _CCF0
                                    117 	.globl _CCF1
                                    118 	.globl _CCF2
                                    119 	.globl _CCF3
                                    120 	.globl _CCF4
                                    121 	.globl _CCF5
                                    122 	.globl _CR
                                    123 	.globl _CF
                                    124 	.globl _P
                                    125 	.globl _F1
                                    126 	.globl _OV
                                    127 	.globl _RS0
                                    128 	.globl _RS1
                                    129 	.globl _F0
                                    130 	.globl _AC
                                    131 	.globl _CY
                                    132 	.globl _CPRL4
                                    133 	.globl _CT4
                                    134 	.globl _TR4
                                    135 	.globl _EXEN4
                                    136 	.globl _EXF4
                                    137 	.globl _TF4
                                    138 	.globl _CPRL3
                                    139 	.globl _CT3
                                    140 	.globl _TR3
                                    141 	.globl _EXEN3
                                    142 	.globl _EXF3
                                    143 	.globl _TF3
                                    144 	.globl _CPRL2
                                    145 	.globl _CT2
                                    146 	.globl _TR2
                                    147 	.globl _EXEN2
                                    148 	.globl _EXF2
                                    149 	.globl _TF2
                                    150 	.globl _LEC0
                                    151 	.globl _LEC1
                                    152 	.globl _LEC2
                                    153 	.globl _TXOK
                                    154 	.globl _RXOK
                                    155 	.globl _EPASS
                                    156 	.globl _EWARN
                                    157 	.globl _BOFF
                                    158 	.globl _SMBTOE
                                    159 	.globl _SMBFTE
                                    160 	.globl _AA
                                    161 	.globl _SI
                                    162 	.globl _STO
                                    163 	.globl _STA
                                    164 	.globl _ENSMB
                                    165 	.globl _BUSY
                                    166 	.globl _PX0
                                    167 	.globl _PT0
                                    168 	.globl _PX1
                                    169 	.globl _PT1
                                    170 	.globl _PS0
                                    171 	.globl _PT2
                                    172 	.globl _EX0
                                    173 	.globl _ET0
                                    174 	.globl _EX1
                                    175 	.globl _ET1
                                    176 	.globl _ES0
                                    177 	.globl _ET2
                                    178 	.globl _EA
                                    179 	.globl _RI1
                                    180 	.globl _TI1
                                    181 	.globl _RB81
                                    182 	.globl _TB81
                                    183 	.globl _REN1
                                    184 	.globl _MCE1
                                    185 	.globl _S1MODE
                                    186 	.globl _RI0
                                    187 	.globl _TI0
                                    188 	.globl _RB80
                                    189 	.globl _TB80
                                    190 	.globl _REN0
                                    191 	.globl _SM20
                                    192 	.globl _SM10
                                    193 	.globl _SM00
                                    194 	.globl _CP2HYN0
                                    195 	.globl _CP2HYN1
                                    196 	.globl _CP2HYP0
                                    197 	.globl _CP2HYP1
                                    198 	.globl _CP2FIF
                                    199 	.globl _CP2RIF
                                    200 	.globl _CP2OUT
                                    201 	.globl _CP2EN
                                    202 	.globl _CP1HYN0
                                    203 	.globl _CP1HYN1
                                    204 	.globl _CP1HYP0
                                    205 	.globl _CP1HYP1
                                    206 	.globl _CP1FIF
                                    207 	.globl _CP1RIF
                                    208 	.globl _CP1OUT
                                    209 	.globl _CP1EN
                                    210 	.globl _CP0HYN0
                                    211 	.globl _CP0HYN1
                                    212 	.globl _CP0HYP0
                                    213 	.globl _CP0HYP1
                                    214 	.globl _CP0FIF
                                    215 	.globl _CP0RIF
                                    216 	.globl _CP0OUT
                                    217 	.globl _CP0EN
                                    218 	.globl _IT0
                                    219 	.globl _IE0
                                    220 	.globl _IT1
                                    221 	.globl _IE1
                                    222 	.globl _TR0
                                    223 	.globl _TF0
                                    224 	.globl _TR1
                                    225 	.globl _TF1
                                    226 	.globl __XPAGE
                                    227 	.globl _DP
                                    228 	.globl _ADC0
                                    229 	.globl _ADC0LT
                                    230 	.globl _ADC0GT
                                    231 	.globl _TMR4
                                    232 	.globl _TMR3
                                    233 	.globl _TMR2
                                    234 	.globl _RCAP4
                                    235 	.globl _RCAP3
                                    236 	.globl _RCAP2
                                    237 	.globl _DAC1
                                    238 	.globl _DAC0
                                    239 	.globl _CAN0DAT
                                    240 	.globl _PCA0CP5
                                    241 	.globl _PCA0CP4
                                    242 	.globl _PCA0CP3
                                    243 	.globl _PCA0CP2
                                    244 	.globl _PCA0CP1
                                    245 	.globl _PCA0CP0
                                    246 	.globl _PCA0
                                    247 	.globl _WDTCN
                                    248 	.globl _PCA0CPH1
                                    249 	.globl _PCA0CPL1
                                    250 	.globl _PCA0CPH0
                                    251 	.globl _PCA0CPL0
                                    252 	.globl _PCA0H
                                    253 	.globl _PCA0L
                                    254 	.globl _P7
                                    255 	.globl _CAN0CN
                                    256 	.globl _SPI0CN
                                    257 	.globl _EIP2
                                    258 	.globl _EIP1
                                    259 	.globl _B
                                    260 	.globl _RSTSRC
                                    261 	.globl _PCA0CPH4
                                    262 	.globl _PCA0CPL4
                                    263 	.globl _PCA0CPH3
                                    264 	.globl _PCA0CPL3
                                    265 	.globl _PCA0CPH2
                                    266 	.globl _PCA0CPL2
                                    267 	.globl _P6
                                    268 	.globl _ADC2CN
                                    269 	.globl _ADC0CN
                                    270 	.globl _EIE2
                                    271 	.globl _EIE1
                                    272 	.globl _XBR3
                                    273 	.globl _XBR2
                                    274 	.globl _XBR1
                                    275 	.globl _PCA0CPH5
                                    276 	.globl _XBR0
                                    277 	.globl _PCA0CPL5
                                    278 	.globl _ACC
                                    279 	.globl _PCA0CPM5
                                    280 	.globl _PCA0CPM4
                                    281 	.globl _PCA0CPM3
                                    282 	.globl _PCA0CPM2
                                    283 	.globl _CAN0TST
                                    284 	.globl _PCA0CPM1
                                    285 	.globl _CAN0ADR
                                    286 	.globl _PCA0CPM0
                                    287 	.globl _CAN0DATH
                                    288 	.globl _PCA0MD
                                    289 	.globl _P5
                                    290 	.globl _CAN0DATL
                                    291 	.globl _PCA0CN
                                    292 	.globl _HVA0CN
                                    293 	.globl _DAC1CN
                                    294 	.globl _DAC0CN
                                    295 	.globl _DAC1H
                                    296 	.globl _DAC0H
                                    297 	.globl _DAC1L
                                    298 	.globl _DAC0L
                                    299 	.globl _REF0CN
                                    300 	.globl _PSW
                                    301 	.globl _SMB0CR
                                    302 	.globl _TMR4H
                                    303 	.globl _TMR3H
                                    304 	.globl _TMR2H
                                    305 	.globl _TMR4L
                                    306 	.globl _TMR3L
                                    307 	.globl _TMR2L
                                    308 	.globl _RCAP4H
                                    309 	.globl _RCAP3H
                                    310 	.globl _RCAP2H
                                    311 	.globl _RCAP4L
                                    312 	.globl _RCAP3L
                                    313 	.globl _RCAP2L
                                    314 	.globl _TMR4CF
                                    315 	.globl _TMR3CF
                                    316 	.globl _TMR2CF
                                    317 	.globl _P4
                                    318 	.globl _TMR4CN
                                    319 	.globl _TMR3CN
                                    320 	.globl _TMR2CN
                                    321 	.globl _ADC0LTH
                                    322 	.globl _ADC2LT
                                    323 	.globl _ADC0LTL
                                    324 	.globl _ADC0GTH
                                    325 	.globl _ADC2GT
                                    326 	.globl _ADC0GTL
                                    327 	.globl _SMB0ADR
                                    328 	.globl _SMB0DAT
                                    329 	.globl _SMB0STA
                                    330 	.globl _CAN0STA
                                    331 	.globl _SMB0CN
                                    332 	.globl _ADC0H
                                    333 	.globl _ADC2
                                    334 	.globl _ADC0L
                                    335 	.globl _ADC2CF
                                    336 	.globl _ADC0CF
                                    337 	.globl _AMX2SL
                                    338 	.globl _AMX0SL
                                    339 	.globl _AMX0CF
                                    340 	.globl _AMX0PRT
                                    341 	.globl _AMX2CF
                                    342 	.globl _SADEN0
                                    343 	.globl _IP
                                    344 	.globl _FLACL
                                    345 	.globl _FLSCL
                                    346 	.globl _P3
                                    347 	.globl _P3MDIN
                                    348 	.globl _P2MDIN
                                    349 	.globl _P1MDIN
                                    350 	.globl _SADDR1
                                    351 	.globl _SADDR0
                                    352 	.globl _IE
                                    353 	.globl _P3MDOUT
                                    354 	.globl _P2MDOUT
                                    355 	.globl _P1MDOUT
                                    356 	.globl _P0MDOUT
                                    357 	.globl _EMI0CF
                                    358 	.globl _EMI0CN
                                    359 	.globl _EMI0TC
                                    360 	.globl _P2
                                    361 	.globl _P7MDOUT
                                    362 	.globl _P6MDOUT
                                    363 	.globl _P5MDOUT
                                    364 	.globl _SPI0CKR
                                    365 	.globl _P4MDOUT
                                    366 	.globl _SPI0DAT
                                    367 	.globl _SPI0CFG
                                    368 	.globl _SBUF1
                                    369 	.globl _SBUF0
                                    370 	.globl _SCON1
                                    371 	.globl _SCON0
                                    372 	.globl _CLKSEL
                                    373 	.globl _SFRPGCN
                                    374 	.globl _SSTA0
                                    375 	.globl _P1
                                    376 	.globl _PSCTL
                                    377 	.globl _CKCON
                                    378 	.globl _TH1
                                    379 	.globl _OSCXCN
                                    380 	.globl _TH0
                                    381 	.globl _OSCICL
                                    382 	.globl _TL1
                                    383 	.globl _OSCICN
                                    384 	.globl _TL0
                                    385 	.globl _CPT2MD
                                    386 	.globl _CPT1MD
                                    387 	.globl _CPT0MD
                                    388 	.globl _TMOD
                                    389 	.globl _CPT2CN
                                    390 	.globl _CPT1CN
                                    391 	.globl _CPT0CN
                                    392 	.globl _TCON
                                    393 	.globl _PCON
                                    394 	.globl _SFRLAST
                                    395 	.globl _SFRNEXT
                                    396 	.globl _SFRPAGE
                                    397 	.globl _DPH
                                    398 	.globl _DPL
                                    399 	.globl _SP
                                    400 	.globl _P0
                                    401 ;--------------------------------------------------------
                                    402 ; special function registers
                                    403 ;--------------------------------------------------------
                                    404 	.area RSEG    (ABS,DATA)
      000000                        405 	.org 0x0000
                           000080   406 G$P0$0$0 == 0x0080
                           000080   407 _P0	=	0x0080
                           000081   408 G$SP$0$0 == 0x0081
                           000081   409 _SP	=	0x0081
                           000082   410 G$DPL$0$0 == 0x0082
                           000082   411 _DPL	=	0x0082
                           000083   412 G$DPH$0$0 == 0x0083
                           000083   413 _DPH	=	0x0083
                           000084   414 G$SFRPAGE$0$0 == 0x0084
                           000084   415 _SFRPAGE	=	0x0084
                           000085   416 G$SFRNEXT$0$0 == 0x0085
                           000085   417 _SFRNEXT	=	0x0085
                           000086   418 G$SFRLAST$0$0 == 0x0086
                           000086   419 _SFRLAST	=	0x0086
                           000087   420 G$PCON$0$0 == 0x0087
                           000087   421 _PCON	=	0x0087
                           000088   422 G$TCON$0$0 == 0x0088
                           000088   423 _TCON	=	0x0088
                           000088   424 G$CPT0CN$0$0 == 0x0088
                           000088   425 _CPT0CN	=	0x0088
                           000088   426 G$CPT1CN$0$0 == 0x0088
                           000088   427 _CPT1CN	=	0x0088
                           000088   428 G$CPT2CN$0$0 == 0x0088
                           000088   429 _CPT2CN	=	0x0088
                           000089   430 G$TMOD$0$0 == 0x0089
                           000089   431 _TMOD	=	0x0089
                           000089   432 G$CPT0MD$0$0 == 0x0089
                           000089   433 _CPT0MD	=	0x0089
                           000089   434 G$CPT1MD$0$0 == 0x0089
                           000089   435 _CPT1MD	=	0x0089
                           000089   436 G$CPT2MD$0$0 == 0x0089
                           000089   437 _CPT2MD	=	0x0089
                           00008A   438 G$TL0$0$0 == 0x008a
                           00008A   439 _TL0	=	0x008a
                           00008A   440 G$OSCICN$0$0 == 0x008a
                           00008A   441 _OSCICN	=	0x008a
                           00008B   442 G$TL1$0$0 == 0x008b
                           00008B   443 _TL1	=	0x008b
                           00008B   444 G$OSCICL$0$0 == 0x008b
                           00008B   445 _OSCICL	=	0x008b
                           00008C   446 G$TH0$0$0 == 0x008c
                           00008C   447 _TH0	=	0x008c
                           00008C   448 G$OSCXCN$0$0 == 0x008c
                           00008C   449 _OSCXCN	=	0x008c
                           00008D   450 G$TH1$0$0 == 0x008d
                           00008D   451 _TH1	=	0x008d
                           00008E   452 G$CKCON$0$0 == 0x008e
                           00008E   453 _CKCON	=	0x008e
                           00008F   454 G$PSCTL$0$0 == 0x008f
                           00008F   455 _PSCTL	=	0x008f
                           000090   456 G$P1$0$0 == 0x0090
                           000090   457 _P1	=	0x0090
                           000091   458 G$SSTA0$0$0 == 0x0091
                           000091   459 _SSTA0	=	0x0091
                           000096   460 G$SFRPGCN$0$0 == 0x0096
                           000096   461 _SFRPGCN	=	0x0096
                           000097   462 G$CLKSEL$0$0 == 0x0097
                           000097   463 _CLKSEL	=	0x0097
                           000098   464 G$SCON0$0$0 == 0x0098
                           000098   465 _SCON0	=	0x0098
                           000098   466 G$SCON1$0$0 == 0x0098
                           000098   467 _SCON1	=	0x0098
                           000099   468 G$SBUF0$0$0 == 0x0099
                           000099   469 _SBUF0	=	0x0099
                           000099   470 G$SBUF1$0$0 == 0x0099
                           000099   471 _SBUF1	=	0x0099
                           00009A   472 G$SPI0CFG$0$0 == 0x009a
                           00009A   473 _SPI0CFG	=	0x009a
                           00009B   474 G$SPI0DAT$0$0 == 0x009b
                           00009B   475 _SPI0DAT	=	0x009b
                           00009C   476 G$P4MDOUT$0$0 == 0x009c
                           00009C   477 _P4MDOUT	=	0x009c
                           00009D   478 G$SPI0CKR$0$0 == 0x009d
                           00009D   479 _SPI0CKR	=	0x009d
                           00009D   480 G$P5MDOUT$0$0 == 0x009d
                           00009D   481 _P5MDOUT	=	0x009d
                           00009E   482 G$P6MDOUT$0$0 == 0x009e
                           00009E   483 _P6MDOUT	=	0x009e
                           00009F   484 G$P7MDOUT$0$0 == 0x009f
                           00009F   485 _P7MDOUT	=	0x009f
                           0000A0   486 G$P2$0$0 == 0x00a0
                           0000A0   487 _P2	=	0x00a0
                           0000A1   488 G$EMI0TC$0$0 == 0x00a1
                           0000A1   489 _EMI0TC	=	0x00a1
                           0000A2   490 G$EMI0CN$0$0 == 0x00a2
                           0000A2   491 _EMI0CN	=	0x00a2
                           0000A3   492 G$EMI0CF$0$0 == 0x00a3
                           0000A3   493 _EMI0CF	=	0x00a3
                           0000A4   494 G$P0MDOUT$0$0 == 0x00a4
                           0000A4   495 _P0MDOUT	=	0x00a4
                           0000A5   496 G$P1MDOUT$0$0 == 0x00a5
                           0000A5   497 _P1MDOUT	=	0x00a5
                           0000A6   498 G$P2MDOUT$0$0 == 0x00a6
                           0000A6   499 _P2MDOUT	=	0x00a6
                           0000A7   500 G$P3MDOUT$0$0 == 0x00a7
                           0000A7   501 _P3MDOUT	=	0x00a7
                           0000A8   502 G$IE$0$0 == 0x00a8
                           0000A8   503 _IE	=	0x00a8
                           0000A9   504 G$SADDR0$0$0 == 0x00a9
                           0000A9   505 _SADDR0	=	0x00a9
                           0000A9   506 G$SADDR1$0$0 == 0x00a9
                           0000A9   507 _SADDR1	=	0x00a9
                           0000AD   508 G$P1MDIN$0$0 == 0x00ad
                           0000AD   509 _P1MDIN	=	0x00ad
                           0000AE   510 G$P2MDIN$0$0 == 0x00ae
                           0000AE   511 _P2MDIN	=	0x00ae
                           0000AF   512 G$P3MDIN$0$0 == 0x00af
                           0000AF   513 _P3MDIN	=	0x00af
                           0000B0   514 G$P3$0$0 == 0x00b0
                           0000B0   515 _P3	=	0x00b0
                           0000B7   516 G$FLSCL$0$0 == 0x00b7
                           0000B7   517 _FLSCL	=	0x00b7
                           0000B7   518 G$FLACL$0$0 == 0x00b7
                           0000B7   519 _FLACL	=	0x00b7
                           0000B8   520 G$IP$0$0 == 0x00b8
                           0000B8   521 _IP	=	0x00b8
                           0000B9   522 G$SADEN0$0$0 == 0x00b9
                           0000B9   523 _SADEN0	=	0x00b9
                           0000BA   524 G$AMX2CF$0$0 == 0x00ba
                           0000BA   525 _AMX2CF	=	0x00ba
                           0000BD   526 G$AMX0PRT$0$0 == 0x00bd
                           0000BD   527 _AMX0PRT	=	0x00bd
                           0000BA   528 G$AMX0CF$0$0 == 0x00ba
                           0000BA   529 _AMX0CF	=	0x00ba
                           0000BB   530 G$AMX0SL$0$0 == 0x00bb
                           0000BB   531 _AMX0SL	=	0x00bb
                           0000BB   532 G$AMX2SL$0$0 == 0x00bb
                           0000BB   533 _AMX2SL	=	0x00bb
                           0000BC   534 G$ADC0CF$0$0 == 0x00bc
                           0000BC   535 _ADC0CF	=	0x00bc
                           0000BC   536 G$ADC2CF$0$0 == 0x00bc
                           0000BC   537 _ADC2CF	=	0x00bc
                           0000BE   538 G$ADC0L$0$0 == 0x00be
                           0000BE   539 _ADC0L	=	0x00be
                           0000BE   540 G$ADC2$0$0 == 0x00be
                           0000BE   541 _ADC2	=	0x00be
                           0000BF   542 G$ADC0H$0$0 == 0x00bf
                           0000BF   543 _ADC0H	=	0x00bf
                           0000C0   544 G$SMB0CN$0$0 == 0x00c0
                           0000C0   545 _SMB0CN	=	0x00c0
                           0000C0   546 G$CAN0STA$0$0 == 0x00c0
                           0000C0   547 _CAN0STA	=	0x00c0
                           0000C1   548 G$SMB0STA$0$0 == 0x00c1
                           0000C1   549 _SMB0STA	=	0x00c1
                           0000C2   550 G$SMB0DAT$0$0 == 0x00c2
                           0000C2   551 _SMB0DAT	=	0x00c2
                           0000C3   552 G$SMB0ADR$0$0 == 0x00c3
                           0000C3   553 _SMB0ADR	=	0x00c3
                           0000C4   554 G$ADC0GTL$0$0 == 0x00c4
                           0000C4   555 _ADC0GTL	=	0x00c4
                           0000C4   556 G$ADC2GT$0$0 == 0x00c4
                           0000C4   557 _ADC2GT	=	0x00c4
                           0000C5   558 G$ADC0GTH$0$0 == 0x00c5
                           0000C5   559 _ADC0GTH	=	0x00c5
                           0000C6   560 G$ADC0LTL$0$0 == 0x00c6
                           0000C6   561 _ADC0LTL	=	0x00c6
                           0000C6   562 G$ADC2LT$0$0 == 0x00c6
                           0000C6   563 _ADC2LT	=	0x00c6
                           0000C7   564 G$ADC0LTH$0$0 == 0x00c7
                           0000C7   565 _ADC0LTH	=	0x00c7
                           0000C8   566 G$TMR2CN$0$0 == 0x00c8
                           0000C8   567 _TMR2CN	=	0x00c8
                           0000C8   568 G$TMR3CN$0$0 == 0x00c8
                           0000C8   569 _TMR3CN	=	0x00c8
                           0000C8   570 G$TMR4CN$0$0 == 0x00c8
                           0000C8   571 _TMR4CN	=	0x00c8
                           0000C8   572 G$P4$0$0 == 0x00c8
                           0000C8   573 _P4	=	0x00c8
                           0000C9   574 G$TMR2CF$0$0 == 0x00c9
                           0000C9   575 _TMR2CF	=	0x00c9
                           0000C9   576 G$TMR3CF$0$0 == 0x00c9
                           0000C9   577 _TMR3CF	=	0x00c9
                           0000C9   578 G$TMR4CF$0$0 == 0x00c9
                           0000C9   579 _TMR4CF	=	0x00c9
                           0000CA   580 G$RCAP2L$0$0 == 0x00ca
                           0000CA   581 _RCAP2L	=	0x00ca
                           0000CA   582 G$RCAP3L$0$0 == 0x00ca
                           0000CA   583 _RCAP3L	=	0x00ca
                           0000CA   584 G$RCAP4L$0$0 == 0x00ca
                           0000CA   585 _RCAP4L	=	0x00ca
                           0000CB   586 G$RCAP2H$0$0 == 0x00cb
                           0000CB   587 _RCAP2H	=	0x00cb
                           0000CB   588 G$RCAP3H$0$0 == 0x00cb
                           0000CB   589 _RCAP3H	=	0x00cb
                           0000CB   590 G$RCAP4H$0$0 == 0x00cb
                           0000CB   591 _RCAP4H	=	0x00cb
                           0000CC   592 G$TMR2L$0$0 == 0x00cc
                           0000CC   593 _TMR2L	=	0x00cc
                           0000CC   594 G$TMR3L$0$0 == 0x00cc
                           0000CC   595 _TMR3L	=	0x00cc
                           0000CC   596 G$TMR4L$0$0 == 0x00cc
                           0000CC   597 _TMR4L	=	0x00cc
                           0000CD   598 G$TMR2H$0$0 == 0x00cd
                           0000CD   599 _TMR2H	=	0x00cd
                           0000CD   600 G$TMR3H$0$0 == 0x00cd
                           0000CD   601 _TMR3H	=	0x00cd
                           0000CD   602 G$TMR4H$0$0 == 0x00cd
                           0000CD   603 _TMR4H	=	0x00cd
                           0000CF   604 G$SMB0CR$0$0 == 0x00cf
                           0000CF   605 _SMB0CR	=	0x00cf
                           0000D0   606 G$PSW$0$0 == 0x00d0
                           0000D0   607 _PSW	=	0x00d0
                           0000D1   608 G$REF0CN$0$0 == 0x00d1
                           0000D1   609 _REF0CN	=	0x00d1
                           0000D2   610 G$DAC0L$0$0 == 0x00d2
                           0000D2   611 _DAC0L	=	0x00d2
                           0000D2   612 G$DAC1L$0$0 == 0x00d2
                           0000D2   613 _DAC1L	=	0x00d2
                           0000D3   614 G$DAC0H$0$0 == 0x00d3
                           0000D3   615 _DAC0H	=	0x00d3
                           0000D3   616 G$DAC1H$0$0 == 0x00d3
                           0000D3   617 _DAC1H	=	0x00d3
                           0000D4   618 G$DAC0CN$0$0 == 0x00d4
                           0000D4   619 _DAC0CN	=	0x00d4
                           0000D4   620 G$DAC1CN$0$0 == 0x00d4
                           0000D4   621 _DAC1CN	=	0x00d4
                           0000D6   622 G$HVA0CN$0$0 == 0x00d6
                           0000D6   623 _HVA0CN	=	0x00d6
                           0000D8   624 G$PCA0CN$0$0 == 0x00d8
                           0000D8   625 _PCA0CN	=	0x00d8
                           0000D8   626 G$CAN0DATL$0$0 == 0x00d8
                           0000D8   627 _CAN0DATL	=	0x00d8
                           0000D8   628 G$P5$0$0 == 0x00d8
                           0000D8   629 _P5	=	0x00d8
                           0000D9   630 G$PCA0MD$0$0 == 0x00d9
                           0000D9   631 _PCA0MD	=	0x00d9
                           0000D9   632 G$CAN0DATH$0$0 == 0x00d9
                           0000D9   633 _CAN0DATH	=	0x00d9
                           0000DA   634 G$PCA0CPM0$0$0 == 0x00da
                           0000DA   635 _PCA0CPM0	=	0x00da
                           0000DA   636 G$CAN0ADR$0$0 == 0x00da
                           0000DA   637 _CAN0ADR	=	0x00da
                           0000DB   638 G$PCA0CPM1$0$0 == 0x00db
                           0000DB   639 _PCA0CPM1	=	0x00db
                           0000DB   640 G$CAN0TST$0$0 == 0x00db
                           0000DB   641 _CAN0TST	=	0x00db
                           0000DC   642 G$PCA0CPM2$0$0 == 0x00dc
                           0000DC   643 _PCA0CPM2	=	0x00dc
                           0000DD   644 G$PCA0CPM3$0$0 == 0x00dd
                           0000DD   645 _PCA0CPM3	=	0x00dd
                           0000DE   646 G$PCA0CPM4$0$0 == 0x00de
                           0000DE   647 _PCA0CPM4	=	0x00de
                           0000DF   648 G$PCA0CPM5$0$0 == 0x00df
                           0000DF   649 _PCA0CPM5	=	0x00df
                           0000E0   650 G$ACC$0$0 == 0x00e0
                           0000E0   651 _ACC	=	0x00e0
                           0000E1   652 G$PCA0CPL5$0$0 == 0x00e1
                           0000E1   653 _PCA0CPL5	=	0x00e1
                           0000E1   654 G$XBR0$0$0 == 0x00e1
                           0000E1   655 _XBR0	=	0x00e1
                           0000E2   656 G$PCA0CPH5$0$0 == 0x00e2
                           0000E2   657 _PCA0CPH5	=	0x00e2
                           0000E2   658 G$XBR1$0$0 == 0x00e2
                           0000E2   659 _XBR1	=	0x00e2
                           0000E3   660 G$XBR2$0$0 == 0x00e3
                           0000E3   661 _XBR2	=	0x00e3
                           0000E4   662 G$XBR3$0$0 == 0x00e4
                           0000E4   663 _XBR3	=	0x00e4
                           0000E6   664 G$EIE1$0$0 == 0x00e6
                           0000E6   665 _EIE1	=	0x00e6
                           0000E7   666 G$EIE2$0$0 == 0x00e7
                           0000E7   667 _EIE2	=	0x00e7
                           0000E8   668 G$ADC0CN$0$0 == 0x00e8
                           0000E8   669 _ADC0CN	=	0x00e8
                           0000E8   670 G$ADC2CN$0$0 == 0x00e8
                           0000E8   671 _ADC2CN	=	0x00e8
                           0000E8   672 G$P6$0$0 == 0x00e8
                           0000E8   673 _P6	=	0x00e8
                           0000E9   674 G$PCA0CPL2$0$0 == 0x00e9
                           0000E9   675 _PCA0CPL2	=	0x00e9
                           0000EA   676 G$PCA0CPH2$0$0 == 0x00ea
                           0000EA   677 _PCA0CPH2	=	0x00ea
                           0000EB   678 G$PCA0CPL3$0$0 == 0x00eb
                           0000EB   679 _PCA0CPL3	=	0x00eb
                           0000EC   680 G$PCA0CPH3$0$0 == 0x00ec
                           0000EC   681 _PCA0CPH3	=	0x00ec
                           0000ED   682 G$PCA0CPL4$0$0 == 0x00ed
                           0000ED   683 _PCA0CPL4	=	0x00ed
                           0000EE   684 G$PCA0CPH4$0$0 == 0x00ee
                           0000EE   685 _PCA0CPH4	=	0x00ee
                           0000EF   686 G$RSTSRC$0$0 == 0x00ef
                           0000EF   687 _RSTSRC	=	0x00ef
                           0000F0   688 G$B$0$0 == 0x00f0
                           0000F0   689 _B	=	0x00f0
                           0000F6   690 G$EIP1$0$0 == 0x00f6
                           0000F6   691 _EIP1	=	0x00f6
                           0000F7   692 G$EIP2$0$0 == 0x00f7
                           0000F7   693 _EIP2	=	0x00f7
                           0000F8   694 G$SPI0CN$0$0 == 0x00f8
                           0000F8   695 _SPI0CN	=	0x00f8
                           0000F8   696 G$CAN0CN$0$0 == 0x00f8
                           0000F8   697 _CAN0CN	=	0x00f8
                           0000F8   698 G$P7$0$0 == 0x00f8
                           0000F8   699 _P7	=	0x00f8
                           0000F9   700 G$PCA0L$0$0 == 0x00f9
                           0000F9   701 _PCA0L	=	0x00f9
                           0000FA   702 G$PCA0H$0$0 == 0x00fa
                           0000FA   703 _PCA0H	=	0x00fa
                           0000FB   704 G$PCA0CPL0$0$0 == 0x00fb
                           0000FB   705 _PCA0CPL0	=	0x00fb
                           0000FC   706 G$PCA0CPH0$0$0 == 0x00fc
                           0000FC   707 _PCA0CPH0	=	0x00fc
                           0000FD   708 G$PCA0CPL1$0$0 == 0x00fd
                           0000FD   709 _PCA0CPL1	=	0x00fd
                           0000FE   710 G$PCA0CPH1$0$0 == 0x00fe
                           0000FE   711 _PCA0CPH1	=	0x00fe
                           0000FF   712 G$WDTCN$0$0 == 0x00ff
                           0000FF   713 _WDTCN	=	0x00ff
                           00FAF9   714 G$PCA0$0$0 == 0xfaf9
                           00FAF9   715 _PCA0	=	0xfaf9
                           00FCFB   716 G$PCA0CP0$0$0 == 0xfcfb
                           00FCFB   717 _PCA0CP0	=	0xfcfb
                           00FEFD   718 G$PCA0CP1$0$0 == 0xfefd
                           00FEFD   719 _PCA0CP1	=	0xfefd
                           00EAE9   720 G$PCA0CP2$0$0 == 0xeae9
                           00EAE9   721 _PCA0CP2	=	0xeae9
                           00ECEB   722 G$PCA0CP3$0$0 == 0xeceb
                           00ECEB   723 _PCA0CP3	=	0xeceb
                           00EEED   724 G$PCA0CP4$0$0 == 0xeeed
                           00EEED   725 _PCA0CP4	=	0xeeed
                           00E2E1   726 G$PCA0CP5$0$0 == 0xe2e1
                           00E2E1   727 _PCA0CP5	=	0xe2e1
                           00D9D8   728 G$CAN0DAT$0$0 == 0xd9d8
                           00D9D8   729 _CAN0DAT	=	0xd9d8
                           00D3D2   730 G$DAC0$0$0 == 0xd3d2
                           00D3D2   731 _DAC0	=	0xd3d2
                           00D3D2   732 G$DAC1$0$0 == 0xd3d2
                           00D3D2   733 _DAC1	=	0xd3d2
                           00CBCA   734 G$RCAP2$0$0 == 0xcbca
                           00CBCA   735 _RCAP2	=	0xcbca
                           00CBCA   736 G$RCAP3$0$0 == 0xcbca
                           00CBCA   737 _RCAP3	=	0xcbca
                           00CBCA   738 G$RCAP4$0$0 == 0xcbca
                           00CBCA   739 _RCAP4	=	0xcbca
                           00CDCC   740 G$TMR2$0$0 == 0xcdcc
                           00CDCC   741 _TMR2	=	0xcdcc
                           00CDCC   742 G$TMR3$0$0 == 0xcdcc
                           00CDCC   743 _TMR3	=	0xcdcc
                           00CDCC   744 G$TMR4$0$0 == 0xcdcc
                           00CDCC   745 _TMR4	=	0xcdcc
                           00C5C4   746 G$ADC0GT$0$0 == 0xc5c4
                           00C5C4   747 _ADC0GT	=	0xc5c4
                           00C7C6   748 G$ADC0LT$0$0 == 0xc7c6
                           00C7C6   749 _ADC0LT	=	0xc7c6
                           00BFBE   750 G$ADC0$0$0 == 0xbfbe
                           00BFBE   751 _ADC0	=	0xbfbe
                           008382   752 G$DP$0$0 == 0x8382
                           008382   753 _DP	=	0x8382
                           0000A2   754 G$_XPAGE$0$0 == 0x00a2
                           0000A2   755 __XPAGE	=	0x00a2
                                    756 ;--------------------------------------------------------
                                    757 ; special function bits
                                    758 ;--------------------------------------------------------
                                    759 	.area RSEG    (ABS,DATA)
      000000                        760 	.org 0x0000
                           00008F   761 G$TF1$0$0 == 0x008f
                           00008F   762 _TF1	=	0x008f
                           00008E   763 G$TR1$0$0 == 0x008e
                           00008E   764 _TR1	=	0x008e
                           00008D   765 G$TF0$0$0 == 0x008d
                           00008D   766 _TF0	=	0x008d
                           00008C   767 G$TR0$0$0 == 0x008c
                           00008C   768 _TR0	=	0x008c
                           00008B   769 G$IE1$0$0 == 0x008b
                           00008B   770 _IE1	=	0x008b
                           00008A   771 G$IT1$0$0 == 0x008a
                           00008A   772 _IT1	=	0x008a
                           000089   773 G$IE0$0$0 == 0x0089
                           000089   774 _IE0	=	0x0089
                           000088   775 G$IT0$0$0 == 0x0088
                           000088   776 _IT0	=	0x0088
                           00008F   777 G$CP0EN$0$0 == 0x008f
                           00008F   778 _CP0EN	=	0x008f
                           00008E   779 G$CP0OUT$0$0 == 0x008e
                           00008E   780 _CP0OUT	=	0x008e
                           00008D   781 G$CP0RIF$0$0 == 0x008d
                           00008D   782 _CP0RIF	=	0x008d
                           00008C   783 G$CP0FIF$0$0 == 0x008c
                           00008C   784 _CP0FIF	=	0x008c
                           00008B   785 G$CP0HYP1$0$0 == 0x008b
                           00008B   786 _CP0HYP1	=	0x008b
                           00008A   787 G$CP0HYP0$0$0 == 0x008a
                           00008A   788 _CP0HYP0	=	0x008a
                           000089   789 G$CP0HYN1$0$0 == 0x0089
                           000089   790 _CP0HYN1	=	0x0089
                           000088   791 G$CP0HYN0$0$0 == 0x0088
                           000088   792 _CP0HYN0	=	0x0088
                           00008F   793 G$CP1EN$0$0 == 0x008f
                           00008F   794 _CP1EN	=	0x008f
                           00008E   795 G$CP1OUT$0$0 == 0x008e
                           00008E   796 _CP1OUT	=	0x008e
                           00008D   797 G$CP1RIF$0$0 == 0x008d
                           00008D   798 _CP1RIF	=	0x008d
                           00008C   799 G$CP1FIF$0$0 == 0x008c
                           00008C   800 _CP1FIF	=	0x008c
                           00008B   801 G$CP1HYP1$0$0 == 0x008b
                           00008B   802 _CP1HYP1	=	0x008b
                           00008A   803 G$CP1HYP0$0$0 == 0x008a
                           00008A   804 _CP1HYP0	=	0x008a
                           000089   805 G$CP1HYN1$0$0 == 0x0089
                           000089   806 _CP1HYN1	=	0x0089
                           000088   807 G$CP1HYN0$0$0 == 0x0088
                           000088   808 _CP1HYN0	=	0x0088
                           00008F   809 G$CP2EN$0$0 == 0x008f
                           00008F   810 _CP2EN	=	0x008f
                           00008E   811 G$CP2OUT$0$0 == 0x008e
                           00008E   812 _CP2OUT	=	0x008e
                           00008D   813 G$CP2RIF$0$0 == 0x008d
                           00008D   814 _CP2RIF	=	0x008d
                           00008C   815 G$CP2FIF$0$0 == 0x008c
                           00008C   816 _CP2FIF	=	0x008c
                           00008B   817 G$CP2HYP1$0$0 == 0x008b
                           00008B   818 _CP2HYP1	=	0x008b
                           00008A   819 G$CP2HYP0$0$0 == 0x008a
                           00008A   820 _CP2HYP0	=	0x008a
                           000089   821 G$CP2HYN1$0$0 == 0x0089
                           000089   822 _CP2HYN1	=	0x0089
                           000088   823 G$CP2HYN0$0$0 == 0x0088
                           000088   824 _CP2HYN0	=	0x0088
                           00009F   825 G$SM00$0$0 == 0x009f
                           00009F   826 _SM00	=	0x009f
                           00009E   827 G$SM10$0$0 == 0x009e
                           00009E   828 _SM10	=	0x009e
                           00009D   829 G$SM20$0$0 == 0x009d
                           00009D   830 _SM20	=	0x009d
                           00009C   831 G$REN0$0$0 == 0x009c
                           00009C   832 _REN0	=	0x009c
                           00009B   833 G$TB80$0$0 == 0x009b
                           00009B   834 _TB80	=	0x009b
                           00009A   835 G$RB80$0$0 == 0x009a
                           00009A   836 _RB80	=	0x009a
                           000099   837 G$TI0$0$0 == 0x0099
                           000099   838 _TI0	=	0x0099
                           000098   839 G$RI0$0$0 == 0x0098
                           000098   840 _RI0	=	0x0098
                           00009F   841 G$S1MODE$0$0 == 0x009f
                           00009F   842 _S1MODE	=	0x009f
                           00009D   843 G$MCE1$0$0 == 0x009d
                           00009D   844 _MCE1	=	0x009d
                           00009C   845 G$REN1$0$0 == 0x009c
                           00009C   846 _REN1	=	0x009c
                           00009B   847 G$TB81$0$0 == 0x009b
                           00009B   848 _TB81	=	0x009b
                           00009A   849 G$RB81$0$0 == 0x009a
                           00009A   850 _RB81	=	0x009a
                           000099   851 G$TI1$0$0 == 0x0099
                           000099   852 _TI1	=	0x0099
                           000098   853 G$RI1$0$0 == 0x0098
                           000098   854 _RI1	=	0x0098
                           0000AF   855 G$EA$0$0 == 0x00af
                           0000AF   856 _EA	=	0x00af
                           0000AD   857 G$ET2$0$0 == 0x00ad
                           0000AD   858 _ET2	=	0x00ad
                           0000AC   859 G$ES0$0$0 == 0x00ac
                           0000AC   860 _ES0	=	0x00ac
                           0000AB   861 G$ET1$0$0 == 0x00ab
                           0000AB   862 _ET1	=	0x00ab
                           0000AA   863 G$EX1$0$0 == 0x00aa
                           0000AA   864 _EX1	=	0x00aa
                           0000A9   865 G$ET0$0$0 == 0x00a9
                           0000A9   866 _ET0	=	0x00a9
                           0000A8   867 G$EX0$0$0 == 0x00a8
                           0000A8   868 _EX0	=	0x00a8
                           0000BD   869 G$PT2$0$0 == 0x00bd
                           0000BD   870 _PT2	=	0x00bd
                           0000BC   871 G$PS0$0$0 == 0x00bc
                           0000BC   872 _PS0	=	0x00bc
                           0000BB   873 G$PT1$0$0 == 0x00bb
                           0000BB   874 _PT1	=	0x00bb
                           0000BA   875 G$PX1$0$0 == 0x00ba
                           0000BA   876 _PX1	=	0x00ba
                           0000B9   877 G$PT0$0$0 == 0x00b9
                           0000B9   878 _PT0	=	0x00b9
                           0000B8   879 G$PX0$0$0 == 0x00b8
                           0000B8   880 _PX0	=	0x00b8
                           0000C7   881 G$BUSY$0$0 == 0x00c7
                           0000C7   882 _BUSY	=	0x00c7
                           0000C6   883 G$ENSMB$0$0 == 0x00c6
                           0000C6   884 _ENSMB	=	0x00c6
                           0000C5   885 G$STA$0$0 == 0x00c5
                           0000C5   886 _STA	=	0x00c5
                           0000C4   887 G$STO$0$0 == 0x00c4
                           0000C4   888 _STO	=	0x00c4
                           0000C3   889 G$SI$0$0 == 0x00c3
                           0000C3   890 _SI	=	0x00c3
                           0000C2   891 G$AA$0$0 == 0x00c2
                           0000C2   892 _AA	=	0x00c2
                           0000C1   893 G$SMBFTE$0$0 == 0x00c1
                           0000C1   894 _SMBFTE	=	0x00c1
                           0000C0   895 G$SMBTOE$0$0 == 0x00c0
                           0000C0   896 _SMBTOE	=	0x00c0
                           0000C7   897 G$BOFF$0$0 == 0x00c7
                           0000C7   898 _BOFF	=	0x00c7
                           0000C6   899 G$EWARN$0$0 == 0x00c6
                           0000C6   900 _EWARN	=	0x00c6
                           0000C5   901 G$EPASS$0$0 == 0x00c5
                           0000C5   902 _EPASS	=	0x00c5
                           0000C4   903 G$RXOK$0$0 == 0x00c4
                           0000C4   904 _RXOK	=	0x00c4
                           0000C3   905 G$TXOK$0$0 == 0x00c3
                           0000C3   906 _TXOK	=	0x00c3
                           0000C2   907 G$LEC2$0$0 == 0x00c2
                           0000C2   908 _LEC2	=	0x00c2
                           0000C1   909 G$LEC1$0$0 == 0x00c1
                           0000C1   910 _LEC1	=	0x00c1
                           0000C0   911 G$LEC0$0$0 == 0x00c0
                           0000C0   912 _LEC0	=	0x00c0
                           0000CF   913 G$TF2$0$0 == 0x00cf
                           0000CF   914 _TF2	=	0x00cf
                           0000CE   915 G$EXF2$0$0 == 0x00ce
                           0000CE   916 _EXF2	=	0x00ce
                           0000CB   917 G$EXEN2$0$0 == 0x00cb
                           0000CB   918 _EXEN2	=	0x00cb
                           0000CA   919 G$TR2$0$0 == 0x00ca
                           0000CA   920 _TR2	=	0x00ca
                           0000C9   921 G$CT2$0$0 == 0x00c9
                           0000C9   922 _CT2	=	0x00c9
                           0000C8   923 G$CPRL2$0$0 == 0x00c8
                           0000C8   924 _CPRL2	=	0x00c8
                           0000CF   925 G$TF3$0$0 == 0x00cf
                           0000CF   926 _TF3	=	0x00cf
                           0000CE   927 G$EXF3$0$0 == 0x00ce
                           0000CE   928 _EXF3	=	0x00ce
                           0000CB   929 G$EXEN3$0$0 == 0x00cb
                           0000CB   930 _EXEN3	=	0x00cb
                           0000CA   931 G$TR3$0$0 == 0x00ca
                           0000CA   932 _TR3	=	0x00ca
                           0000C9   933 G$CT3$0$0 == 0x00c9
                           0000C9   934 _CT3	=	0x00c9
                           0000C8   935 G$CPRL3$0$0 == 0x00c8
                           0000C8   936 _CPRL3	=	0x00c8
                           0000CF   937 G$TF4$0$0 == 0x00cf
                           0000CF   938 _TF4	=	0x00cf
                           0000CE   939 G$EXF4$0$0 == 0x00ce
                           0000CE   940 _EXF4	=	0x00ce
                           0000CB   941 G$EXEN4$0$0 == 0x00cb
                           0000CB   942 _EXEN4	=	0x00cb
                           0000CA   943 G$TR4$0$0 == 0x00ca
                           0000CA   944 _TR4	=	0x00ca
                           0000C9   945 G$CT4$0$0 == 0x00c9
                           0000C9   946 _CT4	=	0x00c9
                           0000C8   947 G$CPRL4$0$0 == 0x00c8
                           0000C8   948 _CPRL4	=	0x00c8
                           0000D7   949 G$CY$0$0 == 0x00d7
                           0000D7   950 _CY	=	0x00d7
                           0000D6   951 G$AC$0$0 == 0x00d6
                           0000D6   952 _AC	=	0x00d6
                           0000D5   953 G$F0$0$0 == 0x00d5
                           0000D5   954 _F0	=	0x00d5
                           0000D4   955 G$RS1$0$0 == 0x00d4
                           0000D4   956 _RS1	=	0x00d4
                           0000D3   957 G$RS0$0$0 == 0x00d3
                           0000D3   958 _RS0	=	0x00d3
                           0000D2   959 G$OV$0$0 == 0x00d2
                           0000D2   960 _OV	=	0x00d2
                           0000D1   961 G$F1$0$0 == 0x00d1
                           0000D1   962 _F1	=	0x00d1
                           0000D0   963 G$P$0$0 == 0x00d0
                           0000D0   964 _P	=	0x00d0
                           0000DF   965 G$CF$0$0 == 0x00df
                           0000DF   966 _CF	=	0x00df
                           0000DE   967 G$CR$0$0 == 0x00de
                           0000DE   968 _CR	=	0x00de
                           0000DD   969 G$CCF5$0$0 == 0x00dd
                           0000DD   970 _CCF5	=	0x00dd
                           0000DC   971 G$CCF4$0$0 == 0x00dc
                           0000DC   972 _CCF4	=	0x00dc
                           0000DB   973 G$CCF3$0$0 == 0x00db
                           0000DB   974 _CCF3	=	0x00db
                           0000DA   975 G$CCF2$0$0 == 0x00da
                           0000DA   976 _CCF2	=	0x00da
                           0000D9   977 G$CCF1$0$0 == 0x00d9
                           0000D9   978 _CCF1	=	0x00d9
                           0000D8   979 G$CCF0$0$0 == 0x00d8
                           0000D8   980 _CCF0	=	0x00d8
                           0000EF   981 G$AD0EN$0$0 == 0x00ef
                           0000EF   982 _AD0EN	=	0x00ef
                           0000EE   983 G$AD0TM$0$0 == 0x00ee
                           0000EE   984 _AD0TM	=	0x00ee
                           0000ED   985 G$AD0INT$0$0 == 0x00ed
                           0000ED   986 _AD0INT	=	0x00ed
                           0000EC   987 G$AD0BUSY$0$0 == 0x00ec
                           0000EC   988 _AD0BUSY	=	0x00ec
                           0000EB   989 G$AD0CM1$0$0 == 0x00eb
                           0000EB   990 _AD0CM1	=	0x00eb
                           0000EA   991 G$AD0CM0$0$0 == 0x00ea
                           0000EA   992 _AD0CM0	=	0x00ea
                           0000E9   993 G$AD0WINT$0$0 == 0x00e9
                           0000E9   994 _AD0WINT	=	0x00e9
                           0000E8   995 G$AD0LJST$0$0 == 0x00e8
                           0000E8   996 _AD0LJST	=	0x00e8
                           0000EF   997 G$AD2EN$0$0 == 0x00ef
                           0000EF   998 _AD2EN	=	0x00ef
                           0000EE   999 G$AD2TM$0$0 == 0x00ee
                           0000EE  1000 _AD2TM	=	0x00ee
                           0000ED  1001 G$AD2INT$0$0 == 0x00ed
                           0000ED  1002 _AD2INT	=	0x00ed
                           0000EC  1003 G$AD2BUSY$0$0 == 0x00ec
                           0000EC  1004 _AD2BUSY	=	0x00ec
                           0000EB  1005 G$AD2CM2$0$0 == 0x00eb
                           0000EB  1006 _AD2CM2	=	0x00eb
                           0000EA  1007 G$AD2CM1$0$0 == 0x00ea
                           0000EA  1008 _AD2CM1	=	0x00ea
                           0000E9  1009 G$AD2CM0$0$0 == 0x00e9
                           0000E9  1010 _AD2CM0	=	0x00e9
                           0000E8  1011 G$AD2WINT$0$0 == 0x00e8
                           0000E8  1012 _AD2WINT	=	0x00e8
                           0000FF  1013 G$SPIF$0$0 == 0x00ff
                           0000FF  1014 _SPIF	=	0x00ff
                           0000FE  1015 G$WCOL$0$0 == 0x00fe
                           0000FE  1016 _WCOL	=	0x00fe
                           0000FD  1017 G$MODF$0$0 == 0x00fd
                           0000FD  1018 _MODF	=	0x00fd
                           0000FC  1019 G$RXOVRN$0$0 == 0x00fc
                           0000FC  1020 _RXOVRN	=	0x00fc
                           0000FB  1021 G$NSSMD1$0$0 == 0x00fb
                           0000FB  1022 _NSSMD1	=	0x00fb
                           0000FA  1023 G$NSSMD0$0$0 == 0x00fa
                           0000FA  1024 _NSSMD0	=	0x00fa
                           0000F9  1025 G$TXBMT$0$0 == 0x00f9
                           0000F9  1026 _TXBMT	=	0x00f9
                           0000F8  1027 G$SPIEN$0$0 == 0x00f8
                           0000F8  1028 _SPIEN	=	0x00f8
                           0000F8  1029 G$CANINIT$0$0 == 0x00f8
                           0000F8  1030 _CANINIT	=	0x00f8
                           0000F9  1031 G$CANIE$0$0 == 0x00f9
                           0000F9  1032 _CANIE	=	0x00f9
                           0000FA  1033 G$CANSIE$0$0 == 0x00fa
                           0000FA  1034 _CANSIE	=	0x00fa
                           0000FB  1035 G$CANEIE$0$0 == 0x00fb
                           0000FB  1036 _CANEIE	=	0x00fb
                           0000FC  1037 G$CANIF$0$0 == 0x00fc
                           0000FC  1038 _CANIF	=	0x00fc
                           0000FD  1039 G$CANDAR$0$0 == 0x00fd
                           0000FD  1040 _CANDAR	=	0x00fd
                           0000FE  1041 G$CANCCE$0$0 == 0x00fe
                           0000FE  1042 _CANCCE	=	0x00fe
                           0000FF  1043 G$CANTEST$0$0 == 0x00ff
                           0000FF  1044 _CANTEST	=	0x00ff
                           000080  1045 G$P0_0$0$0 == 0x0080
                           000080  1046 _P0_0	=	0x0080
                           000081  1047 G$P0_1$0$0 == 0x0081
                           000081  1048 _P0_1	=	0x0081
                           000082  1049 G$P0_2$0$0 == 0x0082
                           000082  1050 _P0_2	=	0x0082
                           000083  1051 G$P0_3$0$0 == 0x0083
                           000083  1052 _P0_3	=	0x0083
                           000084  1053 G$P0_4$0$0 == 0x0084
                           000084  1054 _P0_4	=	0x0084
                           000085  1055 G$P0_5$0$0 == 0x0085
                           000085  1056 _P0_5	=	0x0085
                           000086  1057 G$P0_6$0$0 == 0x0086
                           000086  1058 _P0_6	=	0x0086
                           000087  1059 G$P0_7$0$0 == 0x0087
                           000087  1060 _P0_7	=	0x0087
                           000090  1061 G$P1_0$0$0 == 0x0090
                           000090  1062 _P1_0	=	0x0090
                           000091  1063 G$P1_1$0$0 == 0x0091
                           000091  1064 _P1_1	=	0x0091
                           000092  1065 G$P1_2$0$0 == 0x0092
                           000092  1066 _P1_2	=	0x0092
                           000093  1067 G$P1_3$0$0 == 0x0093
                           000093  1068 _P1_3	=	0x0093
                           000094  1069 G$P1_4$0$0 == 0x0094
                           000094  1070 _P1_4	=	0x0094
                           000095  1071 G$P1_5$0$0 == 0x0095
                           000095  1072 _P1_5	=	0x0095
                           000096  1073 G$P1_6$0$0 == 0x0096
                           000096  1074 _P1_6	=	0x0096
                           000097  1075 G$P1_7$0$0 == 0x0097
                           000097  1076 _P1_7	=	0x0097
                           0000A0  1077 G$P2_0$0$0 == 0x00a0
                           0000A0  1078 _P2_0	=	0x00a0
                           0000A1  1079 G$P2_1$0$0 == 0x00a1
                           0000A1  1080 _P2_1	=	0x00a1
                           0000A2  1081 G$P2_2$0$0 == 0x00a2
                           0000A2  1082 _P2_2	=	0x00a2
                           0000A3  1083 G$P2_3$0$0 == 0x00a3
                           0000A3  1084 _P2_3	=	0x00a3
                           0000A4  1085 G$P2_4$0$0 == 0x00a4
                           0000A4  1086 _P2_4	=	0x00a4
                           0000A5  1087 G$P2_5$0$0 == 0x00a5
                           0000A5  1088 _P2_5	=	0x00a5
                           0000A6  1089 G$P2_6$0$0 == 0x00a6
                           0000A6  1090 _P2_6	=	0x00a6
                           0000A7  1091 G$P2_7$0$0 == 0x00a7
                           0000A7  1092 _P2_7	=	0x00a7
                           0000B0  1093 G$P3_0$0$0 == 0x00b0
                           0000B0  1094 _P3_0	=	0x00b0
                           0000B1  1095 G$P3_1$0$0 == 0x00b1
                           0000B1  1096 _P3_1	=	0x00b1
                           0000B2  1097 G$P3_2$0$0 == 0x00b2
                           0000B2  1098 _P3_2	=	0x00b2
                           0000B3  1099 G$P3_3$0$0 == 0x00b3
                           0000B3  1100 _P3_3	=	0x00b3
                           0000B4  1101 G$P3_4$0$0 == 0x00b4
                           0000B4  1102 _P3_4	=	0x00b4
                           0000B5  1103 G$P3_5$0$0 == 0x00b5
                           0000B5  1104 _P3_5	=	0x00b5
                           0000B6  1105 G$P3_6$0$0 == 0x00b6
                           0000B6  1106 _P3_6	=	0x00b6
                           0000B7  1107 G$P3_7$0$0 == 0x00b7
                           0000B7  1108 _P3_7	=	0x00b7
                           0000C8  1109 G$P4_0$0$0 == 0x00c8
                           0000C8  1110 _P4_0	=	0x00c8
                           0000C9  1111 G$P4_1$0$0 == 0x00c9
                           0000C9  1112 _P4_1	=	0x00c9
                           0000CA  1113 G$P4_2$0$0 == 0x00ca
                           0000CA  1114 _P4_2	=	0x00ca
                           0000CB  1115 G$P4_3$0$0 == 0x00cb
                           0000CB  1116 _P4_3	=	0x00cb
                           0000CC  1117 G$P4_4$0$0 == 0x00cc
                           0000CC  1118 _P4_4	=	0x00cc
                           0000CD  1119 G$P4_5$0$0 == 0x00cd
                           0000CD  1120 _P4_5	=	0x00cd
                           0000CE  1121 G$P4_6$0$0 == 0x00ce
                           0000CE  1122 _P4_6	=	0x00ce
                           0000CF  1123 G$P4_7$0$0 == 0x00cf
                           0000CF  1124 _P4_7	=	0x00cf
                           0000D8  1125 G$P5_0$0$0 == 0x00d8
                           0000D8  1126 _P5_0	=	0x00d8
                           0000D9  1127 G$P5_1$0$0 == 0x00d9
                           0000D9  1128 _P5_1	=	0x00d9
                           0000DA  1129 G$P5_2$0$0 == 0x00da
                           0000DA  1130 _P5_2	=	0x00da
                           0000DB  1131 G$P5_3$0$0 == 0x00db
                           0000DB  1132 _P5_3	=	0x00db
                           0000DC  1133 G$P5_4$0$0 == 0x00dc
                           0000DC  1134 _P5_4	=	0x00dc
                           0000DD  1135 G$P5_5$0$0 == 0x00dd
                           0000DD  1136 _P5_5	=	0x00dd
                           0000DE  1137 G$P5_6$0$0 == 0x00de
                           0000DE  1138 _P5_6	=	0x00de
                           0000DF  1139 G$P5_7$0$0 == 0x00df
                           0000DF  1140 _P5_7	=	0x00df
                           0000E8  1141 G$P6_0$0$0 == 0x00e8
                           0000E8  1142 _P6_0	=	0x00e8
                           0000E9  1143 G$P6_1$0$0 == 0x00e9
                           0000E9  1144 _P6_1	=	0x00e9
                           0000EA  1145 G$P6_2$0$0 == 0x00ea
                           0000EA  1146 _P6_2	=	0x00ea
                           0000EB  1147 G$P6_3$0$0 == 0x00eb
                           0000EB  1148 _P6_3	=	0x00eb
                           0000EC  1149 G$P6_4$0$0 == 0x00ec
                           0000EC  1150 _P6_4	=	0x00ec
                           0000ED  1151 G$P6_5$0$0 == 0x00ed
                           0000ED  1152 _P6_5	=	0x00ed
                           0000EE  1153 G$P6_6$0$0 == 0x00ee
                           0000EE  1154 _P6_6	=	0x00ee
                           0000EF  1155 G$P6_7$0$0 == 0x00ef
                           0000EF  1156 _P6_7	=	0x00ef
                           0000F8  1157 G$P7_0$0$0 == 0x00f8
                           0000F8  1158 _P7_0	=	0x00f8
                           0000F9  1159 G$P7_1$0$0 == 0x00f9
                           0000F9  1160 _P7_1	=	0x00f9
                           0000FA  1161 G$P7_2$0$0 == 0x00fa
                           0000FA  1162 _P7_2	=	0x00fa
                           0000FB  1163 G$P7_3$0$0 == 0x00fb
                           0000FB  1164 _P7_3	=	0x00fb
                           0000FC  1165 G$P7_4$0$0 == 0x00fc
                           0000FC  1166 _P7_4	=	0x00fc
                           0000FD  1167 G$P7_5$0$0 == 0x00fd
                           0000FD  1168 _P7_5	=	0x00fd
                           0000FE  1169 G$P7_6$0$0 == 0x00fe
                           0000FE  1170 _P7_6	=	0x00fe
                           0000FF  1171 G$P7_7$0$0 == 0x00ff
                           0000FF  1172 _P7_7	=	0x00ff
                                   1173 ;--------------------------------------------------------
                                   1174 ; overlayable register banks
                                   1175 ;--------------------------------------------------------
                                   1176 	.area REG_BANK_0	(REL,OVR,DATA)
      000000                       1177 	.ds 8
                                   1178 ;--------------------------------------------------------
                                   1179 ; internal ram data
                                   1180 ;--------------------------------------------------------
                                   1181 	.area DSEG    (DATA)
                                   1182 ;--------------------------------------------------------
                                   1183 ; overlayable items in internal ram 
                                   1184 ;--------------------------------------------------------
                                   1185 	.area	OSEG    (OVR,DATA)
                                   1186 	.area	OSEG    (OVR,DATA)
                                   1187 	.area	OSEG    (OVR,DATA)
                                   1188 ;--------------------------------------------------------
                                   1189 ; Stack segment in internal ram 
                                   1190 ;--------------------------------------------------------
                                   1191 	.area	SSEG
      000000                       1192 __start__stack:
      000000                       1193 	.ds	1
                                   1194 
                                   1195 ;--------------------------------------------------------
                                   1196 ; indirectly addressable internal ram data
                                   1197 ;--------------------------------------------------------
                                   1198 	.area ISEG    (DATA)
                                   1199 ;--------------------------------------------------------
                                   1200 ; absolute internal ram data
                                   1201 ;--------------------------------------------------------
                                   1202 	.area IABS    (ABS,DATA)
                                   1203 	.area IABS    (ABS,DATA)
                                   1204 ;--------------------------------------------------------
                                   1205 ; bit data
                                   1206 ;--------------------------------------------------------
                                   1207 	.area BSEG    (BIT)
                                   1208 ;--------------------------------------------------------
                                   1209 ; paged external ram data
                                   1210 ;--------------------------------------------------------
                                   1211 	.area PSEG    (PAG,XDATA)
                                   1212 ;--------------------------------------------------------
                                   1213 ; external ram data
                                   1214 ;--------------------------------------------------------
                                   1215 	.area XSEG    (XDATA)
                                   1216 ;--------------------------------------------------------
                                   1217 ; absolute external ram data
                                   1218 ;--------------------------------------------------------
                                   1219 	.area XABS    (ABS,XDATA)
                                   1220 ;--------------------------------------------------------
                                   1221 ; external initialized ram data
                                   1222 ;--------------------------------------------------------
                                   1223 	.area XISEG   (XDATA)
                                   1224 	.area HOME    (CODE)
                                   1225 	.area GSINIT0 (CODE)
                                   1226 	.area GSINIT1 (CODE)
                                   1227 	.area GSINIT2 (CODE)
                                   1228 	.area GSINIT3 (CODE)
                                   1229 	.area GSINIT4 (CODE)
                                   1230 	.area GSINIT5 (CODE)
                                   1231 	.area GSINIT  (CODE)
                                   1232 	.area GSFINAL (CODE)
                                   1233 	.area CSEG    (CODE)
                                   1234 ;--------------------------------------------------------
                                   1235 ; interrupt vector 
                                   1236 ;--------------------------------------------------------
                                   1237 	.area HOME    (CODE)
      000000                       1238 __interrupt_vect:
      000000 02r00r00         [24] 1239 	ljmp	__sdcc_gsinit_startup
                                   1240 ;--------------------------------------------------------
                                   1241 ; global & static initialisations
                                   1242 ;--------------------------------------------------------
                                   1243 	.area HOME    (CODE)
                                   1244 	.area GSINIT  (CODE)
                                   1245 	.area GSFINAL (CODE)
                                   1246 	.area GSINIT  (CODE)
                                   1247 	.globl __sdcc_gsinit_startup
                                   1248 	.globl __sdcc_program_startup
                                   1249 	.globl __start__stack
                                   1250 	.globl __mcs51_genXINIT
                                   1251 	.globl __mcs51_genXRAMCLEAR
                                   1252 	.globl __mcs51_genRAMCLEAR
                                   1253 	.area GSFINAL (CODE)
      000000 02r00r03         [24] 1254 	ljmp	__sdcc_program_startup
                                   1255 ;--------------------------------------------------------
                                   1256 ; Home
                                   1257 ;--------------------------------------------------------
                                   1258 	.area HOME    (CODE)
                                   1259 	.area HOME    (CODE)
      000003                       1260 __sdcc_program_startup:
      000003 02r00r9F         [24] 1261 	ljmp	_main
                                   1262 ;	return from main will return to caller
                                   1263 ;--------------------------------------------------------
                                   1264 ; code
                                   1265 ;--------------------------------------------------------
                                   1266 	.area CSEG    (CODE)
                                   1267 ;------------------------------------------------------------
                                   1268 ;Allocation info for local variables in function 'Reset_Sources_Init'
                                   1269 ;------------------------------------------------------------
                           000000  1270 	G$Reset_Sources_Init$0$0 ==.
                           000000  1271 	C$config.c$10$0$0 ==.
                                   1272 ;	Z:\micap\pisca_led\/config.c:10: void Reset_Sources_Init()
                                   1273 ;	-----------------------------------------
                                   1274 ;	 function Reset_Sources_Init
                                   1275 ;	-----------------------------------------
      000000                       1276 _Reset_Sources_Init:
                           000007  1277 	ar7 = 0x07
                           000006  1278 	ar6 = 0x06
                           000005  1279 	ar5 = 0x05
                           000004  1280 	ar4 = 0x04
                           000003  1281 	ar3 = 0x03
                           000002  1282 	ar2 = 0x02
                           000001  1283 	ar1 = 0x01
                           000000  1284 	ar0 = 0x00
                           000000  1285 	C$config.c$12$1$1 ==.
                                   1286 ;	Z:\micap\pisca_led\/config.c:12: WDTCN     = 0xDE;
      000000 75 FF DE         [24] 1287 	mov	_WDTCN,#0xde
                           000003  1288 	C$config.c$13$1$1 ==.
                                   1289 ;	Z:\micap\pisca_led\/config.c:13: WDTCN     = 0xAD;
      000003 75 FF AD         [24] 1290 	mov	_WDTCN,#0xad
                           000006  1291 	C$config.c$14$1$1 ==.
                           000006  1292 	XG$Reset_Sources_Init$0$0 ==.
      000006 22               [24] 1293 	ret
                                   1294 ;------------------------------------------------------------
                                   1295 ;Allocation info for local variables in function 'Timer_Init'
                                   1296 ;------------------------------------------------------------
                           000007  1297 	G$Timer_Init$0$0 ==.
                           000007  1298 	C$config.c$16$1$1 ==.
                                   1299 ;	Z:\micap\pisca_led\/config.c:16: void Timer_Init()
                                   1300 ;	-----------------------------------------
                                   1301 ;	 function Timer_Init
                                   1302 ;	-----------------------------------------
      000007                       1303 _Timer_Init:
                           000007  1304 	C$config.c$18$1$2 ==.
                                   1305 ;	Z:\micap\pisca_led\/config.c:18: SFRPAGE   = TIMER01_PAGE;
      000007 75 84 00         [24] 1306 	mov	_SFRPAGE,#0x00
                           00000A  1307 	C$config.c$19$1$2 ==.
                                   1308 ;	Z:\micap\pisca_led\/config.c:19: TMOD      = 0x01;
      00000A 75 89 01         [24] 1309 	mov	_TMOD,#0x01
                           00000D  1310 	C$config.c$20$1$2 ==.
                                   1311 ;	Z:\micap\pisca_led\/config.c:20: CKCON     = 0x08;
      00000D 75 8E 08         [24] 1312 	mov	_CKCON,#0x08
                           000010  1313 	C$config.c$21$1$2 ==.
                           000010  1314 	XG$Timer_Init$0$0 ==.
      000010 22               [24] 1315 	ret
                                   1316 ;------------------------------------------------------------
                                   1317 ;Allocation info for local variables in function 'Port_IO_Init'
                                   1318 ;------------------------------------------------------------
                           000011  1319 	G$Port_IO_Init$0$0 ==.
                           000011  1320 	C$config.c$23$1$2 ==.
                                   1321 ;	Z:\micap\pisca_led\/config.c:23: void Port_IO_Init()
                                   1322 ;	-----------------------------------------
                                   1323 ;	 function Port_IO_Init
                                   1324 ;	-----------------------------------------
      000011                       1325 _Port_IO_Init:
                           000011  1326 	C$config.c$61$1$3 ==.
                                   1327 ;	Z:\micap\pisca_led\/config.c:61: SFRPAGE   = CONFIG_PAGE;
      000011 75 84 0F         [24] 1328 	mov	_SFRPAGE,#0x0f
                           000014  1329 	C$config.c$62$1$3 ==.
                                   1330 ;	Z:\micap\pisca_led\/config.c:62: P0MDOUT   = 0xFF;
      000014 75 A4 FF         [24] 1331 	mov	_P0MDOUT,#0xff
                           000017  1332 	C$config.c$63$1$3 ==.
                                   1333 ;	Z:\micap\pisca_led\/config.c:63: XBR2      = 0x40;
      000017 75 E3 40         [24] 1334 	mov	_XBR2,#0x40
                           00001A  1335 	C$config.c$64$1$3 ==.
                           00001A  1336 	XG$Port_IO_Init$0$0 ==.
      00001A 22               [24] 1337 	ret
                                   1338 ;------------------------------------------------------------
                                   1339 ;Allocation info for local variables in function 'Oscillator_Init'
                                   1340 ;------------------------------------------------------------
                                   1341 ;i                         Allocated to registers r6 r7 
                                   1342 ;------------------------------------------------------------
                           00001B  1343 	G$Oscillator_Init$0$0 ==.
                           00001B  1344 	C$config.c$66$1$3 ==.
                                   1345 ;	Z:\micap\pisca_led\/config.c:66: void Oscillator_Init()
                                   1346 ;	-----------------------------------------
                                   1347 ;	 function Oscillator_Init
                                   1348 ;	-----------------------------------------
      00001B                       1349 _Oscillator_Init:
                           00001B  1350 	C$config.c$69$1$4 ==.
                                   1351 ;	Z:\micap\pisca_led\/config.c:69: SFRPAGE   = CONFIG_PAGE;
      00001B 75 84 0F         [24] 1352 	mov	_SFRPAGE,#0x0f
                           00001E  1353 	C$config.c$70$1$4 ==.
                                   1354 ;	Z:\micap\pisca_led\/config.c:70: OSCXCN    = 0x67;
      00001E 75 8C 67         [24] 1355 	mov	_OSCXCN,#0x67
                           000021  1356 	C$config.c$71$1$4 ==.
                                   1357 ;	Z:\micap\pisca_led\/config.c:71: for (i = 0; i < 3000; i++);  // Wait 1ms for initialization
      000021 7E B8            [12] 1358 	mov	r6,#0xb8
      000023 7F 0B            [12] 1359 	mov	r7,#0x0b
      000025                       1360 00107$:
      000025 EE               [12] 1361 	mov	a,r6
      000026 24 FF            [12] 1362 	add	a,#0xff
      000028 FC               [12] 1363 	mov	r4,a
      000029 EF               [12] 1364 	mov	a,r7
      00002A 34 FF            [12] 1365 	addc	a,#0xff
      00002C FD               [12] 1366 	mov	r5,a
      00002D 8C 06            [24] 1367 	mov	ar6,r4
      00002F 8D 07            [24] 1368 	mov	ar7,r5
      000031 EC               [12] 1369 	mov	a,r4
      000032 4D               [12] 1370 	orl	a,r5
      000033 70 F0            [24] 1371 	jnz	00107$
                           000035  1372 	C$config.c$72$1$4 ==.
                                   1373 ;	Z:\micap\pisca_led\/config.c:72: while ((OSCXCN & 0x80) == 0);
      000035                       1374 00102$:
      000035 E5 8C            [12] 1375 	mov	a,_OSCXCN
      000037 30 E7 FB         [24] 1376 	jnb	acc.7,00102$
                           00003A  1377 	C$config.c$73$1$4 ==.
                                   1378 ;	Z:\micap\pisca_led\/config.c:73: CLKSEL    = 0x01;
      00003A 75 97 01         [24] 1379 	mov	_CLKSEL,#0x01
                           00003D  1380 	C$config.c$74$1$4 ==.
                           00003D  1381 	XG$Oscillator_Init$0$0 ==.
      00003D 22               [24] 1382 	ret
                                   1383 ;------------------------------------------------------------
                                   1384 ;Allocation info for local variables in function 'Interrupts_Init'
                                   1385 ;------------------------------------------------------------
                           00003E  1386 	G$Interrupts_Init$0$0 ==.
                           00003E  1387 	C$config.c$76$1$4 ==.
                                   1388 ;	Z:\micap\pisca_led\/config.c:76: void Interrupts_Init()
                                   1389 ;	-----------------------------------------
                                   1390 ;	 function Interrupts_Init
                                   1391 ;	-----------------------------------------
      00003E                       1392 _Interrupts_Init:
                           00003E  1393 	C$config.c$78$1$5 ==.
                                   1394 ;	Z:\micap\pisca_led\/config.c:78: IE        = 0x03;
      00003E 75 A8 03         [24] 1395 	mov	_IE,#0x03
                           000041  1396 	C$config.c$79$1$5 ==.
                                   1397 ;	Z:\micap\pisca_led\/config.c:79: IP        = 0xC2;
      000041 75 B8 C2         [24] 1398 	mov	_IP,#0xc2
                           000044  1399 	C$config.c$80$1$5 ==.
                           000044  1400 	XG$Interrupts_Init$0$0 ==.
      000044 22               [24] 1401 	ret
                                   1402 ;------------------------------------------------------------
                                   1403 ;Allocation info for local variables in function 'Init_Device'
                                   1404 ;------------------------------------------------------------
                           000045  1405 	G$Init_Device$0$0 ==.
                           000045  1406 	C$config.c$84$1$5 ==.
                                   1407 ;	Z:\micap\pisca_led\/config.c:84: void Init_Device(void)
                                   1408 ;	-----------------------------------------
                                   1409 ;	 function Init_Device
                                   1410 ;	-----------------------------------------
      000045                       1411 _Init_Device:
                           000045  1412 	C$config.c$86$1$7 ==.
                                   1413 ;	Z:\micap\pisca_led\/config.c:86: Reset_Sources_Init();
      000045 12r00r00         [24] 1414 	lcall	_Reset_Sources_Init
                           000048  1415 	C$config.c$87$1$7 ==.
                                   1416 ;	Z:\micap\pisca_led\/config.c:87: Timer_Init();
      000048 12r00r07         [24] 1417 	lcall	_Timer_Init
                           00004B  1418 	C$config.c$88$1$7 ==.
                                   1419 ;	Z:\micap\pisca_led\/config.c:88: Port_IO_Init();
      00004B 12r00r11         [24] 1420 	lcall	_Port_IO_Init
                           00004E  1421 	C$config.c$89$1$7 ==.
                                   1422 ;	Z:\micap\pisca_led\/config.c:89: Oscillator_Init();
      00004E 12r00r1B         [24] 1423 	lcall	_Oscillator_Init
                           000051  1424 	C$config.c$90$1$7 ==.
                                   1425 ;	Z:\micap\pisca_led\/config.c:90: Interrupts_Init();
      000051 12r00r3E         [24] 1426 	lcall	_Interrupts_Init
                           000054  1427 	C$config.c$91$1$7 ==.
                           000054  1428 	XG$Init_Device$0$0 ==.
      000054 22               [24] 1429 	ret
                                   1430 ;------------------------------------------------------------
                                   1431 ;Allocation info for local variables in function 'delay_ms'
                                   1432 ;------------------------------------------------------------
                                   1433 ;t                         Allocated to registers r6 r7 
                                   1434 ;------------------------------------------------------------
                           000055  1435 	G$delay_ms$0$0 ==.
                           000055  1436 	C$main.c$4$1$7 ==.
                                   1437 ;	Z:\micap\pisca_led\main.c:4: void delay_ms(unsigned int t)
                                   1438 ;	-----------------------------------------
                                   1439 ;	 function delay_ms
                                   1440 ;	-----------------------------------------
      000055                       1441 _delay_ms:
      000055 AE 82            [24] 1442 	mov	r6,dpl
      000057 AF 83            [24] 1443 	mov	r7,dph
                           000059  1444 	C$main.c$7$1$9 ==.
                                   1445 ;	Z:\micap\pisca_led\main.c:7: TMOD |= 0x01;
      000059 43 89 01         [24] 1446 	orl	_TMOD,#0x01
                           00005C  1447 	C$main.c$8$1$9 ==.
                                   1448 ;	Z:\micap\pisca_led\main.c:8: TMOD &= 0xFD; // 0b11111101
      00005C 53 89 FD         [24] 1449 	anl	_TMOD,#0xfd
      00005F                       1450 00106$:
                           00005F  1451 	C$main.c$11$1$9 ==.
                                   1452 ;	Z:\micap\pisca_led\main.c:11: for(;t > 0; t--)
      00005F EE               [12] 1453 	mov	a,r6
      000060 4F               [12] 1454 	orl	a,r7
      000061 60 16            [24] 1455 	jz	00108$
                           000063  1456 	C$main.c$13$2$10 ==.
                                   1457 ;	Z:\micap\pisca_led\main.c:13: TR0 = 0; // Desabilita contagem do Timer0
      000063 C2 8C            [12] 1458 	clr	_TR0
                           000065  1459 	C$main.c$14$2$10 ==.
                                   1460 ;	Z:\micap\pisca_led\main.c:14: TF0 = 0; // Define flag de interrupcao de overflow para 0
      000065 C2 8D            [12] 1461 	clr	_TF0
                           000067  1462 	C$main.c$16$2$10 ==.
                                   1463 ;	Z:\micap\pisca_led\main.c:16: TL0 = 0x58;
      000067 75 8A 58         [24] 1464 	mov	_TL0,#0x58
                           00006A  1465 	C$main.c$18$2$10 ==.
                                   1466 ;	Z:\micap\pisca_led\main.c:18: TH0 = 0x9E;
      00006A 75 8C 9E         [24] 1467 	mov	_TH0,#0x9e
                           00006D  1468 	C$main.c$20$2$10 ==.
                                   1469 ;	Z:\micap\pisca_led\main.c:20: TR0 = 1;
      00006D D2 8C            [12] 1470 	setb	_TR0
                           00006F  1471 	C$main.c$22$2$10 ==.
                                   1472 ;	Z:\micap\pisca_led\main.c:22: while(TF0 != 1)
      00006F                       1473 00101$:
      00006F 30 8D FD         [24] 1474 	jnb	_TF0,00101$
                           000072  1475 	C$main.c$11$1$9 ==.
                                   1476 ;	Z:\micap\pisca_led\main.c:11: for(;t > 0; t--)
      000072 1E               [12] 1477 	dec	r6
      000073 BE FF 01         [24] 1478 	cjne	r6,#0xff,00127$
      000076 1F               [12] 1479 	dec	r7
      000077                       1480 00127$:
      000077 80 E6            [24] 1481 	sjmp	00106$
      000079                       1482 00108$:
                           000079  1483 	C$main.c$25$1$9 ==.
                           000079  1484 	XG$delay_ms$0$0 ==.
      000079 22               [24] 1485 	ret
                                   1486 ;------------------------------------------------------------
                                   1487 ;Allocation info for local variables in function 'delay_us'
                                   1488 ;------------------------------------------------------------
                                   1489 ;t                         Allocated to registers r6 r7 
                                   1490 ;------------------------------------------------------------
                           00007A  1491 	G$delay_us$0$0 ==.
                           00007A  1492 	C$main.c$27$1$9 ==.
                                   1493 ;	Z:\micap\pisca_led\main.c:27: void delay_us(unsigned int t)
                                   1494 ;	-----------------------------------------
                                   1495 ;	 function delay_us
                                   1496 ;	-----------------------------------------
      00007A                       1497 _delay_us:
      00007A AE 82            [24] 1498 	mov	r6,dpl
      00007C AF 83            [24] 1499 	mov	r7,dph
                           00007E  1500 	C$main.c$30$1$12 ==.
                                   1501 ;	Z:\micap\pisca_led\main.c:30: TR0 = 0;
      00007E C2 8C            [12] 1502 	clr	_TR0
                           000080  1503 	C$main.c$33$1$12 ==.
                                   1504 ;	Z:\micap\pisca_led\main.c:33: TMOD |= 0x02;
      000080 43 89 02         [24] 1505 	orl	_TMOD,#0x02
                           000083  1506 	C$main.c$34$1$12 ==.
                                   1507 ;	Z:\micap\pisca_led\main.c:34: TMOD &= 0xFE;
      000083 53 89 FE         [24] 1508 	anl	_TMOD,#0xfe
                           000086  1509 	C$main.c$37$1$12 ==.
                                   1510 ;	Z:\micap\pisca_led\main.c:37: TH0 = 0xE7; // 256 - 25 = 231
      000086 75 8C E7         [24] 1511 	mov	_TH0,#0xe7
                           000089  1512 	C$main.c$38$1$12 ==.
                                   1513 ;	Z:\micap\pisca_led\main.c:38: TL0 = 0xE7;
      000089 75 8A E7         [24] 1514 	mov	_TL0,#0xe7
      00008C                       1515 00106$:
                           00008C  1516 	C$main.c$40$1$12 ==.
                                   1517 ;	Z:\micap\pisca_led\main.c:40: for(;t > 0; t--)
      00008C EE               [12] 1518 	mov	a,r6
      00008D 4F               [12] 1519 	orl	a,r7
      00008E 60 0E            [24] 1520 	jz	00108$
                           000090  1521 	C$main.c$43$2$13 ==.
                                   1522 ;	Z:\micap\pisca_led\main.c:43: TR0 = 1;
      000090 D2 8C            [12] 1523 	setb	_TR0
                           000092  1524 	C$main.c$45$2$13 ==.
                                   1525 ;	Z:\micap\pisca_led\main.c:45: while(TF0 != 1)
      000092                       1526 00101$:
      000092 30 8D FD         [24] 1527 	jnb	_TF0,00101$
                           000095  1528 	C$main.c$48$2$13 ==.
                                   1529 ;	Z:\micap\pisca_led\main.c:48: TR0 = 0;
      000095 C2 8C            [12] 1530 	clr	_TR0
                           000097  1531 	C$main.c$40$1$12 ==.
                                   1532 ;	Z:\micap\pisca_led\main.c:40: for(;t > 0; t--)
      000097 1E               [12] 1533 	dec	r6
      000098 BE FF 01         [24] 1534 	cjne	r6,#0xff,00127$
      00009B 1F               [12] 1535 	dec	r7
      00009C                       1536 00127$:
      00009C 80 EE            [24] 1537 	sjmp	00106$
      00009E                       1538 00108$:
                           00009E  1539 	C$main.c$50$1$12 ==.
                           00009E  1540 	XG$delay_us$0$0 ==.
      00009E 22               [24] 1541 	ret
                                   1542 ;------------------------------------------------------------
                                   1543 ;Allocation info for local variables in function 'main'
                                   1544 ;------------------------------------------------------------
                           00009F  1545 	G$main$0$0 ==.
                           00009F  1546 	C$main.c$52$1$12 ==.
                                   1547 ;	Z:\micap\pisca_led\main.c:52: void main(void)
                                   1548 ;	-----------------------------------------
                                   1549 ;	 function main
                                   1550 ;	-----------------------------------------
      00009F                       1551 _main:
                           00009F  1552 	C$main.c$54$1$15 ==.
                                   1553 ;	Z:\micap\pisca_led\main.c:54: Init_Device();
      00009F 12r00r45         [24] 1554 	lcall	_Init_Device
                           0000A2  1555 	C$main.c$55$1$15 ==.
                                   1556 ;	Z:\micap\pisca_led\main.c:55: SFRPAGE = LEGACY_PAGE;
      0000A2 75 84 00         [24] 1557 	mov	_SFRPAGE,#0x00
                           0000A5  1558 	C$main.c$56$1$15 ==.
                                   1559 ;	Z:\micap\pisca_led\main.c:56: P0 = 0;
      0000A5 75 80 00         [24] 1560 	mov	_P0,#0x00
                           0000A8  1561 	C$main.c$58$1$15 ==.
                                   1562 ;	Z:\micap\pisca_led\main.c:58: while(1){
      0000A8                       1563 00102$:
                           0000A8  1564 	C$main.c$60$2$16 ==.
                                   1565 ;	Z:\micap\pisca_led\main.c:60: P0_0 = 1;
      0000A8 D2 80            [12] 1566 	setb	_P0_0
                           0000AA  1567 	C$main.c$61$2$16 ==.
                                   1568 ;	Z:\micap\pisca_led\main.c:61: delay_ms(500);
      0000AA 90 01 F4         [24] 1569 	mov	dptr,#0x01f4
      0000AD 12r00r55         [24] 1570 	lcall	_delay_ms
                           0000B0  1571 	C$main.c$62$2$16 ==.
                                   1572 ;	Z:\micap\pisca_led\main.c:62: P0_0 = 0;
      0000B0 C2 80            [12] 1573 	clr	_P0_0
                           0000B2  1574 	C$main.c$63$2$16 ==.
                                   1575 ;	Z:\micap\pisca_led\main.c:63: delay_ms(500);
      0000B2 90 01 F4         [24] 1576 	mov	dptr,#0x01f4
      0000B5 12r00r55         [24] 1577 	lcall	_delay_ms
      0000B8 80 EE            [24] 1578 	sjmp	00102$
                           0000BA  1579 	C$main.c$74$1$15 ==.
                           0000BA  1580 	XG$main$0$0 ==.
      0000BA 22               [24] 1581 	ret
                                   1582 	.area CSEG    (CODE)
                                   1583 	.area CONST   (CODE)
                                   1584 	.area XINIT   (CODE)
                                   1585 	.area CABS    (ABS,CODE)
