ASxxxx Linker V03.00 + NoICE + sdld,  page 1.
Hexadecimal  [32-Bits]

Area                                    Addr        Size        Decimal Bytes (Attributes)
--------------------------------        ----        ----        ------- ----- ------------
CABS                                00000000    00000000 =           0. bytes (ABS,CON,CODE)

      Value  Global                              Global Defined In Module
      -----  --------------------------------   ------------------------
C:   00000000  l_CABS                          
C:   00000000  l_GSINIT1                       
C:   00000000  l_GSINIT5                       
C:   00000000  l_IABS                          
C:   00000000  l_ISEG                          
C:   00000000  l_PSEG                          
C:   00000000  l_REG_BANK_1                    
C:   00000000  l_REG_BANK_2                    
C:   00000000  l_REG_BANK_3                    
C:   00000000  l_RSEG                          
C:   00000000  l_RSEG0                         
C:   00000000  l_RSEG1                         
C:   00000000  l_XABS                          
C:   00000000  l_XINIT                         
C:   00000000  l_XISEG                         
C:   00000000  l_XSEG                          
C:   00000000  l__CODE                         
C:   00000000  s_BSEG                          
C:   00000000  s_CABS                          
C:   00000000  s_DSEG                          
C:   00000000  s_HOME                          
C:   00000000  s_IABS                          
C:   00000000  s_ISEG                          
C:   00000000  s_REG_BANK_0                    
C:   00000000  s_RSEG                          
C:   00000000  s_RSEG0                         
C:   00000000  s_RSEG1                         
C:   00000000  s_XABS                          
C:   00000001  l_BIT_BANK                      
C:   00000001  s_PSEG                          
C:   00000001  s_XISEG                         
C:   00000001  s_XSEG                          
C:   00000002  l_OSEG                          
C:   00000003  l_BSEG_BYTES                    
C:   00000003  l_GSFINAL                       
C:   00000003  l_GSINIT0                       
C:   00000008  l_REG_BANK_0                    
C:   00000008  s_REG_BANK_1                    
C:   00000009  l_GSINIT                        
C:   0000000A  l_GSINIT2                       
C:   00000010  s_REG_BANK_2                    
C:   00000011  l_BSEG                          
C:   00000017  s_OSEG                          
C:   00000018  s_REG_BANK_3                    
C:   00000020  s_BSEG_BYTES                    
C:   00000020  s__CODE                         
C:   00000021  l_HOME                          
C:   00000021  s_GSINIT0                       
C:   00000022  l_GSINIT3                       
C:   00000023  s_BIT_BANK                      
ASxxxx Linker V03.00 + NoICE + sdld,  page 2.
Hexadecimal  [32-Bits]

Area                                    Addr        Size        Decimal Bytes (Attributes)
--------------------------------        ----        ----        ------- ----- ------------
CABS                                00000000    00000000 =           0. bytes (ABS,CON,CODE)

      Value  Global                              Global Defined In Module
      -----  --------------------------------   ------------------------
C:   00000024  s_GSINIT1                       
C:   00000024  s_GSINIT2                       
C:   00000024  s_SSEG                          
C:   0000002A  l_GSINIT4                       
C:   0000002E  s_GSINIT3                       
C:   00000050  s_GSINIT4                       
C:   00000079  l_DSEG                          
C:   0000007A  s_GSINIT                        
C:   0000007A  s_GSINIT5                       
C:   00000083  s_GSFINAL                       
C:   00000086  s_CSEG                          
C:   000000DC  l_SSEG                          
C:   00000100  l_IRAM                          
C:   000003C6  l_CONST                         
C:   00000D91  l_CSEG                          
C:   00000E17  s_CONST                         
C:   000011DD  s_XINIT                         

ASxxxx Linker V03.00 + NoICE + sdld,  page 3.
Hexadecimal  [32-Bits]

Area                                    Addr        Size        Decimal Bytes (Attributes)
--------------------------------        ----        ----        ------- ----- ------------
.  .ABS.                            00000000    00000000 =           0. bytes (ABS,CON)

      Value  Global                              Global Defined In Module
      -----  --------------------------------   ------------------------
     00000000  .__.ABS.                           _startup
     00000080  G$P0$0$0                           main
     00000080  G$P0_0$0$0                         main
     00000080  _P0                                main
     00000080  _P0_0                              main
     00000081  G$P0_1$0$0                         main
     00000081  G$SP$0$0                           main
     00000081  _P0_1                              main
     00000081  _SP                                main
     00000082  G$DPL$0$0                          main
     00000082  G$P0_2$0$0                         main
     00000082  _DPL                               main
     00000082  _P0_2                              main
     00000083  G$DPH$0$0                          main
     00000083  G$P0_3$0$0                         main
     00000083  _DPH                               main
     00000083  _P0_3                              main
     00000084  G$P0_4$0$0                         main
     00000084  G$SFRPAGE$0$0                      main
     00000084  _P0_4                              main
     00000084  _SFRPAGE                           main
     00000085  G$P0_5$0$0                         main
     00000085  G$SFRNEXT$0$0                      main
     00000085  _P0_5                              main
     00000085  _SFRNEXT                           main
     00000086  G$P0_6$0$0                         main
     00000086  G$SFRLAST$0$0                      main
     00000086  _P0_6                              main
     00000086  _SFRLAST                           main
     00000087  G$P0_7$0$0                         main
     00000087  G$PCON$0$0                         main
     00000087  _P0_7                              main
     00000087  _PCON                              main
     00000088  G$CP0HYN0$0$0                      main
     00000088  G$CP1HYN0$0$0                      main
     00000088  G$CP2HYN0$0$0                      main
     00000088  G$CPT0CN$0$0                       main
     00000088  G$CPT1CN$0$0                       main
     00000088  G$CPT2CN$0$0                       main
     00000088  G$IT0$0$0                          main
     00000088  G$TCON$0$0                         main
     00000088  _CP0HYN0                           main
     00000088  _CP1HYN0                           main
     00000088  _CP2HYN0                           main
     00000088  _CPT0CN                            main
     00000088  _CPT1CN                            main
     00000088  _CPT2CN                            main
     00000088  _IT0                               main
     00000088  _TCON                              main
     00000089  G$CP0HYN1$0$0                      main
ASxxxx Linker V03.00 + NoICE + sdld,  page 4.
Hexadecimal  [32-Bits]

Area                                    Addr        Size        Decimal Bytes (Attributes)
--------------------------------        ----        ----        ------- ----- ------------
.  .ABS.                            00000000    00000000 =           0. bytes (ABS,CON)

      Value  Global                              Global Defined In Module
      -----  --------------------------------   ------------------------
     00000089  G$CP1HYN1$0$0                      main
     00000089  G$CP2HYN1$0$0                      main
     00000089  G$CPT0MD$0$0                       main
     00000089  G$CPT1MD$0$0                       main
     00000089  G$CPT2MD$0$0                       main
     00000089  G$IE0$0$0                          main
     00000089  G$TMOD$0$0                         main
     00000089  _CP0HYN1                           main
     00000089  _CP1HYN1                           main
     00000089  _CP2HYN1                           main
     00000089  _CPT0MD                            main
     00000089  _CPT1MD                            main
     00000089  _CPT2MD                            main
     00000089  _IE0                               main
     00000089  _TMOD                              main
     0000008A  G$CP0HYP0$0$0                      main
     0000008A  G$CP1HYP0$0$0                      main
     0000008A  G$CP2HYP0$0$0                      main
     0000008A  G$IT1$0$0                          main
     0000008A  G$OSCICN$0$0                       main
     0000008A  G$TL0$0$0                          main
     0000008A  _CP0HYP0                           main
     0000008A  _CP1HYP0                           main
     0000008A  _CP2HYP0                           main
     0000008A  _IT1                               main
     0000008A  _OSCICN                            main
     0000008A  _TL0                               main
     0000008B  G$CP0HYP1$0$0                      main
     0000008B  G$CP1HYP1$0$0                      main
     0000008B  G$CP2HYP1$0$0                      main
     0000008B  G$IE1$0$0                          main
     0000008B  G$OSCICL$0$0                       main
     0000008B  G$TL1$0$0                          main
     0000008B  _CP0HYP1                           main
     0000008B  _CP1HYP1                           main
     0000008B  _CP2HYP1                           main
     0000008B  _IE1                               main
     0000008B  _OSCICL                            main
     0000008B  _TL1                               main
     0000008C  G$CP0FIF$0$0                       main
     0000008C  G$CP1FIF$0$0                       main
     0000008C  G$CP2FIF$0$0                       main
     0000008C  G$OSCXCN$0$0                       main
     0000008C  G$TH0$0$0                          main
     0000008C  G$TR0$0$0                          main
     0000008C  _CP0FIF                            main
     0000008C  _CP1FIF                            main
     0000008C  _CP2FIF                            main
     0000008C  _OSCXCN                            main
     0000008C  _TH0                               main
     0000008C  _TR0                               main
ASxxxx Linker V03.00 + NoICE + sdld,  page 5.
Hexadecimal  [32-Bits]

Area                                    Addr        Size        Decimal Bytes (Attributes)
--------------------------------        ----        ----        ------- ----- ------------
.  .ABS.                            00000000    00000000 =           0. bytes (ABS,CON)

      Value  Global                              Global Defined In Module
      -----  --------------------------------   ------------------------
     0000008D  G$CP0RIF$0$0                       main
     0000008D  G$CP1RIF$0$0                       main
     0000008D  G$CP2RIF$0$0                       main
     0000008D  G$TF0$0$0                          main
     0000008D  G$TH1$0$0                          main
     0000008D  _CP0RIF                            main
     0000008D  _CP1RIF                            main
     0000008D  _CP2RIF                            main
     0000008D  _TF0                               main
     0000008D  _TH1                               main
     0000008E  G$CKCON$0$0                        main
     0000008E  G$CP0OUT$0$0                       main
     0000008E  G$CP1OUT$0$0                       main
     0000008E  G$CP2OUT$0$0                       main
     0000008E  G$TR1$0$0                          main
     0000008E  _CKCON                             main
     0000008E  _CP0OUT                            main
     0000008E  _CP1OUT                            main
     0000008E  _CP2OUT                            main
     0000008E  _TR1                               main
     0000008F  G$CP0EN$0$0                        main
     0000008F  G$CP1EN$0$0                        main
     0000008F  G$CP2EN$0$0                        main
     0000008F  G$PSCTL$0$0                        main
     0000008F  G$TF1$0$0                          main
     0000008F  _CP0EN                             main
     0000008F  _CP1EN                             main
     0000008F  _CP2EN                             main
     0000008F  _PSCTL                             main
     0000008F  _TF1                               main
     00000090  G$P1$0$0                           main
     00000090  G$P1_0$0$0                         main
     00000090  _P1                                main
     00000090  _P1_0                              main
     00000091  G$P1_1$0$0                         main
     00000091  G$SSTA0$0$0                        main
     00000091  _P1_1                              main
     00000091  _SSTA0                             main
     00000092  G$P1_2$0$0                         main
     00000092  _P1_2                              main
     00000093  G$P1_3$0$0                         main
     00000093  _P1_3                              main
     00000094  G$P1_4$0$0                         main
     00000094  _P1_4                              main
     00000095  G$P1_5$0$0                         main
     00000095  _P1_5                              main
     00000096  G$P1_6$0$0                         main
     00000096  G$SFRPGCN$0$0                      main
     00000096  _P1_6                              main
     00000096  _SFRPGCN                           main
     00000097  G$CLKSEL$0$0                       main
ASxxxx Linker V03.00 + NoICE + sdld,  page 6.
Hexadecimal  [32-Bits]

Area                                    Addr        Size        Decimal Bytes (Attributes)
--------------------------------        ----        ----        ------- ----- ------------
.  .ABS.                            00000000    00000000 =           0. bytes (ABS,CON)

      Value  Global                              Global Defined In Module
      -----  --------------------------------   ------------------------
     00000097  G$P1_7$0$0                         main
     00000097  _CLKSEL                            main
     00000097  _P1_7                              main
     00000098  G$RI0$0$0                          main
     00000098  G$RI1$0$0                          main
     00000098  G$SCON0$0$0                        main
     00000098  G$SCON1$0$0                        main
     00000098  _RI0                               main
     00000098  _RI1                               main
     00000098  _SCON0                             main
     00000098  _SCON1                             main
     00000099  G$SBUF0$0$0                        main
     00000099  G$SBUF1$0$0                        main
     00000099  G$TI0$0$0                          main
     00000099  G$TI1$0$0                          main
     00000099  _SBUF0                             main
     00000099  _SBUF1                             main
     00000099  _TI0                               main
     00000099  _TI1                               main
     0000009A  G$RB80$0$0                         main
     0000009A  G$RB81$0$0                         main
     0000009A  G$SPI0CFG$0$0                      main
     0000009A  _RB80                              main
     0000009A  _RB81                              main
     0000009A  _SPI0CFG                           main
     0000009B  G$SPI0DAT$0$0                      main
     0000009B  G$TB80$0$0                         main
     0000009B  G$TB81$0$0                         main
     0000009B  _SPI0DAT                           main
     0000009B  _TB80                              main
     0000009B  _TB81                              main
     0000009C  G$P4MDOUT$0$0                      main
     0000009C  G$REN0$0$0                         main
     0000009C  G$REN1$0$0                         main
     0000009C  _P4MDOUT                           main
     0000009C  _REN0                              main
     0000009C  _REN1                              main
     0000009D  G$MCE1$0$0                         main
     0000009D  G$P5MDOUT$0$0                      main
     0000009D  G$SM20$0$0                         main
     0000009D  G$SPI0CKR$0$0                      main
     0000009D  _MCE1                              main
     0000009D  _P5MDOUT                           main
     0000009D  _SM20                              main
     0000009D  _SPI0CKR                           main
     0000009E  G$P6MDOUT$0$0                      main
     0000009E  G$SM10$0$0                         main
     0000009E  _P6MDOUT                           main
     0000009E  _SM10                              main
     0000009F  G$P7MDOUT$0$0                      main
     0000009F  G$S1MODE$0$0                       main
ASxxxx Linker V03.00 + NoICE + sdld,  page 7.
Hexadecimal  [32-Bits]

Area                                    Addr        Size        Decimal Bytes (Attributes)
--------------------------------        ----        ----        ------- ----- ------------
.  .ABS.                            00000000    00000000 =           0. bytes (ABS,CON)

      Value  Global                              Global Defined In Module
      -----  --------------------------------   ------------------------
     0000009F  G$SM00$0$0                         main
     0000009F  _P7MDOUT                           main
     0000009F  _S1MODE                            main
     0000009F  _SM00                              main
     000000A0  G$P2$0$0                           main
     000000A0  G$P2_0$0$0                         main
     000000A0  _P2                                main
     000000A0  _P2_0                              main
     000000A1  G$EMI0TC$0$0                       main
     000000A1  G$P2_1$0$0                         main
     000000A1  _EMI0TC                            main
     000000A1  _P2_1                              main
     000000A2  G$EMI0CN$0$0                       main
     000000A2  G$P2_2$0$0                         main
     000000A2  G$_XPAGE$0$0                       main
     000000A2  _EMI0CN                            main
     000000A2  _P2_2                              main
     000000A2  __XPAGE                            main
     000000A3  G$EMI0CF$0$0                       main
     000000A3  G$P2_3$0$0                         main
     000000A3  _EMI0CF                            main
     000000A3  _P2_3                              main
     000000A4  G$P0MDOUT$0$0                      main
     000000A4  G$P2_4$0$0                         main
     000000A4  _P0MDOUT                           main
     000000A4  _P2_4                              main
     000000A5  G$P1MDOUT$0$0                      main
     000000A5  G$P2_5$0$0                         main
     000000A5  _P1MDOUT                           main
     000000A5  _P2_5                              main
     000000A6  G$P2MDOUT$0$0                      main
     000000A6  G$P2_6$0$0                         main
     000000A6  _P2MDOUT                           main
     000000A6  _P2_6                              main
     000000A7  G$P2_7$0$0                         main
     000000A7  G$P3MDOUT$0$0                      main
     000000A7  _P2_7                              main
     000000A7  _P3MDOUT                           main
     000000A8  G$EX0$0$0                          main
     000000A8  G$IE$0$0                           main
     000000A8  _EX0                               main
     000000A8  _IE                                main
     000000A9  G$ET0$0$0                          main
     000000A9  G$SADDR0$0$0                       main
     000000A9  G$SADDR1$0$0                       main
     000000A9  _ET0                               main
     000000A9  _SADDR0                            main
     000000A9  _SADDR1                            main
     000000AA  G$EX1$0$0                          main
     000000AA  _EX1                               main
     000000AB  G$ET1$0$0                          main
ASxxxx Linker V03.00 + NoICE + sdld,  page 8.
Hexadecimal  [32-Bits]

Area                                    Addr        Size        Decimal Bytes (Attributes)
--------------------------------        ----        ----        ------- ----- ------------
.  .ABS.                            00000000    00000000 =           0. bytes (ABS,CON)

      Value  Global                              Global Defined In Module
      -----  --------------------------------   ------------------------
     000000AB  _ET1                               main
     000000AC  G$ES0$0$0                          main
     000000AC  _ES0                               main
     000000AD  G$ET2$0$0                          main
     000000AD  G$P1MDIN$0$0                       main
     000000AD  _ET2                               main
     000000AD  _P1MDIN                            main
     000000AE  G$P2MDIN$0$0                       main
     000000AE  _P2MDIN                            main
     000000AF  G$EA$0$0                           main
     000000AF  G$P3MDIN$0$0                       main
     000000AF  _EA                                main
     000000AF  _P3MDIN                            main
     000000B0  G$P3$0$0                           main
     000000B0  G$P3_0$0$0                         main
     000000B0  _P3                                main
     000000B0  _P3_0                              main
     000000B1  G$P3_1$0$0                         main
     000000B1  _P3_1                              main
     000000B2  G$P3_2$0$0                         main
     000000B2  _P3_2                              main
     000000B3  G$P3_3$0$0                         main
     000000B3  _P3_3                              main
     000000B4  G$P3_4$0$0                         main
     000000B4  _P3_4                              main
     000000B5  G$P3_5$0$0                         main
     000000B5  _P3_5                              main
     000000B6  G$P3_6$0$0                         main
     000000B6  _P3_6                              main
     000000B7  G$FLACL$0$0                        main
     000000B7  G$FLSCL$0$0                        main
     000000B7  G$P3_7$0$0                         main
     000000B7  _FLACL                             main
     000000B7  _FLSCL                             main
     000000B7  _P3_7                              main
     000000B8  G$IP$0$0                           main
     000000B8  G$PX0$0$0                          main
     000000B8  _IP                                main
     000000B8  _PX0                               main
     000000B9  G$PT0$0$0                          main
     000000B9  G$SADEN0$0$0                       main
     000000B9  _PT0                               main
     000000B9  _SADEN0                            main
     000000BA  G$AMX0CF$0$0                       main
     000000BA  G$AMX2CF$0$0                       main
     000000BA  G$PX1$0$0                          main
     000000BA  _AMX0CF                            main
     000000BA  _AMX2CF                            main
     000000BA  _PX1                               main
     000000BB  G$AMX0SL$0$0                       main
     000000BB  G$AMX2SL$0$0                       main
ASxxxx Linker V03.00 + NoICE + sdld,  page 9.
Hexadecimal  [32-Bits]

Area                                    Addr        Size        Decimal Bytes (Attributes)
--------------------------------        ----        ----        ------- ----- ------------
.  .ABS.                            00000000    00000000 =           0. bytes (ABS,CON)

      Value  Global                              Global Defined In Module
      -----  --------------------------------   ------------------------
     000000BB  G$PT1$0$0                          main
     000000BB  _AMX0SL                            main
     000000BB  _AMX2SL                            main
     000000BB  _PT1                               main
     000000BC  G$ADC0CF$0$0                       main
     000000BC  G$ADC2CF$0$0                       main
     000000BC  G$PS0$0$0                          main
     000000BC  _ADC0CF                            main
     000000BC  _ADC2CF                            main
     000000BC  _PS0                               main
     000000BD  G$AMX0PRT$0$0                      main
     000000BD  G$PT2$0$0                          main
     000000BD  _AMX0PRT                           main
     000000BD  _PT2                               main
     000000BE  G$ADC0L$0$0                        main
     000000BE  G$ADC2$0$0                         main
     000000BE  _ADC0L                             main
     000000BE  _ADC2                              main
     000000BF  G$ADC0H$0$0                        main
     000000BF  _ADC0H                             main
     000000C0  G$CAN0STA$0$0                      main
     000000C0  G$LEC0$0$0                         main
     000000C0  G$SMB0CN$0$0                       main
     000000C0  G$SMBTOE$0$0                       main
     000000C0  _CAN0STA                           main
     000000C0  _LEC0                              main
     000000C0  _SMB0CN                            main
     000000C0  _SMBTOE                            main
     000000C1  G$LEC1$0$0                         main
     000000C1  G$SMB0STA$0$0                      main
     000000C1  G$SMBFTE$0$0                       main
     000000C1  _LEC1                              main
     000000C1  _SMB0STA                           main
     000000C1  _SMBFTE                            main
     000000C2  G$AA$0$0                           main
     000000C2  G$LEC2$0$0                         main
     000000C2  G$SMB0DAT$0$0                      main
     000000C2  _AA                                main
     000000C2  _LEC2                              main
     000000C2  _SMB0DAT                           main
     000000C3  G$SI$0$0                           main
     000000C3  G$SMB0ADR$0$0                      main
     000000C3  G$TXOK$0$0                         main
     000000C3  _SI                                main
     000000C3  _SMB0ADR                           main
     000000C3  _TXOK                              main
     000000C4  G$ADC0GTL$0$0                      main
     000000C4  G$ADC2GT$0$0                       main
     000000C4  G$RXOK$0$0                         main
     000000C4  G$STO$0$0                          main
     000000C4  _ADC0GTL                           main
ASxxxx Linker V03.00 + NoICE + sdld,  page 10.
Hexadecimal  [32-Bits]

Area                                    Addr        Size        Decimal Bytes (Attributes)
--------------------------------        ----        ----        ------- ----- ------------
.  .ABS.                            00000000    00000000 =           0. bytes (ABS,CON)

      Value  Global                              Global Defined In Module
      -----  --------------------------------   ------------------------
     000000C4  _ADC2GT                            main
     000000C4  _RXOK                              main
     000000C4  _STO                               main
     000000C5  G$ADC0GTH$0$0                      main
     000000C5  G$EPASS$0$0                        main
     000000C5  G$STA$0$0                          main
     000000C5  _ADC0GTH                           main
     000000C5  _EPASS                             main
     000000C5  _STA                               main
     000000C6  G$ADC0LTL$0$0                      main
     000000C6  G$ADC2LT$0$0                       main
     000000C6  G$ENSMB$0$0                        main
     000000C6  G$EWARN$0$0                        main
     000000C6  _ADC0LTL                           main
     000000C6  _ADC2LT                            main
     000000C6  _ENSMB                             main
     000000C6  _EWARN                             main
     000000C7  G$ADC0LTH$0$0                      main
     000000C7  G$BOFF$0$0                         main
     000000C7  G$BUSY$0$0                         main
     000000C7  _ADC0LTH                           main
     000000C7  _BOFF                              main
     000000C7  _BUSY                              main
     000000C8  G$CPRL2$0$0                        main
     000000C8  G$CPRL3$0$0                        main
     000000C8  G$CPRL4$0$0                        main
     000000C8  G$P4$0$0                           main
     000000C8  G$P4_0$0$0                         main
     000000C8  G$TMR2CN$0$0                       main
     000000C8  G$TMR3CN$0$0                       main
     000000C8  G$TMR4CN$0$0                       main
     000000C8  _CPRL2                             main
     000000C8  _CPRL3                             main
     000000C8  _CPRL4                             main
     000000C8  _P4                                main
     000000C8  _P4_0                              main
     000000C8  _TMR2CN                            main
     000000C8  _TMR3CN                            main
     000000C8  _TMR4CN                            main
     000000C9  G$CT2$0$0                          main
     000000C9  G$CT3$0$0                          main
     000000C9  G$CT4$0$0                          main
     000000C9  G$P4_1$0$0                         main
     000000C9  G$TMR2CF$0$0                       main
     000000C9  G$TMR3CF$0$0                       main
     000000C9  G$TMR4CF$0$0                       main
     000000C9  _CT2                               main
     000000C9  _CT3                               main
     000000C9  _CT4                               main
     000000C9  _P4_1                              main
     000000C9  _TMR2CF                            main
ASxxxx Linker V03.00 + NoICE + sdld,  page 11.
Hexadecimal  [32-Bits]

Area                                    Addr        Size        Decimal Bytes (Attributes)
--------------------------------        ----        ----        ------- ----- ------------
.  .ABS.                            00000000    00000000 =           0. bytes (ABS,CON)

      Value  Global                              Global Defined In Module
      -----  --------------------------------   ------------------------
     000000C9  _TMR3CF                            main
     000000C9  _TMR4CF                            main
     000000CA  G$P4_2$0$0                         main
     000000CA  G$RCAP2L$0$0                       main
     000000CA  G$RCAP3L$0$0                       main
     000000CA  G$RCAP4L$0$0                       main
     000000CA  G$TR2$0$0                          main
     000000CA  G$TR3$0$0                          main
     000000CA  G$TR4$0$0                          main
     000000CA  _P4_2                              main
     000000CA  _RCAP2L                            main
     000000CA  _RCAP3L                            main
     000000CA  _RCAP4L                            main
     000000CA  _TR2                               main
     000000CA  _TR3                               main
     000000CA  _TR4                               main
     000000CB  G$EXEN2$0$0                        main
     000000CB  G$EXEN3$0$0                        main
     000000CB  G$EXEN4$0$0                        main
     000000CB  G$P4_3$0$0                         main
     000000CB  G$RCAP2H$0$0                       main
     000000CB  G$RCAP3H$0$0                       main
     000000CB  G$RCAP4H$0$0                       main
     000000CB  _EXEN2                             main
     000000CB  _EXEN3                             main
     000000CB  _EXEN4                             main
     000000CB  _P4_3                              main
     000000CB  _RCAP2H                            main
     000000CB  _RCAP3H                            main
     000000CB  _RCAP4H                            main
     000000CC  G$P4_4$0$0                         main
     000000CC  G$TMR2L$0$0                        main
     000000CC  G$TMR3L$0$0                        main
     000000CC  G$TMR4L$0$0                        main
     000000CC  _P4_4                              main
     000000CC  _TMR2L                             main
     000000CC  _TMR3L                             main
     000000CC  _TMR4L                             main
     000000CD  G$P4_5$0$0                         main
     000000CD  G$TMR2H$0$0                        main
     000000CD  G$TMR3H$0$0                        main
     000000CD  G$TMR4H$0$0                        main
     000000CD  _P4_5                              main
     000000CD  _TMR2H                             main
     000000CD  _TMR3H                             main
     000000CD  _TMR4H                             main
     000000CE  G$EXF2$0$0                         main
     000000CE  G$EXF3$0$0                         main
     000000CE  G$EXF4$0$0                         main
     000000CE  G$P4_6$0$0                         main
     000000CE  _EXF2                              main
ASxxxx Linker V03.00 + NoICE + sdld,  page 12.
Hexadecimal  [32-Bits]

Area                                    Addr        Size        Decimal Bytes (Attributes)
--------------------------------        ----        ----        ------- ----- ------------
.  .ABS.                            00000000    00000000 =           0. bytes (ABS,CON)

      Value  Global                              Global Defined In Module
      -----  --------------------------------   ------------------------
     000000CE  _EXF3                              main
     000000CE  _EXF4                              main
     000000CE  _P4_6                              main
     000000CF  G$P4_7$0$0                         main
     000000CF  G$SMB0CR$0$0                       main
     000000CF  G$TF2$0$0                          main
     000000CF  G$TF3$0$0                          main
     000000CF  G$TF4$0$0                          main
     000000CF  _P4_7                              main
     000000CF  _SMB0CR                            main
     000000CF  _TF2                               main
     000000CF  _TF3                               main
     000000CF  _TF4                               main
     000000D0  G$P$0$0                            main
     000000D0  G$PSW$0$0                          main
     000000D0  _P                                 main
     000000D0  _PSW                               main
     000000D1  G$F1$0$0                           main
     000000D1  G$REF0CN$0$0                       main
     000000D1  _F1                                main
     000000D1  _REF0CN                            main
     000000D2  G$DAC0L$0$0                        main
     000000D2  G$DAC1L$0$0                        main
     000000D2  G$OV$0$0                           main
     000000D2  _DAC0L                             main
     000000D2  _DAC1L                             main
     000000D2  _OV                                main
     000000D3  G$DAC0H$0$0                        main
     000000D3  G$DAC1H$0$0                        main
     000000D3  G$RS0$0$0                          main
     000000D3  _DAC0H                             main
     000000D3  _DAC1H                             main
     000000D3  _RS0                               main
     000000D4  G$DAC0CN$0$0                       main
     000000D4  G$DAC1CN$0$0                       main
     000000D4  G$RS1$0$0                          main
     000000D4  _DAC0CN                            main
     000000D4  _DAC1CN                            main
     000000D4  _RS1                               main
     000000D5  G$F0$0$0                           main
     000000D5  _F0                                main
     000000D6  G$AC$0$0                           main
     000000D6  G$HVA0CN$0$0                       main
     000000D6  _AC                                main
     000000D6  _HVA0CN                            main
     000000D7  G$CY$0$0                           main
     000000D7  _CY                                main
     000000D8  G$CAN0DATL$0$0                     main
     000000D8  G$CCF0$0$0                         main
     000000D8  G$P5$0$0                           main
     000000D8  G$P5_0$0$0                         main
ASxxxx Linker V03.00 + NoICE + sdld,  page 13.
Hexadecimal  [32-Bits]

Area                                    Addr        Size        Decimal Bytes (Attributes)
--------------------------------        ----        ----        ------- ----- ------------
.  .ABS.                            00000000    00000000 =           0. bytes (ABS,CON)

      Value  Global                              Global Defined In Module
      -----  --------------------------------   ------------------------
     000000D8  G$PCA0CN$0$0                       main
     000000D8  _CAN0DATL                          main
     000000D8  _CCF0                              main
     000000D8  _P5                                main
     000000D8  _P5_0                              main
     000000D8  _PCA0CN                            main
     000000D9  G$CAN0DATH$0$0                     main
     000000D9  G$CCF1$0$0                         main
     000000D9  G$P5_1$0$0                         main
     000000D9  G$PCA0MD$0$0                       main
     000000D9  _CAN0DATH                          main
     000000D9  _CCF1                              main
     000000D9  _P5_1                              main
     000000D9  _PCA0MD                            main
     000000DA  G$CAN0ADR$0$0                      main
     000000DA  G$CCF2$0$0                         main
     000000DA  G$P5_2$0$0                         main
     000000DA  G$PCA0CPM0$0$0                     main
     000000DA  _CAN0ADR                           main
     000000DA  _CCF2                              main
     000000DA  _P5_2                              main
     000000DA  _PCA0CPM0                          main
     000000DB  G$CAN0TST$0$0                      main
     000000DB  G$CCF3$0$0                         main
     000000DB  G$P5_3$0$0                         main
     000000DB  G$PCA0CPM1$0$0                     main
     000000DB  _CAN0TST                           main
     000000DB  _CCF3                              main
     000000DB  _P5_3                              main
     000000DB  _PCA0CPM1                          main
     000000DC  G$CCF4$0$0                         main
     000000DC  G$P5_4$0$0                         main
     000000DC  G$PCA0CPM2$0$0                     main
     000000DC  _CCF4                              main
     000000DC  _P5_4                              main
     000000DC  _PCA0CPM2                          main
     000000DD  G$CCF5$0$0                         main
     000000DD  G$P5_5$0$0                         main
     000000DD  G$PCA0CPM3$0$0                     main
     000000DD  _CCF5                              main
     000000DD  _P5_5                              main
     000000DD  _PCA0CPM3                          main
     000000DE  G$CR$0$0                           main
     000000DE  G$P5_6$0$0                         main
     000000DE  G$PCA0CPM4$0$0                     main
     000000DE  _CR                                main
     000000DE  _P5_6                              main
     000000DE  _PCA0CPM4                          main
     000000DF  G$CF$0$0                           main
     000000DF  G$P5_7$0$0                         main
     000000DF  G$PCA0CPM5$0$0                     main
ASxxxx Linker V03.00 + NoICE + sdld,  page 14.
Hexadecimal  [32-Bits]

Area                                    Addr        Size        Decimal Bytes (Attributes)
--------------------------------        ----        ----        ------- ----- ------------
.  .ABS.                            00000000    00000000 =           0. bytes (ABS,CON)

      Value  Global                              Global Defined In Module
      -----  --------------------------------   ------------------------
     000000DF  _CF                                main
     000000DF  _P5_7                              main
     000000DF  _PCA0CPM5                          main
     000000E0  G$ACC$0$0                          main
     000000E0  _ACC                               main
     000000E1  G$PCA0CPL5$0$0                     main
     000000E1  G$XBR0$0$0                         main
     000000E1  _PCA0CPL5                          main
     000000E1  _XBR0                              main
     000000E2  G$PCA0CPH5$0$0                     main
     000000E2  G$XBR1$0$0                         main
     000000E2  _PCA0CPH5                          main
     000000E2  _XBR1                              main
     000000E3  G$XBR2$0$0                         main
     000000E3  _XBR2                              main
     000000E4  G$XBR3$0$0                         main
     000000E4  _XBR3                              main
     000000E6  G$EIE1$0$0                         main
     000000E6  _EIE1                              main
     000000E7  G$EIE2$0$0                         main
     000000E7  _EIE2                              main
     000000E8  G$AD0LJST$0$0                      main
     000000E8  G$AD2WINT$0$0                      main
     000000E8  G$ADC0CN$0$0                       main
     000000E8  G$ADC2CN$0$0                       main
     000000E8  G$P6$0$0                           main
     000000E8  G$P6_0$0$0                         main
     000000E8  _AD0LJST                           main
     000000E8  _AD2WINT                           main
     000000E8  _ADC0CN                            main
     000000E8  _ADC2CN                            main
     000000E8  _P6                                main
     000000E8  _P6_0                              main
     000000E9  G$AD0WINT$0$0                      main
     000000E9  G$AD2CM0$0$0                       main
     000000E9  G$P6_1$0$0                         main
     000000E9  G$PCA0CPL2$0$0                     main
     000000E9  _AD0WINT                           main
     000000E9  _AD2CM0                            main
     000000E9  _P6_1                              main
     000000E9  _PCA0CPL2                          main
     000000EA  G$AD0CM0$0$0                       main
     000000EA  G$AD2CM1$0$0                       main
     000000EA  G$P6_2$0$0                         main
     000000EA  G$PCA0CPH2$0$0                     main
     000000EA  _AD0CM0                            main
     000000EA  _AD2CM1                            main
     000000EA  _P6_2                              main
     000000EA  _PCA0CPH2                          main
     000000EB  G$AD0CM1$0$0                       main
     000000EB  G$AD2CM2$0$0                       main
ASxxxx Linker V03.00 + NoICE + sdld,  page 15.
Hexadecimal  [32-Bits]

Area                                    Addr        Size        Decimal Bytes (Attributes)
--------------------------------        ----        ----        ------- ----- ------------
.  .ABS.                            00000000    00000000 =           0. bytes (ABS,CON)

      Value  Global                              Global Defined In Module
      -----  --------------------------------   ------------------------
     000000EB  G$P6_3$0$0                         main
     000000EB  G$PCA0CPL3$0$0                     main
     000000EB  _AD0CM1                            main
     000000EB  _AD2CM2                            main
     000000EB  _P6_3                              main
     000000EB  _PCA0CPL3                          main
     000000EC  G$AD0BUSY$0$0                      main
     000000EC  G$AD2BUSY$0$0                      main
     000000EC  G$P6_4$0$0                         main
     000000EC  G$PCA0CPH3$0$0                     main
     000000EC  _AD0BUSY                           main
     000000EC  _AD2BUSY                           main
     000000EC  _P6_4                              main
     000000EC  _PCA0CPH3                          main
     000000ED  G$AD0INT$0$0                       main
     000000ED  G$AD2INT$0$0                       main
     000000ED  G$P6_5$0$0                         main
     000000ED  G$PCA0CPL4$0$0                     main
     000000ED  _AD0INT                            main
     000000ED  _AD2INT                            main
     000000ED  _P6_5                              main
     000000ED  _PCA0CPL4                          main
     000000EE  G$AD0TM$0$0                        main
     000000EE  G$AD2TM$0$0                        main
     000000EE  G$P6_6$0$0                         main
     000000EE  G$PCA0CPH4$0$0                     main
     000000EE  _AD0TM                             main
     000000EE  _AD2TM                             main
     000000EE  _P6_6                              main
     000000EE  _PCA0CPH4                          main
     000000EF  G$AD0EN$0$0                        main
     000000EF  G$AD2EN$0$0                        main
     000000EF  G$P6_7$0$0                         main
     000000EF  G$RSTSRC$0$0                       main
     000000EF  _AD0EN                             main
     000000EF  _AD2EN                             main
     000000EF  _P6_7                              main
     000000EF  _RSTSRC                            main
     000000F0  G$B$0$0                            main
     000000F0  _B                                 main
     000000F5  _B_5                               _gptrget
     000000F6  G$EIP1$0$0                         main
     000000F6  _B_6                               _gptrget
     000000F6  _EIP1                              main
     000000F7  G$EIP2$0$0                         main
     000000F7  _B_7                               _gptrget
     000000F7  _EIP2                              main
     000000F8  G$CAN0CN$0$0                       main
     000000F8  G$CANINIT$0$0                      main
     000000F8  G$P7$0$0                           main
     000000F8  G$P7_0$0$0                         main
ASxxxx Linker V03.00 + NoICE + sdld,  page 16.
Hexadecimal  [32-Bits]

Area                                    Addr        Size        Decimal Bytes (Attributes)
--------------------------------        ----        ----        ------- ----- ------------
.  .ABS.                            00000000    00000000 =           0. bytes (ABS,CON)

      Value  Global                              Global Defined In Module
      -----  --------------------------------   ------------------------
     000000F8  G$SPI0CN$0$0                       main
     000000F8  G$SPIEN$0$0                        main
     000000F8  _CAN0CN                            main
     000000F8  _CANINIT                           main
     000000F8  _P7                                main
     000000F8  _P7_0                              main
     000000F8  _SPI0CN                            main
     000000F8  _SPIEN                             main
     000000F9  G$CANIE$0$0                        main
     000000F9  G$P7_1$0$0                         main
     000000F9  G$PCA0L$0$0                        main
     000000F9  G$TXBMT$0$0                        main
     000000F9  _CANIE                             main
     000000F9  _P7_1                              main
     000000F9  _PCA0L                             main
     000000F9  _TXBMT                             main
     000000FA  G$CANSIE$0$0                       main
     000000FA  G$NSSMD0$0$0                       main
     000000FA  G$P7_2$0$0                         main
     000000FA  G$PCA0H$0$0                        main
     000000FA  _CANSIE                            main
     000000FA  _NSSMD0                            main
     000000FA  _P7_2                              main
     000000FA  _PCA0H                             main
     000000FB  G$CANEIE$0$0                       main
     000000FB  G$NSSMD1$0$0                       main
     000000FB  G$P7_3$0$0                         main
     000000FB  G$PCA0CPL0$0$0                     main
     000000FB  _CANEIE                            main
     000000FB  _NSSMD1                            main
     000000FB  _P7_3                              main
     000000FB  _PCA0CPL0                          main
     000000FC  G$CANIF$0$0                        main
     000000FC  G$P7_4$0$0                         main
     000000FC  G$PCA0CPH0$0$0                     main
     000000FC  G$RXOVRN$0$0                       main
     000000FC  _CANIF                             main
     000000FC  _P7_4                              main
     000000FC  _PCA0CPH0                          main
     000000FC  _RXOVRN                            main
     000000FD  G$CANDAR$0$0                       main
     000000FD  G$MODF$0$0                         main
     000000FD  G$P7_5$0$0                         main
     000000FD  G$PCA0CPL1$0$0                     main
     000000FD  _CANDAR                            main
     000000FD  _MODF                              main
     000000FD  _P7_5                              main
     000000FD  _PCA0CPL1                          main
     000000FE  G$CANCCE$0$0                       main
     000000FE  G$P7_6$0$0                         main
     000000FE  G$PCA0CPH1$0$0                     main
ASxxxx Linker V03.00 + NoICE + sdld,  page 17.
Hexadecimal  [32-Bits]

Area                                    Addr        Size        Decimal Bytes (Attributes)
--------------------------------        ----        ----        ------- ----- ------------
.  .ABS.                            00000000    00000000 =           0. bytes (ABS,CON)

      Value  Global                              Global Defined In Module
      -----  --------------------------------   ------------------------
     000000FE  G$WCOL$0$0                         main
     000000FE  _CANCCE                            main
     000000FE  _P7_6                              main
     000000FE  _PCA0CPH1                          main
     000000FE  _WCOL                              main
     000000FF  G$CANTEST$0$0                      main
     000000FF  G$P7_7$0$0                         main
     000000FF  G$SPIF$0$0                         main
     000000FF  G$WDTCN$0$0                        main
     000000FF  _CANTEST                           main
     000000FF  _P7_7                              main
     000000FF  _SPIF                              main
     000000FF  _WDTCN                             main
     00008382  G$DP$0$0                           main
     00008382  _DP                                main
     0000BFBE  G$ADC0$0$0                         main
     0000BFBE  _ADC0                              main
     0000C5C4  G$ADC0GT$0$0                       main
     0000C5C4  _ADC0GT                            main
     0000C7C6  G$ADC0LT$0$0                       main
     0000C7C6  _ADC0LT                            main
     0000CBCA  G$RCAP2$0$0                        main
     0000CBCA  G$RCAP3$0$0                        main
     0000CBCA  G$RCAP4$0$0                        main
     0000CBCA  _RCAP2                             main
     0000CBCA  _RCAP3                             main
     0000CBCA  _RCAP4                             main
     0000CDCC  G$TMR2$0$0                         main
     0000CDCC  G$TMR3$0$0                         main
     0000CDCC  G$TMR4$0$0                         main
     0000CDCC  _TMR2                              main
     0000CDCC  _TMR3                              main
     0000CDCC  _TMR4                              main
     0000D3D2  G$DAC0$0$0                         main
     0000D3D2  G$DAC1$0$0                         main
     0000D3D2  _DAC0                              main
     0000D3D2  _DAC1                              main
     0000D9D8  G$CAN0DAT$0$0                      main
     0000D9D8  _CAN0DAT                           main
     0000E2E1  G$PCA0CP5$0$0                      main
     0000E2E1  _PCA0CP5                           main
     0000EAE9  G$PCA0CP2$0$0                      main
     0000EAE9  _PCA0CP2                           main
     0000ECEB  G$PCA0CP3$0$0                      main
     0000ECEB  _PCA0CP3                           main
     0000EEED  G$PCA0CP4$0$0                      main
     0000EEED  _PCA0CP4                           main
     0000FAF9  G$PCA0$0$0                         main
     0000FAF9  _PCA0                              main
     0000FCFB  G$PCA0CP0$0$0                      main
     0000FCFB  _PCA0CP0                           main
ASxxxx Linker V03.00 + NoICE + sdld,  page 18.
Hexadecimal  [32-Bits]

Area                                    Addr        Size        Decimal Bytes (Attributes)
--------------------------------        ----        ----        ------- ----- ------------
.  .ABS.                            00000000    00000000 =           0. bytes (ABS,CON)

      Value  Global                              Global Defined In Module
      -----  --------------------------------   ------------------------
     0000FEFD  G$PCA0CP1$0$0                      main
     0000FEFD  _PCA0CP1                           main

ASxxxx Linker V03.00 + NoICE + sdld,  page 19.
Hexadecimal  [32-Bits]

Area                                    Addr        Size        Decimal Bytes (Attributes)
--------------------------------        ----        ----        ------- ----- ------------
BSEG_BYTES                          00000020    00000003 =           3. bytes (REL,CON)

      Value  Global                              Global Defined In Module
      -----  --------------------------------   ------------------------
ASxxxx Linker V03.00 + NoICE + sdld,  page 20.
Hexadecimal  [32-Bits]

Area                                    Addr        Size        Decimal Bytes (Attributes)
--------------------------------        ----        ----        ------- ----- ------------
REG_BANK_0                          00000000    00000008 =           8. bytes (REL,OVR)

      Value  Global                              Global Defined In Module
      -----  --------------------------------   ------------------------
ASxxxx Linker V03.00 + NoICE + sdld,  page 21.
Hexadecimal  [32-Bits]

Area                                    Addr        Size        Decimal Bytes (Attributes)
--------------------------------        ----        ----        ------- ----- ------------
BIT_BANK                            00000023    00000001 =           1. bytes (REL,OVR)

      Value  Global                              Global Defined In Module
      -----  --------------------------------   ------------------------
ASxxxx Linker V03.00 + NoICE + sdld,  page 22.
Hexadecimal  [32-Bits]

Area                                    Addr        Size        Decimal Bytes (Attributes)
--------------------------------        ----        ----        ------- ----- ------------
DSEG                                00000000    00000079 =         121. bytes (REL,CON)

      Value  Global                              Global Defined In Module
      -----  --------------------------------   ------------------------
     00000008  Fmain$carac_esc$0$0                main
     0000000A  Fmain$pag_esc$0$0                  main
     0000000C  G$cont_t$0$0                       main
     0000000C  _cont_t                            main
     00000016  _bp                                _bp

ASxxxx Linker V03.00 + NoICE + sdld,  page 23.
Hexadecimal  [32-Bits]

Area                                    Addr        Size        Decimal Bytes (Attributes)
--------------------------------        ----        ----        ------- ----- ------------
OSEG                                00000017    00000002 =           2. bytes (REL,OVR)

      Value  Global                              Global Defined In Module
      -----  --------------------------------   ------------------------
     00000017  __mulint_PARM_2                    _mulint

ASxxxx Linker V03.00 + NoICE + sdld,  page 24.
Hexadecimal  [32-Bits]

Area                                    Addr        Size        Decimal Bytes (Attributes)
--------------------------------        ----        ----        ------- ----- ------------
SSEG                                00000024    000000DC =         220. bytes (REL,OVR)

      Value  Global                              Global Defined In Module
      -----  --------------------------------   ------------------------
     00000024  __start__stack                     main

ASxxxx Linker V03.00 + NoICE + sdld,  page 25.
Hexadecimal  [32-Bits]

Area                                    Addr        Size        Decimal Bytes (Attributes)
--------------------------------        ----        ----        ------- ----- ------------
HOME                                00000000    00000021 =          33. bytes (REL,CON,CODE)

      Value  Global                              Global Defined In Module
      -----  --------------------------------   ------------------------
C:   00000000  A$main$1319                        main
C:   00000003  A$main$1320                        main
C:   0000000B  A$main$1322                        main
C:   00000013  A$main$1324                        main
C:   0000001B  A$main$1326                        main
C:   0000001E  A$main$1355                        main
C:   0000001E  __sdcc_program_startup             main

ASxxxx Linker V03.00 + NoICE + sdld,  page 26.
Hexadecimal  [32-Bits]

Area                                    Addr        Size        Decimal Bytes (Attributes)
--------------------------------        ----        ----        ------- ----- ------------
GSINIT0                             00000021    00000003 =           3. bytes (REL,CON,CODE)

      Value  Global                              Global Defined In Module
      -----  --------------------------------   ------------------------
C:   00000021  __sdcc_gsinit_startup              

ASxxxx Linker V03.00 + NoICE + sdld,  page 27.
Hexadecimal  [32-Bits]

Area                                    Addr        Size        Decimal Bytes (Attributes)
--------------------------------        ----        ----        ------- ----- ------------
GSINIT2                             00000024    0000000A =          10. bytes (REL,CON,CODE)

      Value  Global                              Global Defined In Module
      -----  --------------------------------   ------------------------
ASxxxx Linker V03.00 + NoICE + sdld,  page 28.
Hexadecimal  [32-Bits]

Area                                    Addr        Size        Decimal Bytes (Attributes)
--------------------------------        ----        ----        ------- ----- ------------
GSINIT3                             0000002E    00000022 =          34. bytes (REL,CON,CODE)

      Value  Global                              Global Defined In Module
      -----  --------------------------------   ------------------------
C:   0000002E  __mcs51_genXINIT                   

ASxxxx Linker V03.00 + NoICE + sdld,  page 29.
Hexadecimal  [32-Bits]

Area                                    Addr        Size        Decimal Bytes (Attributes)
--------------------------------        ----        ----        ------- ----- ------------
GSINIT4                             00000050    0000002A =          42. bytes (REL,CON,CODE)

      Value  Global                              Global Defined In Module
      -----  --------------------------------   ------------------------
C:   00000050  __mcs51_genRAMCLEAR                
C:   00000056  __mcs51_genXRAMCLEAR               

ASxxxx Linker V03.00 + NoICE + sdld,  page 30.
Hexadecimal  [32-Bits]

Area                                    Addr        Size        Decimal Bytes (Attributes)
--------------------------------        ----        ----        ------- ----- ------------
GSINIT                              0000007A    00000009 =           9. bytes (REL,CON,CODE)

      Value  Global                              Global Defined In Module
      -----  --------------------------------   ------------------------
C:   0000007A  A$main$1342                        main
C:   0000007A  C$main.c$4$1$59                    main
C:   0000007B  A$main$1343                        main
C:   0000007D  A$main$1344                        main
C:   0000007F  A$main$1345                        main
C:   00000081  A$main$1346                        main
ASxxxx Linker V03.00 + NoICE + sdld,  page 31.
Hexadecimal  [32-Bits]

Area                                    Addr        Size        Decimal Bytes (Attributes)
--------------------------------        ----        ----        ------- ----- ------------
GSFINAL                             00000083    00000003 =           3. bytes (REL,CON,CODE)

      Value  Global                              Global Defined In Module
      -----  --------------------------------   ------------------------
C:   00000083  A$main$1348                        main

ASxxxx Linker V03.00 + NoICE + sdld,  page 32.
Hexadecimal  [32-Bits]

Area                                    Addr        Size        Decimal Bytes (Attributes)
--------------------------------        ----        ----        ------- ----- ------------
CSEG                                00000086    00000D91 =        3473. bytes (REL,CON,CODE)

      Value  Global                              Global Defined In Module
      -----  --------------------------------   ------------------------
C:   00000086  A$main$1381                        main
C:   00000086  C$config.c$10$0$0                  main
C:   00000086  C$config.c$12$1$1                  main
C:   00000086  G$Reset_Sources_Init$0$0           main
C:   00000086  _Reset_Sources_Init                main
C:   00000089  A$main$1384                        main
C:   00000089  C$config.c$13$1$1                  main
C:   0000008C  A$main$1387                        main
C:   0000008C  C$config.c$14$1$1                  main
C:   0000008C  XG$Reset_Sources_Init$0$0          main
C:   0000008D  A$main$1400                        main
C:   0000008D  C$config.c$16$1$1                  main
C:   0000008D  C$config.c$18$1$2                  main
C:   0000008D  G$Timer_Init$0$0                   main
C:   0000008D  _Timer_Init                        main
C:   00000090  A$main$1403                        main
C:   00000090  C$config.c$19$1$2                  main
C:   00000093  A$main$1406                        main
C:   00000093  C$config.c$20$1$2                  main
C:   00000096  A$main$1409                        main
C:   00000096  C$config.c$21$1$2                  main
C:   00000099  A$main$1412                        main
C:   00000099  C$config.c$22$1$2                  main
C:   0000009C  A$main$1415                        main
C:   0000009C  C$config.c$23$1$2                  main
C:   0000009F  A$main$1418                        main
C:   0000009F  C$config.c$24$1$2                  main
C:   000000A2  A$main$1421                        main
C:   000000A2  C$config.c$25$1$2                  main
C:   000000A5  A$main$1424                        main
C:   000000A5  C$config.c$26$1$2                  main
C:   000000A8  A$main$1427                        main
C:   000000A8  C$config.c$27$1$2                  main
C:   000000AB  A$main$1430                        main
C:   000000AB  C$config.c$28$1$2                  main
C:   000000AE  A$main$1433                        main
C:   000000AE  C$config.c$29$1$2                  main
C:   000000AE  XG$Timer_Init$0$0                  main
C:   000000AF  A$main$1446                        main
C:   000000AF  C$config.c$31$1$2                  main
C:   000000AF  C$config.c$69$1$3                  main
C:   000000AF  G$Port_IO_Init$0$0                 main
C:   000000AF  _Port_IO_Init                      main
C:   000000B2  A$main$1449                        main
C:   000000B2  C$config.c$70$1$3                  main
C:   000000B5  A$main$1452                        main
C:   000000B5  C$config.c$71$1$3                  main
C:   000000B8  A$main$1455                        main
C:   000000B8  C$config.c$72$1$3                  main
C:   000000BB  A$main$1458                        main
ASxxxx Linker V03.00 + NoICE + sdld,  page 33.
Hexadecimal  [32-Bits]

Area                                    Addr        Size        Decimal Bytes (Attributes)
--------------------------------        ----        ----        ------- ----- ------------
CSEG                                00000086    00000D91 =        3473. bytes (REL,CON,CODE)

      Value  Global                              Global Defined In Module
      -----  --------------------------------   ------------------------
C:   000000BB  C$config.c$73$1$3                  main
C:   000000BE  A$main$1461                        main
C:   000000BE  C$config.c$74$1$3                  main
C:   000000BE  XG$Port_IO_Init$0$0                main
C:   000000BF  A$main$1476                        main
C:   000000BF  C$config.c$76$1$3                  main
C:   000000BF  C$config.c$79$1$4                  main
C:   000000BF  G$Oscillator_Init$0$0              main
C:   000000BF  _Oscillator_Init                   main
C:   000000C2  A$main$1479                        main
C:   000000C2  C$config.c$80$1$4                  main
C:   000000C5  A$main$1482                        main
C:   000000C5  C$config.c$81$1$4                  main
C:   000000C7  A$main$1483                        main
C:   000000C9  A$main$1485                        main
C:   000000CA  A$main$1486                        main
C:   000000CC  A$main$1487                        main
C:   000000CD  A$main$1488                        main
C:   000000CE  A$main$1489                        main
C:   000000D0  A$main$1490                        main
C:   000000D1  A$main$1491                        main
C:   000000D3  A$main$1492                        main
C:   000000D5  A$main$1493                        main
C:   000000D6  A$main$1494                        main
C:   000000D7  A$main$1495                        main
C:   000000D9  A$main$1499                        main
C:   000000D9  C$config.c$82$1$4                  main
C:   000000DB  A$main$1500                        main
C:   000000DE  A$main$1503                        main
C:   000000DE  C$config.c$83$1$4                  main
C:   000000E1  A$main$1506                        main
C:   000000E1  C$config.c$84$1$4                  main
C:   000000E4  A$main$1509                        main
C:   000000E4  C$config.c$85$1$4                  main
C:   000000E4  XG$Oscillator_Init$0$0             main
C:   000000E5  A$main$1522                        main
C:   000000E5  C$config.c$87$1$4                  main
C:   000000E5  C$config.c$89$1$5                  main
C:   000000E5  G$Interrupts_Init$0$0              main
C:   000000E5  _Interrupts_Init                   main
C:   000000E8  A$main$1525                        main
C:   000000E8  C$config.c$90$1$5                  main
C:   000000E8  XG$Interrupts_Init$0$0             main
C:   000000E9  A$main$1538                        main
C:   000000E9  C$config.c$94$1$5                  main
C:   000000E9  C$config.c$96$1$7                  main
C:   000000E9  G$Init_Device$0$0                  main
C:   000000E9  _Init_Device                       main
C:   000000EC  A$main$1541                        main
C:   000000EC  C$config.c$97$1$7                  main
C:   000000EF  A$main$1544                        main
ASxxxx Linker V03.00 + NoICE + sdld,  page 34.
Hexadecimal  [32-Bits]

Area                                    Addr        Size        Decimal Bytes (Attributes)
--------------------------------        ----        ----        ------- ----- ------------
CSEG                                00000086    00000D91 =        3473. bytes (REL,CON,CODE)

      Value  Global                              Global Defined In Module
      -----  --------------------------------   ------------------------
C:   000000EF  C$config.c$98$1$7                  main
C:   000000F2  A$main$1547                        main
C:   000000F2  C$config.c$99$1$7                  main
C:   000000F5  A$main$1550                        main
C:   000000F5  C$config.c$100$1$7                 main
C:   000000F8  A$main$1553                        main
C:   000000F8  C$config.c$101$1$7                 main
C:   000000F8  XG$Init_Device$0$0                 main
C:   000000F9  A$main$1566                        main
C:   000000F9  C$util.h$131$1$7                   main
C:   000000F9  G$delay_ms$0$0                     main
C:   000000F9  _delay_ms                          main
C:   000000FB  A$main$1567                        main
C:   000000FD  A$main$1570                        main
C:   000000FD  C$util.h$134$1$10                  main
C:   00000100  A$main$1573                        main
C:   00000100  C$util.h$135$1$10                  main
C:   00000103  A$main$1577                        main
C:   00000104  A$main$1578                        main
C:   00000105  A$main$1579                        main
C:   00000107  A$main$1582                        main
C:   00000107  C$util.h$140$2$11                  main
C:   00000109  A$main$1585                        main
C:   00000109  C$util.h$141$2$11                  main
C:   0000010B  A$main$1588                        main
C:   0000010B  C$util.h$143$2$11                  main
C:   0000010E  A$main$1591                        main
C:   0000010E  C$util.h$145$2$11                  main
C:   00000111  A$main$1594                        main
C:   00000111  C$util.h$147$2$11                  main
C:   00000113  A$main$1598                        main
C:   00000113  C$util.h$149$2$11                  main
C:   00000116  A$main$1601                        main
C:   00000116  C$util.h$138$1$10                  main
C:   00000117  A$main$1602                        main
C:   0000011A  A$main$1603                        main
C:   0000011B  A$main$1605                        main
C:   0000011D  A$main$1609                        main
C:   0000011D  C$util.h$152$1$10                  main
C:   0000011D  XG$delay_ms$0$0                    main
C:   0000011E  A$main$1622                        main
C:   0000011E  C$util.h$154$1$10                  main
C:   0000011E  G$delay_us$0$0                     main
C:   0000011E  _delay_us                          main
C:   00000120  A$main$1623                        main
C:   00000122  A$main$1626                        main
C:   00000122  C$util.h$157$1$13                  main
C:   00000125  A$main$1629                        main
C:   00000125  C$util.h$158$1$13                  main
C:   00000128  A$main$1633                        main
C:   00000129  A$main$1634                        main
ASxxxx Linker V03.00 + NoICE + sdld,  page 35.
Hexadecimal  [32-Bits]

Area                                    Addr        Size        Decimal Bytes (Attributes)
--------------------------------        ----        ----        ------- ----- ------------
CSEG                                00000086    00000D91 =        3473. bytes (REL,CON,CODE)

      Value  Global                              Global Defined In Module
      -----  --------------------------------   ------------------------
C:   0000012A  A$main$1635                        main
C:   0000012C  A$main$1638                        main
C:   0000012C  C$util.h$161$2$14                  main
C:   0000012E  A$main$1641                        main
C:   0000012E  C$util.h$162$2$14                  main
C:   00000130  A$main$1644                        main
C:   00000130  C$util.h$163$2$14                  main
C:   00000133  A$main$1647                        main
C:   00000133  C$util.h$164$2$14                  main
C:   00000136  A$main$1650                        main
C:   00000136  C$util.h$165$2$14                  main
C:   00000138  A$main$1654                        main
C:   00000138  C$util.h$166$2$14                  main
C:   0000013B  A$main$1657                        main
C:   0000013B  C$util.h$159$1$13                  main
C:   0000013C  A$main$1658                        main
C:   0000013F  A$main$1659                        main
C:   00000140  A$main$1661                        main
C:   00000142  A$main$1665                        main
C:   00000142  C$util.h$168$1$13                  main
C:   00000142  XG$delay_us$0$0                    main
C:   00000143  A$main$1678                        main
C:   00000143  C$util.h$172$1$13                  main
C:   00000143  C$util.h$174$1$15                  main
C:   00000143  G$clear$0$0                        main
C:   00000143  _clear                             main
C:   00000146  A$main$1679                        main
C:   00000149  A$main$1680                        main
C:   0000014C  A$main$1681                        main
C:   0000014F  A$main$1684                        main
C:   0000014F  C$util.h$175$1$15                  main
C:   0000014F  XG$clear$0$0                       main
C:   00000150  A$main$1698                        main
C:   00000150  C$util.h$177$1$15                  main
C:   00000150  G$esc_LCD$0$0                      main
C:   00000150  _esc_LCD                           main
C:   00000152  A$main$1701                        main
C:   00000152  C$util.h$181$1$17                  main
C:   00000154  A$main$1704                        main
C:   00000154  C$util.h$182$1$17                  main
C:   00000155  A$main$1707                        main
C:   00000155  C$util.h$184$1$17                  main
C:   00000157  A$main$1710                        main
C:   00000157  C$util.h$185$1$17                  main
C:   00000158  A$main$1711                        main
C:   00000159  A$main$1712                        main
C:   0000015A  A$main$1713                        main
C:   0000015C  A$main$1714                        main
C:   0000015D  A$main$1715                        main
C:   00000160  A$main$1718                        main
C:   00000160  C$util.h$186$1$17                  main
ASxxxx Linker V03.00 + NoICE + sdld,  page 36.
Hexadecimal  [32-Bits]

Area                                    Addr        Size        Decimal Bytes (Attributes)
--------------------------------        ----        ----        ------- ----- ------------
CSEG                                00000086    00000D91 =        3473. bytes (REL,CON,CODE)

      Value  Global                              Global Defined In Module
      -----  --------------------------------   ------------------------
C:   00000162  A$main$1719                        main
C:   00000163  A$main$1720                        main
C:   00000164  A$main$1721                        main
C:   00000166  A$main$1722                        main
C:   00000167  A$main$1723                        main
C:   00000168  A$main$1724                        main
C:   00000169  A$main$1725                        main
C:   0000016A  A$main$1726                        main
C:   0000016B  A$main$1729                        main
C:   0000016B  C$util.h$187$1$17                  main
C:   0000016D  A$main$1732                        main
C:   0000016D  C$util.h$188$1$17                  main
C:   0000016E  A$main$1735                        main
C:   0000016E  C$util.h$189$1$17                  main
C:   00000170  A$main$1738                        main
C:   00000170  C$util.h$190$1$17                  main
C:   00000173  A$main$1741                        main
C:   00000173  C$util.h$192$2$18                  main
C:   00000176  A$main$1742                        main
C:   00000178  A$main$1743                        main
C:   0000017A  A$main$1744                        main
C:   0000017D  A$main$1745                        main
C:   0000017F  A$main$1746                        main
C:   00000181  A$main$1749                        main
C:   00000181  C$util.h$193$2$18                  main
C:   00000183  A$main$1752                        main
C:   00000183  C$util.h$194$2$18                  main
C:   00000184  A$main$1753                        main
C:   00000185  A$main$1754                        main
C:   00000187  A$main$1755                        main
C:   00000188  A$main$1756                        main
C:   0000018A  A$main$1757                        main
C:   0000018B  A$main$1758                        main
C:   0000018C  A$main$1761                        main
C:   0000018C  C$util.h$195$2$18                  main
C:   0000018F  A$main$1762                        main
C:   00000190  A$main$1763                        main
C:   00000191  A$main$1764                        main
C:   00000193  A$main$1767                        main
C:   00000193  C$util.h$197$2$18                  main
C:   00000194  A$main$1770                        main
C:   00000194  C$util.h$198$2$18                  main
C:   00000196  A$main$1774                        main
C:   00000196  C$util.h$200$1$17                  main
C:   00000199  A$main$1776                        main
C:   0000019B  A$main$1777                        main
C:   0000019E  A$main$1780                        main
C:   0000019E  C$util.h$201$1$17                  main
C:   000001A1  A$main$1781                        main
C:   000001A4  A$main$1782                        main
C:   000001A6  A$main$1786                        main
ASxxxx Linker V03.00 + NoICE + sdld,  page 37.
Hexadecimal  [32-Bits]

Area                                    Addr        Size        Decimal Bytes (Attributes)
--------------------------------        ----        ----        ------- ----- ------------
CSEG                                00000086    00000D91 =        3473. bytes (REL,CON,CODE)

      Value  Global                              Global Defined In Module
      -----  --------------------------------   ------------------------
C:   000001A6  C$util.h$203$1$17                  main
C:   000001A9  A$main$1787                        main
C:   000001AC  A$main$1791                        main
C:   000001AC  C$util.h$204$1$17                  main
C:   000001AC  XG$esc_LCD$0$0                     main
C:   000001AD  A$main$1804                        main
C:   000001AD  C$util.h$206$1$17                  main
C:   000001AD  C$util.h$208$1$20                  main
C:   000001AD  G$Ini_LCDan$0$0                    main
C:   000001AD  _Ini_LCDan                         main
C:   000001AF  A$main$1807                        main
C:   000001AF  C$util.h$209$1$20                  main
C:   000001B2  A$main$1808                        main
C:   000001B5  A$main$1811                        main
C:   000001B5  C$util.h$210$1$20                  main
C:   000001B7  A$main$1812                        main
C:   000001B9  A$main$1813                        main
C:   000001BC  A$main$1814                        main
C:   000001BF  A$main$1817                        main
C:   000001BF  C$util.h$211$1$20                  main
[...]
C:   00000500  A$main$2559                        main
C:   00000503  A$main$2562                        main
C:   00000503  C$util.h$392$3$40                  main
C:   00000506  A$main$2563                        main
C:   00000508  A$main$2564                        main
C:   0000050B  A$main$2567                        main
C:   0000050B  C$util.h$393$3$40                  main
C:   0000050D  A$main$2568                        main
C:   00000510  A$main$2569                        main
C:   00000513  A$main$2572                        main
C:   00000513  C$util.h$394$3$40                  main
C:   00000515  A$main$2573                        main
C:   00000518  A$main$2574                        main
C:   0000051B  A$main$2578                        main
C:   0000051B  C$util.h$397$1$37                  main
C:   0000051B  XG$putchar$0$0                     main
C:   0000051C  A$main$2594                        main
C:   0000051C  C$main.c$10$1$55                   main
C:   0000051C  C$main.c$6$1$37                    main
C:   0000051C  G$le_pulso$0$0                     main
C:   0000051C  _le_pulso                          main
C:   0000051F  A$main$2597                        main
C:   0000051F  C$main.c$12$1$55                   main
C:   00000520  A$main$2598                        main
C:   00000522  A$main$2599                        main
C:   00000524  A$main$2600                        main
C:   00000526  A$main$2601                        main
C:   00000528  A$main$2605                        main
C:   00000528  C$main.c$13$1$55                   main
C:   0000052A  A$main$2609                        main
C:   0000052A  C$main.c$14$1$55                   main
C:   0000052C  A$main$2612                        main
C:   0000052C  C$main.c$15$1$55                   main
C:   0000052E  A$main$2615                        main
C:   0000052E  C$main.c$16$1$55                   main
C:   00000530  A$main$2619                        main
C:   00000530  C$main.c$19$1$55                   main
C:   00000533  A$main$2622                        main
C:   00000533  C$main.c$21$1$55                   main
C:   00000535  A$main$2625                        main
C:   00000535  C$main.c$22$1$55                   main
C:   00000537  A$main$2628                        main
C:   00000537  C$main.c$23$1$55                   main
C:   00000539  A$main$2629                        main
C:   0000053B  A$main$2630                        main
C:   0000053D  A$main$2631                        main
C:   0000053F  A$main$2635                        main
C:   0000053F  C$main.c$24$1$55                   main
ASxxxx Linker V03.00 + NoICE + sdld,  page 49.
Hexadecimal  [32-Bits]

Area                                    Addr        Size        Decimal Bytes (Attributes)
--------------------------------        ----        ----        ------- ----- ------------
CSEG                                00000086    00000D91 =        3473. bytes (REL,CON,CODE)

      Value  Global                              Global Defined In Module
      -----  --------------------------------   ------------------------
C:   00000541  A$main$2639                        main
C:   00000541  C$main.c$25$1$55                   main
C:   00000543  A$main$2642                        main
C:   00000543  C$main.c$26$1$55                   main
C:   00000546  A$main$2643                        main
C:   00000548  A$main$2644                        main
C:   0000054A  A$main$2645                        main
C:   0000054C  A$main$2646                        main
C:   0000054D  A$main$2647                        main
C:   0000054F  A$main$2648                        main
C:   00000551  A$main$2649                        main
C:   00000553  A$main$2650                        main
C:   00000555  A$main$2651                        main
C:   00000557  A$main$2652                        main
C:   00000559  A$main$2653                        main
C:   0000055B  A$main$2654                        main
C:   0000055D  A$main$2655                        main
C:   0000055F  A$main$2656                        main
C:   00000561  A$main$2657                        main
C:   00000563  A$main$2658                        main
C:   00000564  A$main$2659                        main
C:   00000567  A$main$2660                        main
C:   00000569  A$main$2661                        main
C:   0000056B  A$main$2662                        main
C:   0000056D  A$main$2663                        main
C:   0000056E  A$main$2664                        main
C:   00000570  A$main$2665                        main
C:   00000572  A$main$2666                        main
C:   00000574  A$main$2667                        main
C:   00000576  A$main$2668                        main
C:   00000578  A$main$2669                        main
C:   0000057A  A$main$2670                        main
C:   0000057C  A$main$2671                        main
C:   0000057F  A$main$2672                        main
C:   00000582  A$main$2673                        main
C:   00000585  A$main$2674                        main
C:   00000587  A$main$2675                        main
C:   0000058A  A$main$2676                        main
C:   0000058D  A$main$2677                        main
C:   00000590  A$main$2678                        main
C:   00000593  A$main$2679                        main
C:   00000595  A$main$2680                        main
C:   00000597  A$main$2681                        main
C:   00000599  A$main$2682                        main
C:   0000059B  A$main$2685                        main
C:   0000059B  C$main.c$27$1$55                   main
C:   0000059E  A$main$2686                        main
C:   000005A1  A$main$2687                        main
C:   000005A4  A$main$2688                        main
C:   000005A6  A$main$2691                        main
C:   000005A6  C$main.c$28$1$55                   main
ASxxxx Linker V03.00 + NoICE + sdld,  page 50.
Hexadecimal  [32-Bits]

Area                                    Addr        Size        Decimal Bytes (Attributes)
--------------------------------        ----        ----        ------- ----- ------------
CSEG                                00000086    00000D91 =        3473. bytes (REL,CON,CODE)

      Value  Global                              Global Defined In Module
      -----  --------------------------------   ------------------------
C:   000005A6  XG$le_pulso$0$0                    main
C:   000005A7  A$main$2702                        main
C:   000005A7  C$main.c$30$1$55                   main
C:   000005A7  G$int_tcl$0$0                      main
C:   000005A7  _int_tcl                           main
C:   000005A9  A$main$2703                        main
C:   000005AB  A$main$2704                        main
C:   000005AD  A$main$2705                        main
C:   000005AF  A$main$2706                        main
C:   000005B1  A$main$2707                        main
C:   000005B3  A$main$2708                        main
C:   000005B5  A$main$2709                        main
C:   000005B7  A$main$2710                        main
C:   000005B9  A$main$2711                        main
C:   000005BB  A$main$2712                        main
C:   000005BD  A$main$2713                        main
C:   000005BF  A$main$2714                        main
C:   000005C1  A$main$2715                        main
C:   000005C3  A$main$2716                        main
C:   000005C6  A$main$2719                        main
C:   000005C6  C$main.c$32$1$57                   main
C:   000005C8  A$main$2722                        main
C:   000005C8  C$main.c$33$1$57                   main
C:   000005CA  A$main$2723                        main
C:   000005CC  A$main$2724                        main
C:   000005CE  A$main$2725                        main
C:   000005D0  A$main$2726                        main
C:   000005D2  A$main$2727                        main
C:   000005D4  A$main$2728                        main
C:   000005D6  A$main$2729                        main
C:   000005D8  A$main$2730                        main
C:   000005DB  A$main$2731                        main
C:   000005DE  A$main$2732                        main
C:   000005E1  A$main$2733                        main
C:   000005E3  A$main$2734                        main
C:   000005E6  A$main$2735                        main
C:   000005E9  A$main$2736                        main
C:   000005EC  A$main$2737                        main
C:   000005EF  A$main$2738                        main
C:   000005F1  A$main$2739                        main
C:   000005F3  A$main$2740                        main
C:   000005F5  A$main$2741                        main
C:   000005F7  A$main$2744                        main
C:   000005F7  C$main.c$34$1$57                   main
C:   000005F8  A$main$2745                        main
C:   000005FA  A$main$2746                        main
C:   000005FC  A$main$2747                        main
C:   000005FE  A$main$2748                        main
C:   00000600  A$main$2749                        main
C:   00000602  A$main$2750                        main
C:   00000604  A$main$2751                        main
ASxxxx Linker V03.00 + NoICE + sdld,  page 51.
Hexadecimal  [32-Bits]

Area                                    Addr        Size        Decimal Bytes (Attributes)
--------------------------------        ----        ----        ------- ----- ------------
CSEG                                00000086    00000D91 =        3473. bytes (REL,CON,CODE)

      Value  Global                              Global Defined In Module
      -----  --------------------------------   ------------------------
C:   00000607  A$main$2752                        main
C:   0000060A  A$main$2753                        main
C:   0000060D  A$main$2754                        main
C:   0000060F  A$main$2755                        main
C:   00000612  A$main$2756                        main
C:   00000614  A$main$2757                        main
C:   00000616  A$main$2758                        main
C:   00000618  A$main$2759                        main
C:   0000061A  A$main$2760                        main
C:   0000061B  A$main$2761                        main
C:   0000061D  A$main$2764                        main
C:   0000061D  C$main.c$35$1$57                   main
C:   0000061F  A$main$2766                        main
C:   00000621  A$main$2767                        main
C:   00000623  A$main$2768                        main
C:   00000625  A$main$2769                        main
C:   00000627  A$main$2770                        main
C:   00000629  A$main$2771                        main
C:   0000062B  A$main$2772                        main
C:   0000062D  A$main$2773                        main
C:   0000062F  A$main$2774                        main
C:   00000631  A$main$2775                        main
C:   00000633  A$main$2776                        main
C:   00000635  A$main$2777                        main
C:   00000637  A$main$2778                        main
C:   00000639  A$main$2779                        main
C:   0000063B  A$main$2782                        main
C:   0000063B  C$main.c$36$1$57                   main
C:   0000063B  XG$int_tcl$0$0                     main
C:   0000063C  A$main$2795                        main
C:   0000063C  C$main.c$38$1$57                   main
C:   0000063C  C$main.c$40$1$59                   main
C:   0000063C  G$main$0$0                         main
C:   0000063C  _main                              main
C:   0000063F  A$main$2798                        main
C:   0000063F  C$main.c$41$1$59                   main
C:   00000642  A$main$2801                        main
C:   00000642  C$main.c$43$1$59                   main
C:   00000645  A$main$2804                        main
C:   00000645  C$main.c$45$1$59                   main
C:   00000646  A$main$2805                        main
C:   00000648  A$main$2806                        main
C:   0000064A  A$main$2807                        main
C:   0000064D  A$main$2808                        main
C:   00000650  A$main$2814                        main
C:   00000650  C$main.c$49$1$59                   main
C:   00000650  C$main.c$51$2$60                   main
C:   00000653  A$main$2815                        main
C:   00000656  A$main$2816                        main
C:   00000659  A$main$2817                        main
C:   0000065C  A$main$2818                        main
ASxxxx Linker V03.00 + NoICE + sdld,  page 52.
Hexadecimal  [32-Bits]

Area                                    Addr        Size        Decimal Bytes (Attributes)
--------------------------------        ----        ----        ------- ----- ------------
CSEG                                00000086    00000D91 =        3473. bytes (REL,CON,CODE)

      Value  Global                              Global Defined In Module
      -----  --------------------------------   ------------------------
C:   0000065E  A$main$2821                        main
C:   0000065E  C$main.c$52$1$59                   main
C:   00000660  A$main$2822                        main
C:   00000662  A$main$2823                        main
C:   00000664  A$main$2824                        main
C:   00000666  A$main$2825                        main
C:   00000669  A$main$2826                        main
C:   0000066B  A$main$2827                        main
C:   0000066D  A$main$2828                        main
C:   00000670  A$main$2829                        main
C:   00000672  A$main$2830                        main
C:   00000674  A$main$2831                        main
C:   00000676  A$main$2832                        main
C:   00000677  A$main$2833                        main
C:   00000679  A$main$2834                        main
C:   0000067B  A$main$2835                        main
C:   0000067D  A$main$2836                        main
C:   0000067F  A$main$2837                        main
C:   00000681  A$main$2838                        main
C:   00000683  A$main$2839                        main
C:   00000685  A$main$2840                        main
C:   00000687  A$main$2841                        main
C:   00000689  A$main$2842                        main
C:   0000068B  A$main$2843                        main
C:   0000068D  A$main$2844                        main
C:   00000690  A$main$2845                        main
C:   00000692  A$main$2846                        main
C:   00000694  A$main$2847                        main
C:   00000696  A$main$2848                        main
C:   00000698  A$main$2851                        main
C:   00000698  C$main.c$54$1$59                   main
C:   00000698  XG$main$0$0                        main
C:   00000699  _printf_fast_f                     printf_fast_f
C:   00000B1A  fs_rshift_a                        _fsrshift
C:   00000B5D  ___fsgt                            _fsgt
C:   00000B8D  __mulint                           _mulint
C:   00000B8D  __mulint_dummy                     _mulint
C:   00000BAA  ___fsadd                           _fsadd
C:   00000BAD  fsadd_direct_entry                 _fsadd
C:   00000C03  fs_compare_uint32                  _fscmp
C:   00000C21  fs_check_negative_zeros            _fscmp
C:   00000C4C  fs_round_and_return                _fsreturnval
C:   00000C64  fs_zerocheck_return                _fsreturnval
C:   00000C6D  fs_return_zero                     _fsreturnval
C:   00000C75  fs_direct_return                   _fsreturnval
C:   00000C83  fs_return_inf                      _fsreturnval
C:   00000C90  fs_return_nan                      _fsreturnval
C:   00000C9B  fs_swap_a_b                        _fsswapargs
C:   00000CB5  ___fsdiv                           _fsdiv
C:   00000D78  __gptrget                          _gptrget
C:   00000D94  ___uchar2fs                        _uchar2fs
ASxxxx Linker V03.00 + NoICE + sdld,  page 53.
Hexadecimal  [32-Bits]

Area                                    Addr        Size        Decimal Bytes (Attributes)
--------------------------------        ----        ----        ------- ----- ------------
CSEG                                00000086    00000D91 =        3473. bytes (REL,CON,CODE)

      Value  Global                              Global Defined In Module
      -----  --------------------------------   ------------------------
C:   00000D9F  ___ulong2fs                        _ulong2fs
C:   00000DA8  ulong2fs_doit                      _ulong2fs
C:   00000DB2  fsgetargs                          _fsget2args
C:   00000DE0  fs_normalize_a                     _fsnormalize
C:   00000E13  __sdcc_external_startup            _startup

ASxxxx Linker V03.00 + NoICE + sdld,  page 54.
Hexadecimal  [32-Bits]

Area                                    Addr        Size        Decimal Bytes (Attributes)
--------------------------------        ----        ----        ------- ----- ------------
CONST                               00000E17    000003C6 =         966. bytes (REL,CON,CODE)

      Value  Global                              Global Defined In Module
      -----  --------------------------------   ------------------------
C:   00000E17  G$fonte$0$0                        main
C:   00000E17  _fonte                             main
C:   00000FF7  Fmain$__str_0$0$0                  main
ASxxxx Linker V03.00 + NoICE + sdld,  page 55.

Files Linked                              [ module(s) ]

Z:\micap\contador_obj\main.rel            [  ]


Libraries Linked                          [ object file ]

C:\Program Files\SDCC\bin\..\lib\small/libsdcc.lib
                                          [ printf_fast_f.rel ]
C:\Program Files\SDCC\bin\..\lib\small/mcs51.lib
                                          [ crtclear.rel ]
C:\Program Files\SDCC\bin\..\lib\small/libfloat.lib
                                          [ _fsrshift.rel ]
C:\Program Files\SDCC\bin\..\lib\small/mcs51.lib
                                          [ crtxinit.rel ]
C:\Program Files\SDCC\bin\..\lib\small/libfloat.lib
                                          [ _fsgt.rel ]
C:\Program Files\SDCC\bin\..\lib\small/libint.lib
                                          [ _mulint.rel ]
C:\Program Files\SDCC\bin\..\lib\small/mcs51.lib
                                          [ crtxclear.rel ]
C:\Program Files\SDCC\bin\..\lib\small/libfloat.lib
                                          [ _fsadd.rel ]
C:\Program Files\SDCC\bin\..\lib\small/libfloat.lib
                                          [ _fscmp.rel ]
C:\Program Files\SDCC\bin\..\lib\small/libfloat.lib
                                          [ _fsreturnval.rel ]
C:\Program Files\SDCC\bin\..\lib\small/libsdcc.lib
                                          [ _bp.rel ]
C:\Program Files\SDCC\bin\..\lib\small/libfloat.lib
                                          [ _fsswapargs.rel ]
C:\Program Files\SDCC\bin\..\lib\small/libfloat.lib
                                          [ _fsdiv.rel ]
C:\Program Files\SDCC\bin\..\lib\small/mcs51.lib
                                          [ crtstart.rel ]
C:\Program Files\SDCC\bin\..\lib\small/libsdcc.lib
                                          [ _gptrget.rel ]
C:\Program Files\SDCC\bin\..\lib\small/libfloat.lib
                                          [ _uchar2fs.rel ]
C:\Program Files\SDCC\bin\..\lib\small/libfloat.lib
                                          [ _ulong2fs.rel ]
C:\Program Files\SDCC\bin\..\lib\small/libfloat.lib
                                          [ _fsget2args.rel ]
C:\Program Files\SDCC\bin\..\lib\small/libfloat.lib
                                          [ _fsnormalize.rel ]
C:\Program Files\SDCC\bin\..\lib\small/libsdcc.lib
                                          [ _startup.rel ]

ASxxxx Linker V03.00 + NoICE + sdld,  page 56.

User Base Address Definitions

HOME = 0x0000
XSEG = 0x0001
PSEG = 0x0001
ISEG = 0x0000
BSEG = 0x0000

