ASxxxx Linker V03.00 + NoICE + sdld,  page 1.
Hexadecimal  [32-Bits]

Area                                    Addr        Size        Decimal Bytes (Attributes)
--------------------------------        ----        ----        ------- ----- ------------
CABS                                00000000    00000000 =           0. bytes (ABS,CON,CODE)

      Value  Global                              Global Defined In Module
      -----  --------------------------------   ------------------------
C:   00000000  l_BIT_BANK                      
C:   00000000  l_CABS                          
C:   00000000  l_GSINIT                        
C:   00000000  l_GSINIT1                       
C:   00000000  l_GSINIT5                       
C:   00000000  l_IABS                          
C:   00000000  l_ISEG                          
C:   00000000  l_OSEG                          
C:   00000000  l_PSEG                          
C:   00000000  l_REG_BANK_1                    
C:   00000000  l_REG_BANK_2                    
C:   00000000  l_REG_BANK_3                    
C:   00000000  l_RSEG                          
C:   00000000  l_RSEG0                         
C:   00000000  l_RSEG1                         
C:   00000000  l_XABS                          
C:   00000000  l_XINIT                         
C:   00000000  l_XISEG                         
C:   00000000  l_XSEG                          
C:   00000000  l__CODE                         
C:   00000000  s_BSEG                          
C:   00000000  s_CABS                          
C:   00000000  s_DSEG                          
C:   00000000  s_HOME                          
C:   00000000  s_IABS                          
C:   00000000  s_ISEG                          
C:   00000000  s_REG_BANK_0                    
C:   00000000  s_RSEG                          
C:   00000000  s_RSEG0                         
C:   00000000  s_RSEG1                         
C:   00000000  s_XABS                          
C:   00000001  s_PSEG                          
C:   00000001  s_XISEG                         
C:   00000001  s_XSEG                          
C:   00000002  l_BSEG_BYTES                    
C:   00000003  l_GSFINAL                       
C:   00000003  l_GSINIT0                       
C:   00000006  l_HOME                          
C:   00000006  s_GSINIT0                       
C:   00000008  l_REG_BANK_0                    
C:   00000008  s_REG_BANK_1                    
C:   00000009  l_BSEG                          
C:   00000009  s_GSINIT1                       
C:   00000009  s_GSINIT2                       
C:   0000000A  l_GSINIT2                       
C:   00000010  s_REG_BANK_2                    
C:   00000013  s_GSINIT3                       
C:   00000018  s_BIT_BANK                      
C:   00000018  s_OSEG                          
C:   00000018  s_REG_BANK_3                    
ASxxxx Linker V03.00 + NoICE + sdld,  page 2.
Hexadecimal  [32-Bits]

Area                                    Addr        Size        Decimal Bytes (Attributes)
--------------------------------        ----        ----        ------- ----- ------------
CABS                                00000000    00000000 =           0. bytes (ABS,CON,CODE)

      Value  Global                              Global Defined In Module
      -----  --------------------------------   ------------------------
C:   00000020  s_BSEG_BYTES                    
C:   00000020  s__CODE                         
C:   00000022  l_GSINIT3                       
C:   00000022  s_SSEG                          
C:   0000002A  l_GSINIT4                       
C:   00000035  s_GSINIT4                       
C:   0000005F  s_GSFINAL                       
C:   0000005F  s_GSINIT                        
C:   0000005F  s_GSINIT5                       
C:   00000062  s_CSEG                          
C:   00000074  l_DSEG                          
C:   000000DE  l_SSEG                          
C:   00000100  l_IRAM                          
C:   000001E5  l_CONST                         
C:   00000764  l_CSEG                          
C:   000007C6  s_CONST                         
C:   000009AB  s_XINIT                         

ASxxxx Linker V03.00 + NoICE + sdld,  page 3.
Hexadecimal  [32-Bits]

Area                                    Addr        Size        Decimal Bytes (Attributes)
--------------------------------        ----        ----        ------- ----- ------------
.  .ABS.                            00000000    00000000 =           0. bytes (ABS,CON)

      Value  Global                              Global Defined In Module
      -----  --------------------------------   ------------------------
     00000000  .__.ABS.                           _startup
     00000080  G$P0$0$0                           main
     00000080  G$P0_0$0$0                         main
     00000080  _P0                                main
     00000080  _P0_0                              main
     00000081  G$P0_1$0$0                         main
     00000081  G$SP$0$0                           main
     00000081  _P0_1                              main
     00000081  _SP                                main
     00000082  G$DPL$0$0                          main
     00000082  G$P0_2$0$0                         main
     00000082  _DPL                               main
     00000082  _P0_2                              main
     00000083  G$DPH$0$0                          main
     00000083  G$P0_3$0$0                         main
     00000083  _DPH                               main
     00000083  _P0_3                              main
     00000084  G$P0_4$0$0                         main
     00000084  G$SFRPAGE$0$0                      main
     00000084  _P0_4                              main
     00000084  _SFRPAGE                           main
     00000085  G$P0_5$0$0                         main
     00000085  G$SFRNEXT$0$0                      main
     00000085  _P0_5                              main
     00000085  _SFRNEXT                           main
     00000086  G$P0_6$0$0                         main
     00000086  G$SFRLAST$0$0                      main
     00000086  _P0_6                              main
     00000086  _SFRLAST                           main
     00000087  G$P0_7$0$0                         main
     00000087  G$PCON$0$0                         main
     00000087  _P0_7                              main
     00000087  _PCON                              main
     00000088  G$CP0HYN0$0$0                      main
     00000088  G$CP1HYN0$0$0                      main
     00000088  G$CP2HYN0$0$0                      main
     00000088  G$CPT0CN$0$0                       main
     00000088  G$CPT1CN$0$0                       main
     00000088  G$CPT2CN$0$0                       main
     00000088  G$IT0$0$0                          main
     00000088  G$TCON$0$0                         main
     00000088  _CP0HYN0                           main
     00000088  _CP1HYN0                           main
     00000088  _CP2HYN0                           main
     00000088  _CPT0CN                            main
     00000088  _CPT1CN                            main
     00000088  _CPT2CN                            main
     00000088  _IT0                               main
     00000088  _TCON                              main
     00000089  G$CP0HYN1$0$0                      main
ASxxxx Linker V03.00 + NoICE + sdld,  page 4.
Hexadecimal  [32-Bits]

Area                                    Addr        Size        Decimal Bytes (Attributes)
--------------------------------        ----        ----        ------- ----- ------------
.  .ABS.                            00000000    00000000 =           0. bytes (ABS,CON)

      Value  Global                              Global Defined In Module
      -----  --------------------------------   ------------------------
     00000089  G$CP1HYN1$0$0                      main
     00000089  G$CP2HYN1$0$0                      main
     00000089  G$CPT0MD$0$0                       main
     00000089  G$CPT1MD$0$0                       main
     00000089  G$CPT2MD$0$0                       main
     00000089  G$IE0$0$0                          main
     00000089  G$TMOD$0$0                         main
     00000089  _CP0HYN1                           main
     00000089  _CP1HYN1                           main
     00000089  _CP2HYN1                           main
     00000089  _CPT0MD                            main
     00000089  _CPT1MD                            main
     00000089  _CPT2MD                            main
     00000089  _IE0                               main
     00000089  _TMOD                              main
     0000008A  G$CP0HYP0$0$0                      main
     0000008A  G$CP1HYP0$0$0                      main
     0000008A  G$CP2HYP0$0$0                      main
     0000008A  G$IT1$0$0                          main
     0000008A  G$OSCICN$0$0                       main
     0000008A  G$TL0$0$0                          main
     0000008A  _CP0HYP0                           main
     0000008A  _CP1HYP0                           main
     0000008A  _CP2HYP0                           main
     0000008A  _IT1                               main
     0000008A  _OSCICN                            main
     0000008A  _TL0                               main
     0000008B  G$CP0HYP1$0$0                      main
     0000008B  G$CP1HYP1$0$0                      main
     0000008B  G$CP2HYP1$0$0                      main
     0000008B  G$IE1$0$0                          main
     0000008B  G$OSCICL$0$0                       main
     0000008B  G$TL1$0$0                          main
     0000008B  _CP0HYP1                           main
     0000008B  _CP1HYP1                           main
     0000008B  _CP2HYP1                           main
     0000008B  _IE1                               main
     0000008B  _OSCICL                            main
     0000008B  _TL1                               main
     0000008C  G$CP0FIF$0$0                       main
     0000008C  G$CP1FIF$0$0                       main
     0000008C  G$CP2FIF$0$0                       main
     0000008C  G$OSCXCN$0$0                       main
     0000008C  G$TH0$0$0                          main
     0000008C  G$TR0$0$0                          main
     0000008C  _CP0FIF                            main
     0000008C  _CP1FIF                            main
     0000008C  _CP2FIF                            main
     0000008C  _OSCXCN                            main
     0000008C  _TH0                               main
     0000008C  _TR0                               main
ASxxxx Linker V03.00 + NoICE + sdld,  page 5.
Hexadecimal  [32-Bits]

Area                                    Addr        Size        Decimal Bytes (Attributes)
--------------------------------        ----        ----        ------- ----- ------------
.  .ABS.                            00000000    00000000 =           0. bytes (ABS,CON)

      Value  Global                              Global Defined In Module
      -----  --------------------------------   ------------------------
     0000008D  G$CP0RIF$0$0                       main
     0000008D  G$CP1RIF$0$0                       main
     0000008D  G$CP2RIF$0$0                       main
     0000008D  G$TF0$0$0                          main
     0000008D  G$TH1$0$0                          main
     0000008D  _CP0RIF                            main
     0000008D  _CP1RIF                            main
     0000008D  _CP2RIF                            main
     0000008D  _TF0                               main
     0000008D  _TH1                               main
     0000008E  G$CKCON$0$0                        main
     0000008E  G$CP0OUT$0$0                       main
     0000008E  G$CP1OUT$0$0                       main
     0000008E  G$CP2OUT$0$0                       main
     0000008E  G$TR1$0$0                          main
     0000008E  _CKCON                             main
     0000008E  _CP0OUT                            main
     0000008E  _CP1OUT                            main
     0000008E  _CP2OUT                            main
     0000008E  _TR1                               main
     0000008F  G$CP0EN$0$0                        main
     0000008F  G$CP1EN$0$0                        main
     0000008F  G$CP2EN$0$0                        main
     0000008F  G$PSCTL$0$0                        main
     0000008F  G$TF1$0$0                          main
     0000008F  _CP0EN                             main
     0000008F  _CP1EN                             main
     0000008F  _CP2EN                             main
     0000008F  _PSCTL                             main
     0000008F  _TF1                               main
     00000090  G$P1$0$0                           main
     00000090  G$P1_0$0$0                         main
     00000090  _P1                                main
     00000090  _P1_0                              main
     00000091  G$P1_1$0$0                         main
     00000091  G$SSTA0$0$0                        main
     00000091  _P1_1                              main
     00000091  _SSTA0                             main
     00000092  G$P1_2$0$0                         main
     00000092  _P1_2                              main
     00000093  G$P1_3$0$0                         main
     00000093  _P1_3                              main
     00000094  G$P1_4$0$0                         main
     00000094  _P1_4                              main
     00000095  G$P1_5$0$0                         main
     00000095  _P1_5                              main
     00000096  G$P1_6$0$0                         main
     00000096  G$SFRPGCN$0$0                      main
     00000096  _P1_6                              main
     00000096  _SFRPGCN                           main
     00000097  G$CLKSEL$0$0                       main
ASxxxx Linker V03.00 + NoICE + sdld,  page 6.
Hexadecimal  [32-Bits]

Area                                    Addr        Size        Decimal Bytes (Attributes)
--------------------------------        ----        ----        ------- ----- ------------
.  .ABS.                            00000000    00000000 =           0. bytes (ABS,CON)

      Value  Global                              Global Defined In Module
      -----  --------------------------------   ------------------------
     00000097  G$P1_7$0$0                         main
     00000097  _CLKSEL                            main
     00000097  _P1_7                              main
     00000098  G$RI0$0$0                          main
     00000098  G$RI1$0$0                          main
     00000098  G$SCON0$0$0                        main
     00000098  G$SCON1$0$0                        main
     00000098  _RI0                               main
     00000098  _RI1                               main
     00000098  _SCON0                             main
     00000098  _SCON1                             main
     00000099  G$SBUF0$0$0                        main
     00000099  G$SBUF1$0$0                        main
     00000099  G$TI0$0$0                          main
     00000099  G$TI1$0$0                          main
     00000099  _SBUF0                             main
     00000099  _SBUF1                             main
     00000099  _TI0                               main
     00000099  _TI1                               main
     0000009A  G$RB80$0$0                         main
     0000009A  G$RB81$0$0                         main
     0000009A  G$SPI0CFG$0$0                      main
     0000009A  _RB80                              main
     0000009A  _RB81                              main
     0000009A  _SPI0CFG                           main
     0000009B  G$SPI0DAT$0$0                      main
     0000009B  G$TB80$0$0                         main
     0000009B  G$TB81$0$0                         main
     0000009B  _SPI0DAT                           main
     0000009B  _TB80                              main
     0000009B  _TB81                              main
     0000009C  G$P4MDOUT$0$0                      main
     0000009C  G$REN0$0$0                         main
     0000009C  G$REN1$0$0                         main
     0000009C  _P4MDOUT                           main
     0000009C  _REN0                              main
     0000009C  _REN1                              main
     0000009D  G$MCE1$0$0                         main
     0000009D  G$P5MDOUT$0$0                      main
     0000009D  G$SM20$0$0                         main
     0000009D  G$SPI0CKR$0$0                      main
     0000009D  _MCE1                              main
     0000009D  _P5MDOUT                           main
     0000009D  _SM20                              main
     0000009D  _SPI0CKR                           main
     0000009E  G$P6MDOUT$0$0                      main
     0000009E  G$SM10$0$0                         main
     0000009E  _P6MDOUT                           main
     0000009E  _SM10                              main
     0000009F  G$P7MDOUT$0$0                      main
     0000009F  G$S1MODE$0$0                       main
ASxxxx Linker V03.00 + NoICE + sdld,  page 7.
Hexadecimal  [32-Bits]

Area                                    Addr        Size        Decimal Bytes (Attributes)
--------------------------------        ----        ----        ------- ----- ------------
.  .ABS.                            00000000    00000000 =           0. bytes (ABS,CON)

      Value  Global                              Global Defined In Module
      -----  --------------------------------   ------------------------
     0000009F  G$SM00$0$0                         main
     0000009F  _P7MDOUT                           main
     0000009F  _S1MODE                            main
     0000009F  _SM00                              main
     000000A0  G$P2$0$0                           main
     000000A0  G$P2_0$0$0                         main
     000000A0  _P2                                main
     000000A0  _P2_0                              main
     000000A1  G$EMI0TC$0$0                       main
     000000A1  G$P2_1$0$0                         main
     000000A1  _EMI0TC                            main
     000000A1  _P2_1                              main
     000000A2  G$EMI0CN$0$0                       main
     000000A2  G$P2_2$0$0                         main
     000000A2  G$_XPAGE$0$0                       main
     000000A2  _EMI0CN                            main
     000000A2  _P2_2                              main
     000000A2  __XPAGE                            main
     000000A3  G$EMI0CF$0$0                       main
     000000A3  G$P2_3$0$0                         main
     000000A3  _EMI0CF                            main
     000000A3  _P2_3                              main
     000000A4  G$P0MDOUT$0$0                      main
     000000A4  G$P2_4$0$0                         main
     000000A4  _P0MDOUT                           main
     000000A4  _P2_4                              main
     000000A5  G$P1MDOUT$0$0                      main
     000000A5  G$P2_5$0$0                         main
     000000A5  _P1MDOUT                           main
     000000A5  _P2_5                              main
     000000A6  G$P2MDOUT$0$0                      main
     000000A6  G$P2_6$0$0                         main
     000000A6  _P2MDOUT                           main
     000000A6  _P2_6                              main
     000000A7  G$P2_7$0$0                         main
     000000A7  G$P3MDOUT$0$0                      main
     000000A7  _P2_7                              main
     000000A7  _P3MDOUT                           main
     000000A8  G$EX0$0$0                          main
     000000A8  G$IE$0$0                           main
     000000A8  _EX0                               main
     000000A8  _IE                                main
     000000A9  G$ET0$0$0                          main
     000000A9  G$SADDR0$0$0                       main
     000000A9  G$SADDR1$0$0                       main
     000000A9  _ET0                               main
     000000A9  _SADDR0                            main
     000000A9  _SADDR1                            main
     000000AA  G$EX1$0$0                          main
     000000AA  _EX1                               main
     000000AB  G$ET1$0$0                          main
ASxxxx Linker V03.00 + NoICE + sdld,  page 8.
Hexadecimal  [32-Bits]

Area                                    Addr        Size        Decimal Bytes (Attributes)
--------------------------------        ----        ----        ------- ----- ------------
.  .ABS.                            00000000    00000000 =           0. bytes (ABS,CON)

      Value  Global                              Global Defined In Module
      -----  --------------------------------   ------------------------
     000000AB  _ET1                               main
     000000AC  G$ES0$0$0                          main
     000000AC  _ES0                               main
     000000AD  G$ET2$0$0                          main
     000000AD  G$P1MDIN$0$0                       main
     000000AD  _ET2                               main
     000000AD  _P1MDIN                            main
     000000AE  G$P2MDIN$0$0                       main
     000000AE  _P2MDIN                            main
     000000AF  G$EA$0$0                           main
     000000AF  G$P3MDIN$0$0                       main
     000000AF  _EA                                main
     000000AF  _P3MDIN                            main
     000000B0  G$P3$0$0                           main
     000000B0  G$P3_0$0$0                         main
     000000B0  _P3                                main
     000000B0  _P3_0                              main
     000000B1  G$P3_1$0$0                         main
     000000B1  _P3_1                              main
     000000B2  G$P3_2$0$0                         main
     000000B2  _P3_2                              main
     000000B3  G$P3_3$0$0                         main
     000000B3  _P3_3                              main
     000000B4  G$P3_4$0$0                         main
     000000B4  _P3_4                              main
     000000B5  G$P3_5$0$0                         main
     000000B5  _P3_5                              main
     000000B6  G$P3_6$0$0                         main
     000000B6  _P3_6                              main
     000000B7  G$FLACL$0$0                        main
     000000B7  G$FLSCL$0$0                        main
     000000B7  G$P3_7$0$0                         main
     000000B7  _FLACL                             main
     000000B7  _FLSCL                             main
     000000B7  _P3_7                              main
     000000B8  G$IP$0$0                           main
     000000B8  G$PX0$0$0                          main
     000000B8  _IP                                main
     000000B8  _PX0                               main
     000000B9  G$PT0$0$0                          main
     000000B9  G$SADEN0$0$0                       main
     000000B9  _PT0                               main
     000000B9  _SADEN0                            main
     000000BA  G$AMX0CF$0$0                       main
     000000BA  G$AMX2CF$0$0                       main
     000000BA  G$PX1$0$0                          main
     000000BA  _AMX0CF                            main
     000000BA  _AMX2CF                            main
     000000BA  _PX1                               main
     000000BB  G$AMX0SL$0$0                       main
     000000BB  G$AMX2SL$0$0                       main
ASxxxx Linker V03.00 + NoICE + sdld,  page 9.
Hexadecimal  [32-Bits]

Area                                    Addr        Size        Decimal Bytes (Attributes)
--------------------------------        ----        ----        ------- ----- ------------
.  .ABS.                            00000000    00000000 =           0. bytes (ABS,CON)

      Value  Global                              Global Defined In Module
      -----  --------------------------------   ------------------------
     000000BB  G$PT1$0$0                          main
     000000BB  _AMX0SL                            main
     000000BB  _AMX2SL                            main
     000000BB  _PT1                               main
     000000BC  G$ADC0CF$0$0                       main
     000000BC  G$ADC2CF$0$0                       main
     000000BC  G$PS0$0$0                          main
     000000BC  _ADC0CF                            main
     000000BC  _ADC2CF                            main
     000000BC  _PS0                               main
     000000BD  G$AMX0PRT$0$0                      main
     000000BD  G$PT2$0$0                          main
     000000BD  _AMX0PRT                           main
     000000BD  _PT2                               main
     000000BE  G$ADC0L$0$0                        main
     000000BE  G$ADC2$0$0                         main
     000000BE  _ADC0L                             main
     000000BE  _ADC2                              main
     000000BF  G$ADC0H$0$0                        main
     000000BF  _ADC0H                             main
     000000C0  G$CAN0STA$0$0                      main
     000000C0  G$LEC0$0$0                         main
     000000C0  G$SMB0CN$0$0                       main
     000000C0  G$SMBTOE$0$0                       main
     000000C0  _CAN0STA                           main
     000000C0  _LEC0                              main
     000000C0  _SMB0CN                            main
     000000C0  _SMBTOE                            main
     000000C1  G$LEC1$0$0                         main
     000000C1  G$SMB0STA$0$0                      main
     000000C1  G$SMBFTE$0$0                       main
     000000C1  _LEC1                              main
     000000C1  _SMB0STA                           main
     000000C1  _SMBFTE                            main
     000000C2  G$AA$0$0                           main
     000000C2  G$LEC2$0$0                         main
     000000C2  G$SMB0DAT$0$0                      main
     000000C2  _AA                                main
     000000C2  _LEC2                              main
     000000C2  _SMB0DAT                           main
     000000C3  G$SI$0$0                           main
     000000C3  G$SMB0ADR$0$0                      main
     000000C3  G$TXOK$0$0                         main
     000000C3  _SI                                main
     000000C3  _SMB0ADR                           main
     000000C3  _TXOK                              main
     000000C4  G$ADC0GTL$0$0                      main
     000000C4  G$ADC2GT$0$0                       main
     000000C4  G$RXOK$0$0                         main
     000000C4  G$STO$0$0                          main
     000000C4  _ADC0GTL                           main
ASxxxx Linker V03.00 + NoICE + sdld,  page 10.
Hexadecimal  [32-Bits]

Area                                    Addr        Size        Decimal Bytes (Attributes)
--------------------------------        ----        ----        ------- ----- ------------
.  .ABS.                            00000000    00000000 =           0. bytes (ABS,CON)

      Value  Global                              Global Defined In Module
      -----  --------------------------------   ------------------------
     000000C4  _ADC2GT                            main
     000000C4  _RXOK                              main
     000000C4  _STO                               main
     000000C5  G$ADC0GTH$0$0                      main
     000000C5  G$EPASS$0$0                        main
     000000C5  G$STA$0$0                          main
     000000C5  _ADC0GTH                           main
     000000C5  _EPASS                             main
     000000C5  _STA                               main
     000000C6  G$ADC0LTL$0$0                      main
     000000C6  G$ADC2LT$0$0                       main
     000000C6  G$ENSMB$0$0                        main
     000000C6  G$EWARN$0$0                        main
     000000C6  _ADC0LTL                           main
     000000C6  _ADC2LT                            main
     000000C6  _ENSMB                             main
     000000C6  _EWARN                             main
     000000C7  G$ADC0LTH$0$0                      main
     000000C7  G$BOFF$0$0                         main
     000000C7  G$BUSY$0$0                         main
     000000C7  _ADC0LTH                           main
     000000C7  _BOFF                              main
     000000C7  _BUSY                              main
     000000C8  G$CPRL2$0$0                        main
     000000C8  G$CPRL3$0$0                        main
     000000C8  G$CPRL4$0$0                        main
     000000C8  G$P4$0$0                           main
     000000C8  G$P4_0$0$0                         main
     000000C8  G$TMR2CN$0$0                       main
     000000C8  G$TMR3CN$0$0                       main
     000000C8  G$TMR4CN$0$0                       main
     000000C8  _CPRL2                             main
     000000C8  _CPRL3                             main
     000000C8  _CPRL4                             main
     000000C8  _P4                                main
     000000C8  _P4_0                              main
     000000C8  _TMR2CN                            main
     000000C8  _TMR3CN                            main
     000000C8  _TMR4CN                            main
     000000C9  G$CT2$0$0                          main
     000000C9  G$CT3$0$0                          main
     000000C9  G$CT4$0$0                          main
     000000C9  G$P4_1$0$0                         main
     000000C9  G$TMR2CF$0$0                       main
     000000C9  G$TMR3CF$0$0                       main
     000000C9  G$TMR4CF$0$0                       main
     000000C9  _CT2                               main
     000000C9  _CT3                               main
     000000C9  _CT4                               main
     000000C9  _P4_1                              main
     000000C9  _TMR2CF                            main
ASxxxx Linker V03.00 + NoICE + sdld,  page 11.
Hexadecimal  [32-Bits]

Area                                    Addr        Size        Decimal Bytes (Attributes)
--------------------------------        ----        ----        ------- ----- ------------
.  .ABS.                            00000000    00000000 =           0. bytes (ABS,CON)

      Value  Global                              Global Defined In Module
      -----  --------------------------------   ------------------------
     000000C9  _TMR3CF                            main
     000000C9  _TMR4CF                            main
     000000CA  G$P4_2$0$0                         main
     000000CA  G$RCAP2L$0$0                       main
     000000CA  G$RCAP3L$0$0                       main
     000000CA  G$RCAP4L$0$0                       main
     000000CA  G$TR2$0$0                          main
     000000CA  G$TR3$0$0                          main
     000000CA  G$TR4$0$0                          main
     000000CA  _P4_2                              main
     000000CA  _RCAP2L                            main
     000000CA  _RCAP3L                            main
     000000CA  _RCAP4L                            main
     000000CA  _TR2                               main
     000000CA  _TR3                               main
     000000CA  _TR4                               main
     000000CB  G$EXEN2$0$0                        main
     000000CB  G$EXEN3$0$0                        main
     000000CB  G$EXEN4$0$0                        main
     000000CB  G$P4_3$0$0                         main
     000000CB  G$RCAP2H$0$0                       main
     000000CB  G$RCAP3H$0$0                       main
     000000CB  G$RCAP4H$0$0                       main
     000000CB  _EXEN2                             main
     000000CB  _EXEN3                             main
     000000CB  _EXEN4                             main
     000000CB  _P4_3                              main
     000000CB  _RCAP2H                            main
     000000CB  _RCAP3H                            main
     000000CB  _RCAP4H                            main
     000000CC  G$P4_4$0$0                         main
     000000CC  G$TMR2L$0$0                        main
     000000CC  G$TMR3L$0$0                        main
     000000CC  G$TMR4L$0$0                        main
     000000CC  _P4_4                              main
     000000CC  _TMR2L                             main
     000000CC  _TMR3L                             main
     000000CC  _TMR4L                             main
     000000CD  G$P4_5$0$0                         main
     000000CD  G$TMR2H$0$0                        main
     000000CD  G$TMR3H$0$0                        main
     000000CD  G$TMR4H$0$0                        main
     000000CD  _P4_5                              main
     000000CD  _TMR2H                             main
     000000CD  _TMR3H                             main
     000000CD  _TMR4H                             main
     000000CE  G$EXF2$0$0                         main
     000000CE  G$EXF3$0$0                         main
     000000CE  G$EXF4$0$0                         main
     000000CE  G$P4_6$0$0                         main
     000000CE  _EXF2                              main
ASxxxx Linker V03.00 + NoICE + sdld,  page 12.
Hexadecimal  [32-Bits]

Area                                    Addr        Size        Decimal Bytes (Attributes)
--------------------------------        ----        ----        ------- ----- ------------
.  .ABS.                            00000000    00000000 =           0. bytes (ABS,CON)

      Value  Global                              Global Defined In Module
      -----  --------------------------------   ------------------------
     000000CE  _EXF3                              main
     000000CE  _EXF4                              main
     000000CE  _P4_6                              main
     000000CF  G$P4_7$0$0                         main
     000000CF  G$SMB0CR$0$0                       main
     000000CF  G$TF2$0$0                          main
     000000CF  G$TF3$0$0                          main
     000000CF  G$TF4$0$0                          main
     000000CF  _P4_7                              main
     000000CF  _SMB0CR                            main
     000000CF  _TF2                               main
     000000CF  _TF3                               main
     000000CF  _TF4                               main
     000000D0  G$P$0$0                            main
     000000D0  G$PSW$0$0                          main
     000000D0  _P                                 main
     000000D0  _PSW                               main
     000000D1  G$F1$0$0                           main
     000000D1  G$REF0CN$0$0                       main
     000000D1  _F1                                main
     000000D1  _REF0CN                            main
     000000D2  G$DAC0L$0$0                        main
     000000D2  G$DAC1L$0$0                        main
     000000D2  G$OV$0$0                           main
     000000D2  _DAC0L                             main
     000000D2  _DAC1L                             main
     000000D2  _OV                                main
     000000D3  G$DAC0H$0$0                        main
     000000D3  G$DAC1H$0$0                        main
     000000D3  G$RS0$0$0                          main
     000000D3  _DAC0H                             main
     000000D3  _DAC1H                             main
     000000D3  _RS0                               main
     000000D4  G$DAC0CN$0$0                       main
     000000D4  G$DAC1CN$0$0                       main
     000000D4  G$RS1$0$0                          main
     000000D4  _DAC0CN                            main
     000000D4  _DAC1CN                            main
     000000D4  _RS1                               main
     000000D5  G$F0$0$0                           main
     000000D5  _F0                                main
     000000D6  G$AC$0$0                           main
     000000D6  G$HVA0CN$0$0                       main
     000000D6  _AC                                main
     000000D6  _HVA0CN                            main
     000000D7  G$CY$0$0                           main
     000000D7  _CY                                main
     000000D8  G$CAN0DATL$0$0                     main
     000000D8  G$CCF0$0$0                         main
     000000D8  G$P5$0$0                           main
     000000D8  G$P5_0$0$0                         main
ASxxxx Linker V03.00 + NoICE + sdld,  page 13.
Hexadecimal  [32-Bits]

Area                                    Addr        Size        Decimal Bytes (Attributes)
--------------------------------        ----        ----        ------- ----- ------------
.  .ABS.                            00000000    00000000 =           0. bytes (ABS,CON)

      Value  Global                              Global Defined In Module
      -----  --------------------------------   ------------------------
     000000D8  G$PCA0CN$0$0                       main
     000000D8  _CAN0DATL                          main
     000000D8  _CCF0                              main
     000000D8  _P5                                main
     000000D8  _P5_0                              main
     000000D8  _PCA0CN                            main
     000000D9  G$CAN0DATH$0$0                     main
     000000D9  G$CCF1$0$0                         main
     000000D9  G$P5_1$0$0                         main
     000000D9  G$PCA0MD$0$0                       main
     000000D9  _CAN0DATH                          main
     000000D9  _CCF1                              main
     000000D9  _P5_1                              main
     000000D9  _PCA0MD                            main
     000000DA  G$CAN0ADR$0$0                      main
     000000DA  G$CCF2$0$0                         main
     000000DA  G$P5_2$0$0                         main
     000000DA  G$PCA0CPM0$0$0                     main
     000000DA  _CAN0ADR                           main
     000000DA  _CCF2                              main
     000000DA  _P5_2                              main
     000000DA  _PCA0CPM0                          main
     000000DB  G$CAN0TST$0$0                      main
     000000DB  G$CCF3$0$0                         main
     000000DB  G$P5_3$0$0                         main
     000000DB  G$PCA0CPM1$0$0                     main
     000000DB  _CAN0TST                           main
     000000DB  _CCF3                              main
     000000DB  _P5_3                              main
     000000DB  _PCA0CPM1                          main
     000000DC  G$CCF4$0$0                         main
     000000DC  G$P5_4$0$0                         main
     000000DC  G$PCA0CPM2$0$0                     main
     000000DC  _CCF4                              main
     000000DC  _P5_4                              main
     000000DC  _PCA0CPM2                          main
     000000DD  G$CCF5$0$0                         main
     000000DD  G$P5_5$0$0                         main
     000000DD  G$PCA0CPM3$0$0                     main
     000000DD  _CCF5                              main
     000000DD  _P5_5                              main
     000000DD  _PCA0CPM3                          main
     000000DE  G$CR$0$0                           main
     000000DE  G$P5_6$0$0                         main
     000000DE  G$PCA0CPM4$0$0                     main
     000000DE  _CR                                main
     000000DE  _P5_6                              main
     000000DE  _PCA0CPM4                          main
     000000DF  G$CF$0$0                           main
     000000DF  G$P5_7$0$0                         main
     000000DF  G$PCA0CPM5$0$0                     main
ASxxxx Linker V03.00 + NoICE + sdld,  page 14.
Hexadecimal  [32-Bits]

Area                                    Addr        Size        Decimal Bytes (Attributes)
--------------------------------        ----        ----        ------- ----- ------------
.  .ABS.                            00000000    00000000 =           0. bytes (ABS,CON)

      Value  Global                              Global Defined In Module
      -----  --------------------------------   ------------------------
     000000DF  _CF                                main
     000000DF  _P5_7                              main
     000000DF  _PCA0CPM5                          main
     000000E0  G$ACC$0$0                          main
     000000E0  _ACC                               main
     000000E1  G$PCA0CPL5$0$0                     main
     000000E1  G$XBR0$0$0                         main
     000000E1  _PCA0CPL5                          main
     000000E1  _XBR0                              main
     000000E2  G$PCA0CPH5$0$0                     main
     000000E2  G$XBR1$0$0                         main
     000000E2  _PCA0CPH5                          main
     000000E2  _XBR1                              main
     000000E3  G$XBR2$0$0                         main
     000000E3  _XBR2                              main
     000000E4  G$XBR3$0$0                         main
     000000E4  _XBR3                              main
     000000E6  G$EIE1$0$0                         main
     000000E6  _EIE1                              main
     000000E7  G$EIE2$0$0                         main
     000000E7  _EIE2                              main
     000000E8  G$AD0LJST$0$0                      main
     000000E8  G$AD2WINT$0$0                      main
     000000E8  G$ADC0CN$0$0                       main
     000000E8  G$ADC2CN$0$0                       main
     000000E8  G$P6$0$0                           main
     000000E8  G$P6_0$0$0                         main
     000000E8  _AD0LJST                           main
     000000E8  _AD2WINT                           main
     000000E8  _ADC0CN                            main
     000000E8  _ADC2CN                            main
     000000E8  _P6                                main
     000000E8  _P6_0                              main
     000000E9  G$AD0WINT$0$0                      main
     000000E9  G$AD2CM0$0$0                       main
     000000E9  G$P6_1$0$0                         main
     000000E9  G$PCA0CPL2$0$0                     main
     000000E9  _AD0WINT                           main
     000000E9  _AD2CM0                            main
     000000E9  _P6_1                              main
     000000E9  _PCA0CPL2                          main
     000000EA  G$AD0CM0$0$0                       main
     000000EA  G$AD2CM1$0$0                       main
     000000EA  G$P6_2$0$0                         main
     000000EA  G$PCA0CPH2$0$0                     main
     000000EA  _AD0CM0                            main
     000000EA  _AD2CM1                            main
     000000EA  _P6_2                              main
     000000EA  _PCA0CPH2                          main
     000000EB  G$AD0CM1$0$0                       main
     000000EB  G$AD2CM2$0$0                       main
ASxxxx Linker V03.00 + NoICE + sdld,  page 15.
Hexadecimal  [32-Bits]

Area                                    Addr        Size        Decimal Bytes (Attributes)
--------------------------------        ----        ----        ------- ----- ------------
.  .ABS.                            00000000    00000000 =           0. bytes (ABS,CON)

      Value  Global                              Global Defined In Module
      -----  --------------------------------   ------------------------
     000000EB  G$P6_3$0$0                         main
     000000EB  G$PCA0CPL3$0$0                     main
     000000EB  _AD0CM1                            main
     000000EB  _AD2CM2                            main
     000000EB  _P6_3                              main
     000000EB  _PCA0CPL3                          main
     000000EC  G$AD0BUSY$0$0                      main
     000000EC  G$AD2BUSY$0$0                      main
     000000EC  G$P6_4$0$0                         main
     000000EC  G$PCA0CPH3$0$0                     main
     000000EC  _AD0BUSY                           main
     000000EC  _AD2BUSY                           main
     000000EC  _P6_4                              main
     000000EC  _PCA0CPH3                          main
     000000ED  G$AD0INT$0$0                       main
     000000ED  G$AD2INT$0$0                       main
     000000ED  G$P6_5$0$0                         main
     000000ED  G$PCA0CPL4$0$0                     main
     000000ED  _AD0INT                            main
     000000ED  _AD2INT                            main
     000000ED  _P6_5                              main
     000000ED  _PCA0CPL4                          main
     000000EE  G$AD0TM$0$0                        main
     000000EE  G$AD2TM$0$0                        main
     000000EE  G$P6_6$0$0                         main
     000000EE  G$PCA0CPH4$0$0                     main
     000000EE  _AD0TM                             main
     000000EE  _AD2TM                             main
     000000EE  _P6_6                              main
     000000EE  _PCA0CPH4                          main
     000000EF  G$AD0EN$0$0                        main
     000000EF  G$AD2EN$0$0                        main
     000000EF  G$P6_7$0$0                         main
     000000EF  G$RSTSRC$0$0                       main
     000000EF  _AD0EN                             main
     000000EF  _AD2EN                             main
     000000EF  _P6_7                              main
     000000EF  _RSTSRC                            main
     000000F0  G$B$0$0                            main
     000000F0  _B                                 main
     000000F5  _B_5                               _gptrget
     000000F6  G$EIP1$0$0                         main
     000000F6  _B_6                               _gptrget
     000000F6  _EIP1                              main
     000000F7  G$EIP2$0$0                         main
     000000F7  _B_7                               _gptrget
     000000F7  _EIP2                              main
     000000F8  G$CAN0CN$0$0                       main
     000000F8  G$CANINIT$0$0                      main
     000000F8  G$P7$0$0                           main
     000000F8  G$P7_0$0$0                         main
ASxxxx Linker V03.00 + NoICE + sdld,  page 16.
Hexadecimal  [32-Bits]

Area                                    Addr        Size        Decimal Bytes (Attributes)
--------------------------------        ----        ----        ------- ----- ------------
.  .ABS.                            00000000    00000000 =           0. bytes (ABS,CON)

      Value  Global                              Global Defined In Module
      -----  --------------------------------   ------------------------
     000000F8  G$SPI0CN$0$0                       main
     000000F8  G$SPIEN$0$0                        main
     000000F8  _CAN0CN                            main
     000000F8  _CANINIT                           main
     000000F8  _P7                                main
     000000F8  _P7_0                              main
     000000F8  _SPI0CN                            main
     000000F8  _SPIEN                             main
     000000F9  G$CANIE$0$0                        main
     000000F9  G$P7_1$0$0                         main
     000000F9  G$PCA0L$0$0                        main
     000000F9  G$TXBMT$0$0                        main
     000000F9  _CANIE                             main
     000000F9  _P7_1                              main
     000000F9  _PCA0L                             main
     000000F9  _TXBMT                             main
     000000FA  G$CANSIE$0$0                       main
     000000FA  G$NSSMD0$0$0                       main
     000000FA  G$P7_2$0$0                         main
     000000FA  G$PCA0H$0$0                        main
     000000FA  _CANSIE                            main
     000000FA  _NSSMD0                            main
     000000FA  _P7_2                              main
     000000FA  _PCA0H                             main
     000000FB  G$CANEIE$0$0                       main
     000000FB  G$NSSMD1$0$0                       main
     000000FB  G$P7_3$0$0                         main
     000000FB  G$PCA0CPL0$0$0                     main
     000000FB  _CANEIE                            main
     000000FB  _NSSMD1                            main
     000000FB  _P7_3                              main
     000000FB  _PCA0CPL0                          main
     000000FC  G$CANIF$0$0                        main
     000000FC  G$P7_4$0$0                         main
     000000FC  G$PCA0CPH0$0$0                     main
     000000FC  G$RXOVRN$0$0                       main
     000000FC  _CANIF                             main
     000000FC  _P7_4                              main
     000000FC  _PCA0CPH0                          main
     000000FC  _RXOVRN                            main
     000000FD  G$CANDAR$0$0                       main
     000000FD  G$MODF$0$0                         main
     000000FD  G$P7_5$0$0                         main
     000000FD  G$PCA0CPL1$0$0                     main
     000000FD  _CANDAR                            main
     000000FD  _MODF                              main
     000000FD  _P7_5                              main
     000000FD  _PCA0CPL1                          main
     000000FE  G$CANCCE$0$0                       main
     000000FE  G$P7_6$0$0                         main
     000000FE  G$PCA0CPH1$0$0                     main
ASxxxx Linker V03.00 + NoICE + sdld,  page 17.
Hexadecimal  [32-Bits]

Area                                    Addr        Size        Decimal Bytes (Attributes)
--------------------------------        ----        ----        ------- ----- ------------
.  .ABS.                            00000000    00000000 =           0. bytes (ABS,CON)

      Value  Global                              Global Defined In Module
      -----  --------------------------------   ------------------------
     000000FE  G$WCOL$0$0                         main
     000000FE  _CANCCE                            main
     000000FE  _P7_6                              main
     000000FE  _PCA0CPH1                          main
     000000FE  _WCOL                              main
     000000FF  G$CANTEST$0$0                      main
     000000FF  G$P7_7$0$0                         main
     000000FF  G$SPIF$0$0                         main
     000000FF  G$WDTCN$0$0                        main
     000000FF  _CANTEST                           main
     000000FF  _P7_7                              main
     000000FF  _SPIF                              main
     000000FF  _WDTCN                             main
     00008382  G$DP$0$0                           main
     00008382  _DP                                main
     0000BFBE  G$ADC0$0$0                         main
     0000BFBE  _ADC0                              main
     0000C5C4  G$ADC0GT$0$0                       main
     0000C5C4  _ADC0GT                            main
     0000C7C6  G$ADC0LT$0$0                       main
     0000C7C6  _ADC0LT                            main
     0000CBCA  G$RCAP2$0$0                        main
     0000CBCA  G$RCAP3$0$0                        main
     0000CBCA  G$RCAP4$0$0                        main
     0000CBCA  _RCAP2                             main
     0000CBCA  _RCAP3                             main
     0000CBCA  _RCAP4                             main
     0000CDCC  G$TMR2$0$0                         main
     0000CDCC  G$TMR3$0$0                         main
     0000CDCC  G$TMR4$0$0                         main
     0000CDCC  _TMR2                              main
     0000CDCC  _TMR3                              main
     0000CDCC  _TMR4                              main
     0000D3D2  G$DAC0$0$0                         main
     0000D3D2  G$DAC1$0$0                         main
     0000D3D2  _DAC0                              main
     0000D3D2  _DAC1                              main
     0000D9D8  G$CAN0DAT$0$0                      main
     0000D9D8  _CAN0DAT                           main
     0000E2E1  G$PCA0CP5$0$0                      main
     0000E2E1  _PCA0CP5                           main
     0000EAE9  G$PCA0CP2$0$0                      main
     0000EAE9  _PCA0CP2                           main
     0000ECEB  G$PCA0CP3$0$0                      main
     0000ECEB  _PCA0CP3                           main
     0000EEED  G$PCA0CP4$0$0                      main
     0000EEED  _PCA0CP4                           main
     0000FAF9  G$PCA0$0$0                         main
     0000FAF9  _PCA0                              main
     0000FCFB  G$PCA0CP0$0$0                      main
     0000FCFB  _PCA0CP0                           main
ASxxxx Linker V03.00 + NoICE + sdld,  page 18.
Hexadecimal  [32-Bits]

Area                                    Addr        Size        Decimal Bytes (Attributes)
--------------------------------        ----        ----        ------- ----- ------------
.  .ABS.                            00000000    00000000 =           0. bytes (ABS,CON)

      Value  Global                              Global Defined In Module
      -----  --------------------------------   ------------------------
     0000FEFD  G$PCA0CP1$0$0                      main
     0000FEFD  _PCA0CP1                           main

ASxxxx Linker V03.00 + NoICE + sdld,  page 19.
Hexadecimal  [32-Bits]

Area                                    Addr        Size        Decimal Bytes (Attributes)
--------------------------------        ----        ----        ------- ----- ------------
BSEG_BYTES                          00000020    00000002 =           2. bytes (REL,CON)

      Value  Global                              Global Defined In Module
      -----  --------------------------------   ------------------------
ASxxxx Linker V03.00 + NoICE + sdld,  page 20.
Hexadecimal  [32-Bits]

Area                                    Addr        Size        Decimal Bytes (Attributes)
--------------------------------        ----        ----        ------- ----- ------------
REG_BANK_0                          00000000    00000008 =           8. bytes (REL,OVR)

      Value  Global                              Global Defined In Module
      -----  --------------------------------   ------------------------
ASxxxx Linker V03.00 + NoICE + sdld,  page 21.
Hexadecimal  [32-Bits]

Area                                    Addr        Size        Decimal Bytes (Attributes)
--------------------------------        ----        ----        ------- ----- ------------
DSEG                                00000000    00000074 =         116. bytes (REL,CON)

      Value  Global                              Global Defined In Module
      -----  --------------------------------   ------------------------
     00000008  Lmain.desl_string$p$1$55           main
     00000008  _desl_string_PARM_2                main
     0000000A  Lmain.desl_string$nd$1$55          main
     0000000A  _desl_string_PARM_3                main
     0000000B  Lmain.desl_string$t_ms$1$55        main
     00000013  _bp                                _bp
ASxxxx Linker V03.00 + NoICE + sdld,  page 22.
Hexadecimal  [32-Bits]

Area                                    Addr        Size        Decimal Bytes (Attributes)
--------------------------------        ----        ----        ------- ----- ------------
SSEG                                00000022    000000DE =         222. bytes (REL,OVR)

      Value  Global                              Global Defined In Module
      -----  --------------------------------   ------------------------
     00000022  __start__stack                     main

ASxxxx Linker V03.00 + NoICE + sdld,  page 23.
Hexadecimal  [32-Bits]

Area                                    Addr        Size        Decimal Bytes (Attributes)
--------------------------------        ----        ----        ------- ----- ------------
HOME                                00000000    00000006 =           6. bytes (REL,CON,CODE)

      Value  Global                              Global Defined In Module
      -----  --------------------------------   ------------------------
C:   00000000  A$main$1265                        main
C:   00000003  A$main$1287                        main
C:   00000003  __sdcc_program_startup             main
ASxxxx Linker V03.00 + NoICE + sdld,  page 24.
Hexadecimal  [32-Bits]

Area                                    Addr        Size        Decimal Bytes (Attributes)
--------------------------------        ----        ----        ------- ----- ------------
GSINIT0                             00000006    00000003 =           3. bytes (REL,CON,CODE)

      Value  Global                              Global Defined In Module
      -----  --------------------------------   ------------------------
C:   00000006  __sdcc_gsinit_startup              

ASxxxx Linker V03.00 + NoICE + sdld,  page 25.
Hexadecimal  [32-Bits]

Area                                    Addr        Size        Decimal Bytes (Attributes)
--------------------------------        ----        ----        ------- ----- ------------
GSINIT2                             00000009    0000000A =          10. bytes (REL,CON,CODE)

      Value  Global                              Global Defined In Module
      -----  --------------------------------   ------------------------
ASxxxx Linker V03.00 + NoICE + sdld,  page 26.
Hexadecimal  [32-Bits]

Area                                    Addr        Size        Decimal Bytes (Attributes)
--------------------------------        ----        ----        ------- ----- ------------
GSINIT3                             00000013    00000022 =          34. bytes (REL,CON,CODE)

      Value  Global                              Global Defined In Module
      -----  --------------------------------   ------------------------
C:   00000013  __mcs51_genXINIT                   

ASxxxx Linker V03.00 + NoICE + sdld,  page 27.
Hexadecimal  [32-Bits]

Area                                    Addr        Size        Decimal Bytes (Attributes)
--------------------------------        ----        ----        ------- ----- ------------
GSINIT4                             00000035    0000002A =          42. bytes (REL,CON,CODE)

      Value  Global                              Global Defined In Module
      -----  --------------------------------   ------------------------
C:   00000035  __mcs51_genRAMCLEAR                
C:   0000003B  __mcs51_genXRAMCLEAR               

ASxxxx Linker V03.00 + NoICE + sdld,  page 28.
Hexadecimal  [32-Bits]

Area                                    Addr        Size        Decimal Bytes (Attributes)
--------------------------------        ----        ----        ------- ----- ------------
GSFINAL                             0000005F    00000003 =           3. bytes (REL,CON,CODE)

      Value  Global                              Global Defined In Module
      -----  --------------------------------   ------------------------
C:   0000005F  A$main$1280                        main

ASxxxx Linker V03.00 + NoICE + sdld,  page 29.
Hexadecimal  [32-Bits]

Area                                    Addr        Size        Decimal Bytes (Attributes)
--------------------------------        ----        ----        ------- ----- ------------
CSEG                                00000062    00000764 =        1892. bytes (REL,CON,CODE)

      Value  Global                              Global Defined In Module
      -----  --------------------------------   ------------------------
C:   00000062  A$main$1313                        main
C:   00000062  C$config.c$10$0$0                  main
C:   00000062  C$config.c$12$1$1                  main
C:   00000062  G$Reset_Sources_Init$0$0           main
C:   00000062  _Reset_Sources_Init                main
C:   00000065  A$main$1316                        main
C:   00000065  C$config.c$13$1$1                  main
C:   00000068  A$main$1319                        main
C:   00000068  C$config.c$14$1$1                  main
C:   00000068  XG$Reset_Sources_Init$0$0          main
C:   00000069  A$main$1332                        main
C:   00000069  C$config.c$16$1$1                  main
C:   00000069  C$config.c$18$1$2                  main
C:   00000069  G$Timer_Init$0$0                   main
C:   00000069  _Timer_Init                        main
C:   0000006C  A$main$1335                        main
C:   0000006C  C$config.c$19$1$2                  main
C:   0000006F  A$main$1338                        main
C:   0000006F  C$config.c$20$1$2                  main
C:   00000072  A$main$1341                        main
C:   00000072  C$config.c$21$1$2                  main
C:   00000072  XG$Timer_Init$0$0                  main
C:   00000073  A$main$1354                        main
C:   00000073  C$config.c$23$1$2                  main
C:   00000073  C$config.c$61$1$3                  main
C:   00000073  G$Port_IO_Init$0$0                 main
C:   00000073  _Port_IO_Init                      main
C:   00000076  A$main$1357                        main
C:   00000076  C$config.c$62$1$3                  main
C:   00000079  A$main$1360                        main
C:   00000079  C$config.c$63$1$3                  main
C:   0000007C  A$main$1363                        main
C:   0000007C  C$config.c$64$1$3                  main
C:   0000007F  A$main$1366                        main
C:   0000007F  C$config.c$65$1$3                  main
C:   0000007F  XG$Port_IO_Init$0$0                main
C:   00000080  A$main$1381                        main
C:   00000080  C$config.c$67$1$3                  main
C:   00000080  C$config.c$70$1$4                  main
C:   00000080  G$Oscillator_Init$0$0              main
C:   00000080  _Oscillator_Init                   main
C:   00000083  A$main$1384                        main
C:   00000083  C$config.c$71$1$4                  main
C:   00000086  A$main$1387                        main
C:   00000086  C$config.c$72$1$4                  main
C:   00000088  A$main$1388                        main
C:   0000008A  A$main$1390                        main
C:   0000008B  A$main$1391                        main
C:   0000008D  A$main$1392                        main
C:   0000008E  A$main$1393                        main
ASxxxx Linker V03.00 + NoICE + sdld,  page 30.
Hexadecimal  [32-Bits]

Area                                    Addr        Size        Decimal Bytes (Attributes)
--------------------------------        ----        ----        ------- ----- ------------
CSEG                                00000062    00000764 =        1892. bytes (REL,CON,CODE)

      Value  Global                              Global Defined In Module
      -----  --------------------------------   ------------------------
C:   0000008F  A$main$1394                        main
C:   00000091  A$main$1395                        main
C:   00000092  A$main$1396                        main
C:   00000094  A$main$1397                        main
C:   00000096  A$main$1398                        main
C:   00000097  A$main$1399                        main
C:   00000098  A$main$1400                        main
C:   0000009A  A$main$1404                        main
C:   0000009A  C$config.c$73$1$4                  main
C:   0000009C  A$main$1405                        main
C:   0000009F  A$main$1408                        main
C:   0000009F  C$config.c$74$1$4                  main
C:   000000A2  A$main$1411                        main
C:   000000A2  C$config.c$75$1$4                  main
C:   000000A5  A$main$1414                        main
C:   000000A5  C$config.c$76$1$4                  main
C:   000000A5  XG$Oscillator_Init$0$0             main
C:   000000A6  A$main$1427                        main
C:   000000A6  C$config.c$78$1$4                  main
C:   000000A6  C$config.c$80$1$5                  main
C:   000000A6  G$Interrupts_Init$0$0              main
C:   000000A6  _Interrupts_Init                   main
C:   000000A9  A$main$1430                        main
C:   000000A9  C$config.c$81$1$5                  main
C:   000000AC  A$main$1433                        main
C:   000000AC  C$config.c$82$1$5                  main
C:   000000AC  XG$Interrupts_Init$0$0             main
C:   000000AD  A$main$1446                        main
C:   000000AD  C$config.c$86$1$5                  main
C:   000000AD  C$config.c$88$1$7                  main
C:   000000AD  G$Init_Device$0$0                  main
C:   000000AD  _Init_Device                       main
C:   000000B0  A$main$1449                        main
C:   000000B0  C$config.c$89$1$7                  main
C:   000000B3  A$main$1452                        main
C:   000000B3  C$config.c$90$1$7                  main
C:   000000B6  A$main$1455                        main
C:   000000B6  C$config.c$91$1$7                  main
C:   000000B9  A$main$1458                        main
C:   000000B9  C$config.c$92$1$7                  main
C:   000000BC  A$main$1461                        main
C:   000000BC  C$config.c$93$1$7                  main
C:   000000BC  XG$Init_Device$0$0                 main
C:   000000BD  A$main$1474                        main
C:   000000BD  C$util.h$17$1$7                    main
C:   000000BD  G$delay_ms$0$0                     main
C:   000000BD  _delay_ms                          main
C:   000000BF  A$main$1475                        main
C:   000000C1  A$main$1478                        main
C:   000000C1  C$util.h$20$1$9                    main
C:   000000C4  A$main$1481                        main
ASxxxx Linker V03.00 + NoICE + sdld,  page 31.
Hexadecimal  [32-Bits]

Area                                    Addr        Size        Decimal Bytes (Attributes)
--------------------------------        ----        ----        ------- ----- ------------
CSEG                                00000062    00000764 =        1892. bytes (REL,CON,CODE)

      Value  Global                              Global Defined In Module
      -----  --------------------------------   ------------------------
C:   000000C4  C$util.h$21$1$9                    main
C:   000000C7  A$main$1485                        main
C:   000000C8  A$main$1486                        main
C:   000000C9  A$main$1487                        main
C:   000000CB  A$main$1490                        main
C:   000000CB  C$util.h$26$2$10                   main
C:   000000CD  A$main$1493                        main
C:   000000CD  C$util.h$27$2$10                   main
C:   000000CF  A$main$1496                        main
C:   000000CF  C$util.h$29$2$10                   main
C:   000000D2  A$main$1499                        main
C:   000000D2  C$util.h$31$2$10                   main
C:   000000D5  A$main$1502                        main
C:   000000D5  C$util.h$33$2$10                   main
C:   000000D7  A$main$1506                        main
C:   000000D7  C$util.h$35$2$10                   main
C:   000000DA  A$main$1509                        main
C:   000000DA  C$util.h$24$1$9                    main
C:   000000DB  A$main$1510                        main
C:   000000DE  A$main$1511                        main
C:   000000DF  A$main$1513                        main
C:   000000E1  A$main$1517                        main
C:   000000E1  C$util.h$38$1$9                    main
C:   000000E1  XG$delay_ms$0$0                    main
C:   000000E2  A$main$1530                        main
C:   000000E2  C$util.h$40$1$9                    main
C:   000000E2  G$delay_us$0$0                     main
C:   000000E2  _delay_us                          main
C:   000000E4  A$main$1531                        main
C:   000000E6  A$main$1534                        main
C:   000000E6  C$util.h$43$1$12                   main
C:   000000E9  A$main$1537                        main
C:   000000E9  C$util.h$44$1$12                   main
C:   000000EC  A$main$1541                        main
C:   000000ED  A$main$1542                        main
C:   000000EE  A$main$1543                        main
C:   000000F0  A$main$1546                        main
C:   000000F0  C$util.h$47$2$13                   main
C:   000000F2  A$main$1549                        main
C:   000000F2  C$util.h$48$2$13                   main
C:   000000F4  A$main$1552                        main
C:   000000F4  C$util.h$49$2$13                   main
C:   000000F7  A$main$1555                        main
C:   000000F7  C$util.h$50$2$13                   main
C:   000000FA  A$main$1558                        main
C:   000000FA  C$util.h$51$2$13                   main
C:   000000FC  A$main$1562                        main
C:   000000FC  C$util.h$52$2$13                   main
C:   000000FF  A$main$1565                        main
C:   000000FF  C$util.h$45$1$12                   main
C:   00000100  A$main$1566                        main
ASxxxx Linker V03.00 + NoICE + sdld,  page 32.
Hexadecimal  [32-Bits]

Area                                    Addr        Size        Decimal Bytes (Attributes)
--------------------------------        ----        ----        ------- ----- ------------
CSEG                                00000062    00000764 =        1892. bytes (REL,CON,CODE)

      Value  Global                              Global Defined In Module
      -----  --------------------------------   ------------------------
C:   00000103  A$main$1567                        main
C:   00000104  A$main$1569                        main
C:   00000106  A$main$1573                        main
C:   00000106  C$util.h$54$1$12                   main
C:   00000106  XG$delay_us$0$0                    main
C:   00000107  A$main$1586                        main
C:   00000107  C$util.h$58$1$12                   main
C:   00000107  C$util.h$60$1$14                   main
C:   00000107  G$clear$0$0                        main
C:   00000107  _clear                             main
C:   0000010A  A$main$1587                        main
C:   0000010D  A$main$1588                        main
C:   00000110  A$main$1589                        main
C:   00000113  A$main$1592                        main
C:   00000113  C$util.h$61$1$14                   main
C:   00000113  XG$clear$0$0                       main
C:   00000114  A$main$1606                        main
C:   00000114  C$util.h$63$1$14                   main
C:   00000114  G$esc_LCD$0$0                      main
C:   00000114  _esc_LCD                           main
C:   00000116  A$main$1609                        main
C:   00000116  C$util.h$67$1$16                   main
C:   00000118  A$main$1612                        main
C:   00000118  C$util.h$68$1$16                   main
C:   00000119  A$main$1615                        main
C:   00000119  C$util.h$70$1$16                   main
C:   0000011B  A$main$1618                        main
C:   0000011B  C$util.h$71$1$16                   main
C:   0000011C  A$main$1619                        main
C:   0000011D  A$main$1620                        main
C:   0000011E  A$main$1621                        main
C:   00000120  A$main$1622                        main
C:   00000121  A$main$1623                        main
C:   00000124  A$main$1626                        main
C:   00000124  C$util.h$72$1$16                   main
C:   00000126  A$main$1627                        main
C:   00000127  A$main$1628                        main
C:   00000128  A$main$1629                        main
C:   0000012A  A$main$1630                        main
C:   0000012B  A$main$1631                        main
C:   0000012C  A$main$1632                        main
C:   0000012D  A$main$1633                        main
C:   0000012E  A$main$1634                        main
C:   0000012F  A$main$1637                        main
C:   0000012F  C$util.h$73$1$16                   main
C:   00000131  A$main$1640                        main
C:   00000131  C$util.h$74$1$16                   main
C:   00000132  A$main$1643                        main
C:   00000132  C$util.h$75$1$16                   main
C:   00000134  A$main$1646                        main
C:   00000134  C$util.h$76$1$16                   main
ASxxxx Linker V03.00 + NoICE + sdld,  page 33.
Hexadecimal  [32-Bits]

Area                                    Addr        Size        Decimal Bytes (Attributes)
--------------------------------        ----        ----        ------- ----- ------------
CSEG                                00000062    00000764 =        1892. bytes (REL,CON,CODE)

      Value  Global                              Global Defined In Module
      -----  --------------------------------   ------------------------
C:   00000137  A$main$1649                        main
C:   00000137  C$util.h$78$2$17                   main
C:   0000013A  A$main$1650                        main
C:   0000013C  A$main$1651                        main
C:   0000013E  A$main$1652                        main
C:   00000141  A$main$1653                        main
C:   00000143  A$main$1654                        main
C:   00000145  A$main$1657                        main
C:   00000145  C$util.h$79$2$17                   main
C:   00000147  A$main$1660                        main
C:   00000147  C$util.h$80$2$17                   main
C:   00000148  A$main$1661                        main
C:   00000149  A$main$1662                        main
C:   0000014B  A$main$1663                        main
C:   0000014C  A$main$1664                        main
C:   0000014E  A$main$1665                        main
C:   0000014F  A$main$1666                        main
C:   00000150  A$main$1669                        main
C:   00000150  C$util.h$81$2$17                   main
C:   00000153  A$main$1670                        main
C:   00000154  A$main$1671                        main
C:   00000155  A$main$1672                        main
C:   00000157  A$main$1675                        main
C:   00000157  C$util.h$83$2$17                   main
C:   00000158  A$main$1678                        main
C:   00000158  C$util.h$84$2$17                   main
C:   0000015A  A$main$1682                        main
C:   0000015A  C$util.h$86$1$16                   main
C:   0000015D  A$main$1684                        main
C:   0000015F  A$main$1685                        main
C:   00000162  A$main$1688                        main
C:   00000162  C$util.h$87$1$16                   main
C:   00000165  A$main$1689                        main
C:   00000168  A$main$1690                        main
C:   0000016A  A$main$1694                        main
C:   0000016A  C$util.h$89$1$16                   main
C:   0000016D  A$main$1695                        main
C:   00000170  A$main$1699                        main
C:   00000170  C$util.h$90$1$16                   main
C:   00000170  XG$esc_LCD$0$0                     main
C:   00000171  A$main$1712                        main
C:   00000171  C$util.h$92$1$16                   main
C:   00000171  C$util.h$94$1$19                   main
C:   00000171  G$Ini_LCDan$0$0                    main
C:   00000171  _Ini_LCDan                         main
C:   00000173  A$main$1715                        main
C:   00000173  C$util.h$95$1$19                   main
C:   00000176  A$main$1716                        main
C:   00000179  A$main$1719                        main
C:   00000179  C$util.h$96$1$19                   main
C:   0000017B  A$main$1720                        main
ASxxxx Linker V03.00 + NoICE + sdld,  page 34.
Hexadecimal  [32-Bits]

Area                                    Addr        Size        Decimal Bytes (Attributes)
--------------------------------        ----        ----        ------- ----- ------------
CSEG                                00000062    00000764 =        1892. bytes (REL,CON,CODE)

      Value  Global                              Global Defined In Module
      -----  --------------------------------   ------------------------
C:   0000017D  A$main$1721                        main
C:   00000180  A$main$1722                        main
C:   00000183  A$main$1725                        main
C:   00000183  C$util.h$97$1$19                   main
C:   00000186  A$main$1726                        main
C:   00000189  A$main$1729                        main
C:   00000189  C$util.h$98$1$19                   main
C:   0000018B  A$main$1730                        main
C:   0000018D  A$main$1731                        main
C:   00000190  A$main$1732                        main
C:   00000193  A$main$1735                        main
C:   00000193  C$util.h$99$1$19                   main
C:   00000196  A$main$1736                        main
C:   00000199  A$main$1739                        main
C:   00000199  C$util.h$100$1$19                  main
C:   0000019B  A$main$1740                        main
C:   0000019D  A$main$1741                        main
C:   000001A0  A$main$1742                        main
C:   000001A3  A$main$1745                        main
C:   000001A3  C$util.h$101$1$19                  main
C:   000001A5  A$main$1746                        main
C:   000001A7  A$main$1747                        main
C:   000001AA  A$main$1748                        main
C:   000001AD  A$main$1751                        main
C:   000001AD  C$util.h$102$1$19                  main
C:   000001AF  A$main$1752                        main
C:   000001B1  A$main$1753                        main
C:   000001B4  A$main$1754                        main
C:   000001B7  A$main$1757                        main
C:   000001B7  C$util.h$103$1$19                  main
C:   000001B9  A$main$1758                        main
C:   000001BB  A$main$1759                        main
C:   000001BE  A$main$1760                        main
C:   000001C1  A$main$1763                        main
C:   000001C1  C$util.h$104$1$19                  main
C:   000001C3  A$main$1764                        main
C:   000001C5  A$main$1765                        main
C:   000001C8  A$main$1766                        main
C:   000001CB  A$main$1769                        main
C:   000001CB  C$util.h$105$1$19                  main
C:   000001CD  A$main$1770                        main
C:   000001CF  A$main$1771                        main
C:   000001D2  A$main$1772                        main
C:   000001D5  A$main$1775                        main
C:   000001D5  C$util.h$106$1$19                  main
C:   000001D7  A$main$1776                        main
C:   000001D9  A$main$1777                        main
C:   000001DC  A$main$1778                        main
C:   000001DF  A$main$1781                        main
C:   000001DF  C$util.h$107$1$19                  main
C:   000001DF  XG$Ini_LCDan$0$0                   main
ASxxxx Linker V03.00 + NoICE + sdld,  page 35.
Hexadecimal  [32-Bits]

Area                                    Addr        Size        Decimal Bytes (Attributes)
--------------------------------        ----        ----        ------- ----- ------------
CSEG                                00000062    00000764 =        1892. bytes (REL,CON,CODE)

      Value  Global                              Global Defined In Module
      -----  --------------------------------   ------------------------
C:   000001E0  A$main$1796                        main
C:   000001E0  C$main.c$5$1$19                    main
C:   000001E0  C$main.c$7$1$54                    main
C:   000001E0  G$putchar$0$0                      main
C:   000001E0  _putchar                           main
C:   000001E2  A$main$1797                        main
C:   000001E4  A$main$1798                        main
C:   000001E7  A$main$1801                        main
C:   000001E7  C$main.c$8$1$54                    main
C:   000001E7  XG$putchar$0$0                     main
C:   000001E8  A$main$1819                        main
C:   000001E8  C$main.c$10$1$54                   main
C:   000001E8  G$desl_string$0$0                  main
C:   000001E8  _desl_string                       main
C:   000001EB  A$main$1820                        main
C:   000001EE  A$main$1823                        main
C:   000001EE  C$main.c$12$1$56                   main
C:   000001F0  A$main$1824                        main
C:   000001F2  A$main$1825                        main
C:   000001F4  A$main$1826                        main
C:   000001F6  A$main$1827                        main
C:   000001F8  A$main$1828                        main
C:   000001FA  A$main$1829                        main
C:   000001FD  A$main$1830                        main
C:   000001FF  A$main$1831                        main
C:   00000201  A$main$1834                        main
C:   00000201  C$main.c$16$1$56                   main
C:   00000203  A$main$1835                        main
C:   00000205  A$main$1836                        main
C:   00000208  A$main$1837                        main
C:   0000020A  A$main$1838                        main
C:   0000020C  A$main$1839                        main
C:   0000020F  A$main$1842                        main
C:   0000020F  C$main.c$17$1$56                   main
C:   00000211  A$main$1843                        main
C:   00000213  A$main$1844                        main
C:   00000215  A$main$1845                        main
C:   00000217  A$main$1846                        main
C:   00000219  A$main$1847                        main
C:   0000021B  A$main$1848                        main
C:   0000021D  A$main$1849                        main
C:   0000021F  A$main$1850                        main
C:   00000221  A$main$1851                        main
C:   00000223  A$main$1852                        main
C:   00000226  A$main$1853                        main
C:   00000228  A$main$1854                        main
C:   0000022A  A$main$1855                        main
C:   0000022C  A$main$1856                        main
C:   0000022E  A$main$1857                        main
C:   00000230  A$main$1860                        main
C:   00000232  A$main$1861                        main
ASxxxx Linker V03.00 + NoICE + sdld,  page 36.
Hexadecimal  [32-Bits]

Area                                    Addr        Size        Decimal Bytes (Attributes)
--------------------------------        ----        ----        ------- ----- ------------
CSEG                                00000062    00000764 =        1892. bytes (REL,CON,CODE)

      Value  Global                              Global Defined In Module
      -----  --------------------------------   ------------------------
C:   00000233  A$main$1862                        main
C:   00000234  A$main$1863                        main
C:   00000235  A$main$1864                        main
C:   00000236  A$main$1865                        main
C:   00000237  A$main$1866                        main
C:   00000239  A$main$1867                        main
C:   0000023B  A$main$1869                        main
C:   0000023C  A$main$1870                        main
C:   0000023D  A$main$1871                        main
C:   0000023E  A$main$1872                        main
C:   0000023F  A$main$1873                        main
C:   00000240  A$main$1874                        main
C:   00000242  A$main$1877                        main
C:   00000242  C$main.c$24$1$56                   main
C:   00000244  A$main$1878                        main
C:   00000246  A$main$1880                        main
C:   00000248  A$main$1881                        main
C:   0000024A  A$main$1882                        main
C:   0000024B  A$main$1883                        main
C:   0000024C  A$main$1884                        main
C:   0000024D  A$main$1885                        main
C:   0000024E  A$main$1886                        main
C:   0000024F  A$main$1887                        main
C:   00000251  A$main$1890                        main
C:   00000251  C$main.c$25$2$57                   main
C:   00000253  A$main$1891                        main
C:   00000255  A$main$1892                        main
C:   00000258  A$main$1893                        main
C:   0000025A  A$main$1894                        main
C:   0000025C  A$main$1895                        main
C:   0000025E  A$main$1896                        main
C:   00000260  A$main$1897                        main
C:   00000262  A$main$1898                        main
C:   00000264  A$main$1899                        main
C:   00000267  A$main$1900                        main
C:   00000269  A$main$1901                        main
C:   0000026B  A$main$1902                        main
C:   0000026D  A$main$1903                        main
C:   0000026F  A$main$1904                        main
C:   00000271  A$main$1905                        main
C:   00000273  A$main$1908                        main
C:   00000273  C$main.c$24$2$57                   main
C:   00000274  A$main$1909                        main
C:   00000277  A$main$1910                        main
C:   00000278  A$main$1911                        main
C:   0000027A  A$main$1915                        main
C:   0000027A  C$main.c$27$2$57                   main
C:   0000027D  A$main$1916                        main
C:   00000280  A$main$1917                        main
C:   00000282  A$main$1918                        main
C:   00000284  A$main$1919                        main
ASxxxx Linker V03.00 + NoICE + sdld,  page 37.
Hexadecimal  [32-Bits]

Area                                    Addr        Size        Decimal Bytes (Attributes)
--------------------------------        ----        ----        ------- ----- ------------
CSEG                                00000062    00000764 =        1892. bytes (REL,CON,CODE)

      Value  Global                              Global Defined In Module
      -----  --------------------------------   ------------------------
C:   00000286  A$main$1920                        main
C:   00000288  A$main$1921                        main
C:   0000028B  A$main$1922                        main
C:   0000028D  A$main$1923                        main
C:   0000028F  A$main$1924                        main
C:   00000291  A$main$1925                        main
C:   00000293  A$main$1928                        main
C:   00000293  C$main.c$21$1$56                   main
C:   00000294  A$main$1929                        main
C:   00000297  A$main$1930                        main
C:   00000298  A$main$1931                        main
C:   0000029A  A$main$1935                        main
C:   0000029A  C$main.c$31$1$56                   main
C:   0000029C  A$main$1936                        main
C:   0000029E  A$main$1937                        main
C:   000002A1  A$main$1938                        main
C:   000002A4  A$main$1941                        main
C:   000002A4  C$main.c$32$1$56                   main
C:   000002A4  XG$desl_string$0$0                 main
C:   000002A5  A$main$1954                        main
C:   000002A5  C$main.c$35$1$56                   main
C:   000002A5  C$main.c$37$1$59                   main
C:   000002A5  G$main$0$0                         main
C:   000002A5  _main                              main
C:   000002A8  A$main$1957                        main
C:   000002A8  C$main.c$38$1$59                   main
C:   000002AB  A$main$1960                        main
C:   000002AB  C$main.c$40$1$59                   main
C:   000002AE  A$main$1963                        main
C:   000002AE  C$main.c$42$1$59                   main
C:   000002B0  A$main$1964                        main
C:   000002B2  A$main$1965                        main
C:   000002B5  A$main$1966                        main
C:   000002B8  A$main$1969                        main
C:   000002B8  C$main.c$44$1$59                   main
C:   000002BB  A$main$1970                        main
C:   000002BE  A$main$1971                        main
C:   000002C1  A$main$1972                        main
C:   000002C4  A$main$1973                        main
C:   000002C7  A$main$1977                        main
C:   000002C7  C$main.c$45$1$59                   main
C:   000002C9  A$main$1980                        main
C:   000002C9  C$main.c$49$1$59                   main
C:   000002C9  XG$main$0$0                        main
C:   000002CA  _printf_fast_f                     printf_fast_f
C:   0000074B  fs_rshift_a                        _fsrshift
C:   0000078E  _strlen                            _strlen
C:   000007A6  __gptrget                          _gptrget
C:   000007C2  __sdcc_external_startup            _startup
ASxxxx Linker V03.00 + NoICE + sdld,  page 38.
Hexadecimal  [32-Bits]

Area                                    Addr        Size        Decimal Bytes (Attributes)
--------------------------------        ----        ----        ------- ----- ------------
CONST                               000007C6    000001E5 =         485. bytes (REL,CON,CODE)

      Value  Global                              Global Defined In Module
      -----  --------------------------------   ------------------------
C:   000007C6  Fmain$__str_0$0$0                  main
C:   000007C9  Fmain$__str_1$0$0                  main

ASxxxx Linker V03.00 + NoICE + sdld,  page 39.

Files Linked                              [ module(s) ]

Z:\micap\LCD\main.rel                     [  ]


Libraries Linked                          [ object file ]

C:\Program Files\SDCC\bin\..\lib\small/libsdcc.lib
                                          [ printf_fast_f.rel ]
C:\Program Files\SDCC\bin\..\lib\small/mcs51.lib
                                          [ crtclear.rel ]
C:\Program Files\SDCC\bin\..\lib\small/libfloat.lib
                                          [ _fsrshift.rel ]
C:\Program Files\SDCC\bin\..\lib\small/mcs51.lib
                                          [ crtxinit.rel ]
C:\Program Files\SDCC\bin\..\lib\small/mcs51.lib
                                          [ crtxclear.rel ]
C:\Program Files\SDCC\bin\..\lib\small/libsdcc.lib
                                          [ _bp.rel ]
C:\Program Files\SDCC\bin\..\lib\small/libsdcc.lib
                                          [ _strlen.rel ]
C:\Program Files\SDCC\bin\..\lib\small/mcs51.lib
                                          [ crtstart.rel ]
C:\Program Files\SDCC\bin\..\lib\small/libsdcc.lib
                                          [ _gptrget.rel ]
C:\Program Files\SDCC\bin\..\lib\small/libsdcc.lib
                                          [ _startup.rel ]

ASxxxx Linker V03.00 + NoICE + sdld,  page 40.

User Base Address Definitions

HOME = 0x0000
XSEG = 0x0001
PSEG = 0x0001
ISEG = 0x0000
BSEG = 0x0000

